Archive member included because of file (symbol)

core.a(wiring.o)              brake.o (delay)
core.a(wiring_analog.o)       sketch_mar12a.o (analogReadResolution)
core.a(wiring_digital.o)      sketch_mar12a.o (pinMode)
core.a(main.o)                c:/users/markus_user/programme/arduino-1.7.9.org-windows/arduino-1.7.9/hardware/tools/gcc-arm-none-eabi-4.8.3-2014q1/bin/../lib/gcc/arm-none-eabi/4.8.3/../../../../arm-none-eabi/lib/armv7-m/crt0.o (main)
core.a(Print.o)               evaluation.o (Print::print(char const*))
core.a(RingBuffer.o)          variant.o (RingBuffer::RingBuffer())
core.a(UARTClass.o)           variant.o (UARTClass::available())
core.a(USARTClass.o)          variant.o (USARTClass::USARTClass(Usart*, IRQn, unsigned long, RingBuffer*, RingBuffer*))
core.a(USBCore.o)             core.a(main.o) (USBDevice_::attach())
core.a(WString.o)             sketch_mar12a.o (String::~String())
core.a(dtostrf.o)             core.a(WString.o) (dtostrf)
core.a(hooks.o)               core.a(wiring.o) (yield)
core.a(itoa.o)                core.a(WString.o) (ltoa)
core.a(CDC.o)                 core.a(USBCore.o) (Serial_::accept())
core.a(HID.o)                 core.a(USBCore.o) (HID_GetInterface(unsigned char*))
core.a(Reset.o)               core.a(CDC.o) (initiateReset)
C:/Users/Markus_User/programme/arduino-1.7.9.org-windows/arduino-1.7.9/hardware/arduino/sam/variants/arduino_due_x/libsam_sam3x8e_gcc_rel.a(pio.o)
                              core.a(wiring_digital.o) (PIO_PullUp)
C:/Users/Markus_User/programme/arduino-1.7.9.org-windows/arduino-1.7.9/hardware/arduino/sam/variants/arduino_due_x/libsam_sam3x8e_gcc_rel.a(pmc.o)
                              variant.o (pmc_enable_periph_clk)
C:/Users/Markus_User/programme/arduino-1.7.9.org-windows/arduino-1.7.9/hardware/arduino/sam/variants/arduino_due_x/libsam_sam3x8e_gcc_rel.a(pwmc.o)
                              core.a(wiring_analog.o) (PWMC_ConfigureChannel)
C:/Users/Markus_User/programme/arduino-1.7.9.org-windows/arduino-1.7.9/hardware/arduino/sam/variants/arduino_due_x/libsam_sam3x8e_gcc_rel.a(tc.o)
                              core.a(wiring_analog.o) (TC_Configure)
C:/Users/Markus_User/programme/arduino-1.7.9.org-windows/arduino-1.7.9/hardware/arduino/sam/variants/arduino_due_x/libsam_sam3x8e_gcc_rel.a(timetick.o)
                              core.a(wiring.o) (GetTickCount)
C:/Users/Markus_User/programme/arduino-1.7.9.org-windows/arduino-1.7.9/hardware/arduino/sam/variants/arduino_due_x/libsam_sam3x8e_gcc_rel.a(wdt.o)
                              variant.o (WDT_Disable)
C:/Users/Markus_User/programme/arduino-1.7.9.org-windows/arduino-1.7.9/hardware/arduino/sam/variants/arduino_due_x/libsam_sam3x8e_gcc_rel.a(system_sam3xa.o)
                              variant.o (SystemInit)
C:/Users/Markus_User/programme/arduino-1.7.9.org-windows/arduino-1.7.9/hardware/arduino/sam/variants/arduino_due_x/libsam_sam3x8e_gcc_rel.a(startup_sam3xa.o)
                              (Reset_Handler)
C:/Users/Markus_User/programme/arduino-1.7.9.org-windows/arduino-1.7.9/hardware/arduino/sam/variants/arduino_due_x/libsam_sam3x8e_gcc_rel.a(adc.o)
                              variant.o (adc_init)
C:/Users/Markus_User/programme/arduino-1.7.9.org-windows/arduino-1.7.9/hardware/arduino/sam/variants/arduino_due_x/libsam_sam3x8e_gcc_rel.a(uotghs.o)
                              C:/Users/Markus_User/programme/arduino-1.7.9.org-windows/arduino-1.7.9/hardware/arduino/sam/variants/arduino_due_x/libsam_sam3x8e_gcc_rel.a(startup_sam3xa.o) (UOTGHS_Handler)
C:/Users/Markus_User/programme/arduino-1.7.9.org-windows/arduino-1.7.9/hardware/arduino/sam/variants/arduino_due_x/libsam_sam3x8e_gcc_rel.a(interrupt_sam_nvic.o)
                              core.a(USBCore.o) (g_interrupt_enabled)
C:/Users/Markus_User/programme/arduino-1.7.9.org-windows/arduino-1.7.9/hardware/arduino/sam/variants/arduino_due_x/libsam_sam3x8e_gcc_rel.a(uotghs_device.o)
                              core.a(USBCore.o) (UDD_SetStack)
C:/Users/Markus_User/programme/arduino-1.7.9.org-windows/arduino-1.7.9/hardware/arduino/sam/variants/arduino_due_x/libsam_sam3x8e_gcc_rel.a(dacc.o)
                              core.a(wiring_analog.o) (dacc_reset)
libraries.a(servo.o)          C:/Users/Markus_User/programme/arduino-1.7.9.org-windows/arduino-1.7.9/hardware/arduino/sam/variants/arduino_due_x/libsam_sam3x8e_gcc_rel.a(startup_sam3xa.o) (TC3_Handler)
core.a(cortex_handlers.o)     C:/Users/Markus_User/programme/arduino-1.7.9.org-windows/arduino-1.7.9/hardware/arduino/sam/variants/arduino_due_x/libsam_sam3x8e_gcc_rel.a(startup_sam3xa.o) (NMI_Handler)
core.a(WMath.o)               libraries.a(servo.o) (map(long, long, long, long, long))
c:/users/markus_user/programme/arduino-1.7.9.org-windows/arduino-1.7.9/hardware/tools/gcc-arm-none-eabi-4.8.3-2014q1/bin/../lib/gcc/arm-none-eabi/4.8.3/armv7-m\libgcc.a(_arm_addsubdf3.o)
                              core.a(Print.o) (__aeabi_dsub)
[...]
Memory Configuration

Name             Origin             Length             Attributes
rom              0x00080000         0x00080000         xr
sram0            0x20000000         0x00010000         xrw
sram1            0x20080000         0x00008000         xrw
ram              0x20070000         0x00018000         xrw
*default*        0x00000000         0xffffffff

Linker script and memory map

LOAD c:/users/markus_user/programme/arduino-1.7.9.org-windows/arduino-1.7.9/hardware/tools/gcc-arm-none-eabi-4.8.3-2014q1/bin/../lib/gcc/arm-none-eabi/4.8.3/armv7-m/crti.o
LOAD c:/users/markus_user/programme/arduino-1.7.9.org-windows/arduino-1.7.9/hardware/tools/gcc-arm-none-eabi-4.8.3-2014q1/bin/../lib/gcc/arm-none-eabi/4.8.3/armv7-m/crtbegin.o
LOAD c:/users/markus_user/programme/arduino-1.7.9.org-windows/arduino-1.7.9/hardware/tools/gcc-arm-none-eabi-4.8.3-2014q1/bin/../lib/gcc/arm-none-eabi/4.8.3/../../../../arm-none-eabi/lib/armv7-m/crt0.o
LOAD c:/users/markus_user/programme/arduino-1.7.9.org-windows/arduino-1.7.9/hardware/tools/gcc-arm-none-eabi-4.8.3-2014q1/bin/../lib/gcc/arm-none-eabi/4.8.3/../../../../arm-none-eabi/lib/armv7-m\libm.a
START GROUP
LOAD syscalls_sam3.o
LOAD brake.o
LOAD evaluation.o
LOAD servoControl.o
LOAD sketch_mar12a.o
LOAD variant.o
LOAD core.a
LOAD C:/Users/Markus_User/programme/arduino-1.7.9.org-windows/arduino-1.7.9/hardware/arduino/sam/variants/arduino_due_x/libsam_sam3x8e_gcc_rel.a
LOAD libraries.a
END GROUP
START GROUP
LOAD c:/users/markus_user/programme/arduino-1.7.9.org-windows/arduino-1.7.9/hardware/tools/gcc-arm-none-eabi-4.8.3-2014q1/bin/../lib/gcc/arm-none-eabi/4.8.3/armv7-m\libgcc.a
LOAD c:/users/markus_user/programme/arduino-1.7.9.org-windows/arduino-1.7.9/hardware/tools/gcc-arm-none-eabi-4.8.3-2014q1/bin/../lib/gcc/arm-none-eabi/4.8.3/../../../../arm-none-eabi/lib/armv7-m\libg.a
LOAD c:/users/markus_user/programme/arduino-1.7.9.org-windows/arduino-1.7.9/hardware/tools/gcc-arm-none-eabi-4.8.3-2014q1/bin/../lib/gcc/arm-none-eabi/4.8.3/../../../../arm-none-eabi/lib/armv7-m\libc.a
END GROUP
LOAD c:/users/markus_user/programme/arduino-1.7.9.org-windows/arduino-1.7.9/hardware/tools/gcc-arm-none-eabi-4.8.3-2014q1/bin/../lib/gcc/arm-none-eabi/4.8.3/armv7-m/crtend.o
LOAD c:/users/markus_user/programme/arduino-1.7.9.org-windows/arduino-1.7.9/hardware/tools/gcc-arm-none-eabi-4.8.3-2014q1/bin/../lib/gcc/arm-none-eabi/4.8.3/armv7-m/crtn.o

.text           0x00080000     0x7488
                0x00080000                . = ALIGN (0x4)
                0x00080000                _sfixed = .
 *(.vectors .vectors.*)
 .vectors       0x00080000       0xf4 C:/Users/Markus_User/programme/arduino-1.7.9.org-windows/arduino-1.7.9/hardware/arduino/sam/variants/arduino_due_x/libsam_sam3x8e_gcc_rel.a(startup_sam3xa.o)
                0x00080000                exception_table
 *(.text .text.* .gnu.linkonce.t.*)
 .text          0x000800f4       0x54 c:/users/markus_user/programme/arduino-1.7.9.org-windows/arduino-1.7.9/hardware/tools/gcc-arm-none-eabi-4.8.3-2014q1/bin/../lib/gcc/arm-none-eabi/4.8.3/armv7-m/crtbegin.o
 .text._sbrk    0x00080148       0x1c syscalls_sam3.o
                0x00080148                _sbrk
 .text._close   0x00080164        0x6 syscalls_sam3.o
                0x00080164                _close
 .text._fstat   0x0008016a        0xa syscalls_sam3.o
                0x0008016a                _fstat
 .text._isatty  0x00080174        0x4 syscalls_sam3.o
                0x00080174                _isatty
 .text._lseek   0x00080178        0x4 syscalls_sam3.o
                0x00080178                _lseek
 .text._read    0x0008017c        0x4 syscalls_sam3.o
                0x0008017c                _read
 .text._write   0x00080180       0x24 syscalls_sam3.o
                0x00080180                _write
 .text._exit    0x000801a4       0x10 syscalls_sam3.o
                0x000801a4                _exit
 .text._kill    0x000801b4        0x2 syscalls_sam3.o
                0x000801b4                _kill
 .text._getpid  0x000801b6        0x6 syscalls_sam3.o
                0x000801b6                _getpid
 .text._Z14getBrakeStatusv
                0x000801bc        0xc brake.o
                0x000801bc                getBrakeStatus()
 .text._Z10applyBrakev
                0x000801c8       0x30 brake.o
                0x000801c8                applyBrake()
 .text._Z12releaseBrakev
                0x000801f8       0x30 brake.o
                0x000801f8                releaseBrake()
 .text._Z9brakeInitv
                0x00080228       0x28 brake.o
                0x00080228                brakeInit()
 .text._Z16evaluateVccSensef
                0x00080250       0x18 evaluation.o
                0x00080250                evaluateVccSense(float)
 .text._Z16evaluateGndSensef
                0x00080268       0x28 evaluation.o
                0x00080268                evaluateGndSense(float)
 .text._Z14evaluateSwitchf
                0x00080290      0x2b0 evaluation.o
                0x00080290                evaluateSwitch(float)
 .text._Z18analyseSystemState12voltIntervalS_ff
                0x00080540       0xd8 evaluation.o
                0x00080540                analyseSystemState(voltInterval, voltInterval, float, float)
 .text._Z11getServoPosh
                0x00080618       0x60 servoControl.o
                0x00080618                getServoPos(unsigned char)
 .text._Z12readVccSensev
                0x00080678       0x28 sketch_mar12a.o
                0x00080678                readVccSense()
 .text._Z12readGndSensev
                0x000806a0       0x28 sketch_mar12a.o
                0x000806a0                readGndSense()
 .text._Z16readSwitchSense1v
                0x000806c8       0x28 sketch_mar12a.o
                0x000806c8                readSwitchSense1()
 .text._Z16readSwitchSense2v
                0x000806f0       0x28 sketch_mar12a.o
                0x000806f0                readSwitchSense2()
 .text._Z11reportError6String
                0x00080718       0x1c sketch_mar12a.o
                0x00080718                reportError(String)
 .text.loop     0x00080734      0x134 sketch_mar12a.o
                0x00080734                loop
 .text.startup._GLOBAL__sub_I_brakeSimulator
                0x00080868        0xc sketch_mar12a.o
 .text.setup    0x00080874       0x5c sketch_mar12a.o
                0x00080874                setup
 .text._Z11serialEventv
                0x000808d0        0x2 variant.o
                0x000808d0                serialEvent()
 *fill*         0x000808d2        0x2 
 .text.UART_Handler
                0x000808d4        0xc variant.o
                0x000808d4                UART_Handler
 .text._Z12serialEvent1v
                0x000808e0        0x2 variant.o
                0x000808e0                serialEvent1()
 .text._Z12serialEvent2v
                0x000808e2        0x2 variant.o
                0x000808e2                serialEvent2()
 .text._Z12serialEvent3v
                0x000808e4        0x2 variant.o
                0x000808e4                serialEvent3()
 *fill*         0x000808e6        0x2 
 .text.USART0_Handler
                0x000808e8        0xc variant.o
                0x000808e8                USART0_Handler
 .text.USART1_Handler
                0x000808f4        0xc variant.o
                0x000808f4                USART1_Handler
 .text.USART3_Handler
                0x00080900        0xc variant.o
                0x00080900                USART3_Handler
 .text.init     0x0008090c      0x130 variant.o
                0x0008090c                init
 .text.startup._GLOBAL__sub_I_g_APinDescription
                0x00080a3c       0xd4 variant.o
 .text._Z14serialEventRunv
                0x00080b10       0x44 variant.o
                0x00080b10                serialEventRun()
 .text.delay    0x00080b54       0x1c core.a(wiring.o)
                0x00080b54                delay
 .text.mapResolution
                0x00080b70       0x12 core.a(wiring_analog.o)
 *fill*         0x00080b82        0x2 
 .text.analogReadResolution
                0x00080b84        0xc core.a(wiring_analog.o)
                0x00080b84                analogReadResolution
 .text.analogRead
                0x00080b90       0x74 core.a(wiring_analog.o)
                0x00080b90                analogRead
 .text.analogOutputInit
                0x00080c04       0x14 core.a(wiring_analog.o)
                0x00080c04                analogOutputInit
 .text.pinMode  0x00080c18       0x64 core.a(wiring_digital.o)
                0x00080c18                pinMode
 .text.digitalWrite
                0x00080c7c       0x48 core.a(wiring_digital.o)
                0x00080c7c                digitalWrite
 .text.initVariant
                0x00080cc4        0x2 core.a(main.o)
                0x00080cc4                initVariant
 *fill*         0x00080cc6        0x2 
 .text.startup.main
                0x00080cc8       0x34 core.a(main.o)
                0x00080cc8                main
 .text._ZN5Print5writeEPKhj
                0x00080cfc       0x22 core.a(Print.o)
                0x00080cfc                Print::write(unsigned char const*, unsigned int)
 .text._ZN5Print5writeEPKc
                0x00080d1e       0x1e core.a(Print.o)
                0x00080d1e                Print::write(char const*)
 .text._ZN5Print5printERK6String
                0x00080d3c       0x10 core.a(Print.o)
                0x00080d3c                Print::print(String const&)
 .text._ZN5Print5printEPKc
                0x00080d4c        0x8 core.a(Print.o)
                0x00080d4c                Print::print(char const*)
 .text._ZN5Print5printEc
                0x00080d54        0xa core.a(Print.o)
                0x00080d54                Print::print(char)
 .text._ZN5Print7printlnEv
                0x00080d5e       0x18 core.a(Print.o)
                0x00080d5e                Print::println()
 .text._ZN5Print7printlnERK6String
                0x00080d76       0x14 core.a(Print.o)
                0x00080d76                Print::println(String const&)
 .text._ZN5Print7printlnEPKc
                0x00080d8a       0x14 core.a(Print.o)
                0x00080d8a                Print::println(char const*)
 .text._ZN5Print11printNumberEmh
                0x00080d9e       0x3c core.a(Print.o)
                0x00080d9e                Print::printNumber(unsigned long, unsigned char)
 .text._ZN5Print5printEli
                0x00080dda       0x3c core.a(Print.o)
                0x00080dda                Print::print(long, int)
 .text._ZN5Print7printlnEii
                0x00080e16       0x14 core.a(Print.o)
                0x00080e16                Print::println(int, int)
 *fill*         0x00080e2a        0x2 
 .text._ZN5Print10printFloatEdh
                0x00080e2c      0x14c core.a(Print.o)
                0x00080e2c                Print::printFloat(double, unsigned char)
 .text._ZN5Print5printEdi
                0x00080f78        0xa core.a(Print.o)
                0x00080f78                Print::print(double, int)
 .text._ZN5Print7printlnEdi
                0x00080f82       0x1c core.a(Print.o)
                0x00080f82                Print::println(double, int)
 .text._ZN10RingBufferC2Ev
                0x00080f9e       0x1a core.a(RingBuffer.o)
                0x00080f9e                RingBuffer::RingBuffer()
                0x00080f9e                RingBuffer::RingBuffer()
 .text._ZN10RingBuffer10store_charEh
                0x00080fb8       0x1e core.a(RingBuffer.o)
                0x00080fb8                RingBuffer::store_char(unsigned char)
 .text._ZN9UARTClasscvbEv
                0x00080fd6        0x4 core.a(UARTClass.o)
                0x00080fd6                UARTClass::operator bool()
 .text._ZN9UARTClass9availableEv
                0x00080fda       0x12 core.a(UARTClass.o)
                0x00080fda                UARTClass::available()
 .text._ZN9UARTClass4peekEv
                0x00080fec       0x1c core.a(UARTClass.o)
                0x00080fec                UARTClass::peek()
 .text._ZN9UARTClass4readEv
                0x00081008       0x2a core.a(UARTClass.o)
                0x00081008                UARTClass::read()
 .text._ZN9UARTClass5flushEv
                0x00081032       0x18 core.a(UARTClass.o)
                0x00081032                UARTClass::flush()
 *fill*         0x0008104a        0x2 
 .text._ZN9UARTClass5writeEh
                0x0008104c       0x54 core.a(UARTClass.o)
                0x0008104c                UARTClass::write(unsigned char)
 .text._ZN9UARTClass3endEv
                0x000810a0       0x3c core.a(UARTClass.o)
                0x000810a0                UARTClass::end()
 .text._ZN9UARTClassC2EP4Uart4IRQnmP10RingBufferS4_
                0x000810dc       0x24 core.a(UARTClass.o)
                0x000810dc                UARTClass::UARTClass(Uart*, IRQn, unsigned long, RingBuffer*, RingBuffer*)
                0x000810dc                UARTClass::UARTClass(Uart*, IRQn, unsigned long, RingBuffer*, RingBuffer*)
 .text._ZN9UARTClass4initEmm
                0x00081100       0x70 core.a(UARTClass.o)
                0x00081100                UARTClass::init(unsigned long, unsigned long)
 .text._ZN9UARTClass5beginEm
                0x00081170        0x8 core.a(UARTClass.o)
                0x00081170                UARTClass::begin(unsigned long)
 .text._ZN9UARTClass10IrqHandlerEv
                0x00081178       0x5a core.a(UARTClass.o)
                0x00081178                UARTClass::IrqHandler()
 .text._ZN10USARTClass5beginEm
                0x000811d2        0x8 core.a(USARTClass.o)
                0x000811d2                USARTClass::begin(unsigned long)
 *fill*         0x000811da        0x2 
 .text._ZN10USARTClassC2EP5Usart4IRQnmP10RingBufferS4_
                0x000811dc       0x24 core.a(USARTClass.o)
                0x000811dc                USARTClass::USARTClass(Usart*, IRQn, unsigned long, RingBuffer*, RingBuffer*)
                0x000811dc                USARTClass::USARTClass(Usart*, IRQn, unsigned long, RingBuffer*, RingBuffer*)
 .text.unlikely._ZL11USB_SendZlpv
                0x00081200       0x20 core.a(USBCore.o)
 .text._Z14USBD_Availablem
                0x00081220       0x2c core.a(USBCore.o)
                0x00081220                USBD_Available(unsigned long)
 .text._Z9USBD_RecvmPvm
                0x0008124c       0x7c core.a(USBCore.o)
                0x0008124c                USBD_Recv(unsigned long, void*, unsigned long)
 .text._Z9USBD_Recvm
                0x000812c8       0x22 core.a(USBCore.o)
                0x000812c8                USBD_Recv(unsigned long)
 *fill*         0x000812ea        0x2 
 .text._Z9USBD_SendmPKvm
                0x000812ec       0x4c core.a(USBCore.o)
                0x000812ec                USBD_Send(unsigned long, void const*, unsigned long)
 .text._Z16USBD_SendControlhPKvm
                0x00081338       0x40 core.a(USBCore.o)
                0x00081338                USBD_SendControl(unsigned char, void const*, unsigned long)
 .text.unlikely._ZL24USB_SendStringDescriptorPKhi
                0x00081378       0x38 core.a(USBCore.o)
 .text._Z16USBD_RecvControlPvm
                0x000813b0       0x1c core.a(USBCore.o)
                0x000813b0                USBD_RecvControl(void*, unsigned long)
 .text._Z26USBD_ClassInterfaceRequestR5Setup
                0x000813cc       0x14 core.a(USBCore.o)
                0x000813cc                USBD_ClassInterfaceRequest(Setup&)
 .text._Z19USBD_SendInterfacesv
                0x000813e0       0x1e core.a(USBCore.o)
                0x000813e0                USBD_SendInterfaces()
 .text._Z24USBD_SendOtherInterfacesv
                0x000813fe       0x1e core.a(USBCore.o)
                0x000813fe                USBD_SendOtherInterfaces()
 .text._Z10USBD_Flushm
                0x0008141c       0x16 core.a(USBCore.o)
                0x0008141c                USBD_Flush(unsigned long)
 *fill*         0x00081432        0x2 
 .text._ZN10USBDevice_C2Ev
                0x00081434       0x24 core.a(USBCore.o)
                0x00081434                USBDevice_::USBDevice_()
                0x00081434                USBDevice_::USBDevice_()
 .text._ZN10USBDevice_6attachEv
                0x00081458       0x20 core.a(USBCore.o)
                0x00081458                USBDevice_::attach()
 .text.startup._GLOBAL__sub_I_TxLEDPulse
                0x00081478        0xc core.a(USBCore.o)
 .text._ZL7USB_ISRv
                0x00081484      0x424 core.a(USBCore.o)
 .text._ZN6StringD2Ev
                0x000818a8        0xe core.a(WString.o)
                0x000818a8                String::~String()
                0x000818a8                String::~String()
 .text._ZN6String10invalidateEv
                0x000818b6       0x16 core.a(WString.o)
                0x000818b6                String::invalidate()
 .text._ZN6String12changeBufferEj
                0x000818cc       0x18 core.a(WString.o)
                0x000818cc                String::changeBuffer(unsigned int)
 .text._ZN6String7reserveEj
                0x000818e4       0x22 core.a(WString.o)
                0x000818e4                String::reserve(unsigned int)
 .text._ZN6String4copyEPKcj
                0x00081906       0x26 core.a(WString.o)
                0x00081906                String::copy(char const*, unsigned int)
 .text._ZN6StringC2EPKc
                0x0008192c       0x24 core.a(WString.o)
                0x0008192c                String::String(char const*)
                0x0008192c                String::String(char const*)
 .text.__empty  0x00081950        0x2 core.a(hooks.o)
                0x00081950                yield
 .text.__false  0x00081952        0x4 core.a(hooks.o)
                0x00081952                sysTickHook
 .text.__halt   0x00081956        0x2 core.a(hooks.o)
                0x00081956                svcHook
                0x00081956                pendSVHook
 .text._ZN7Serial_9availableEv
                0x00081958       0x18 core.a(CDC.o)
                0x00081958                Serial_::available()
 .text._ZN7Serial_4peekEv
                0x00081970       0x20 core.a(CDC.o)
                0x00081970                Serial_::peek()
 .text._ZN7Serial_5writeEh
                0x00081990       0x16 core.a(CDC.o)
                0x00081990                Serial_::write(unsigned char)
 *fill*         0x000819a6        0x2 
 .text._ZN7Serial_4readEv
                0x000819a8       0x44 core.a(CDC.o)
                0x000819a8                Serial_::read()
 .text._ZN7Serial_5flushEv
                0x000819ec        0x6 core.a(CDC.o)
                0x000819ec                Serial_::flush()
 *fill*         0x000819f2        0x2 
 .text._ZN7Serial_6acceptEv
                0x000819f4       0x70 core.a(CDC.o)
                0x000819f4                Serial_::accept()
 .text._ZN7Serial_5writeEPKhj
                0x00081a64       0x2c core.a(CDC.o)
                0x00081a64                Serial_::write(unsigned char const*, unsigned int)
 .text._Z16CDC_GetInterfacePh
                0x00081a90       0x14 core.a(CDC.o)
                0x00081a90                CDC_GetInterface(unsigned char*)
 .text._Z21CDC_GetOtherInterfacePh
                0x00081aa4       0x14 core.a(CDC.o)
                0x00081aa4                CDC_GetOtherInterface(unsigned char*)
 .text._Z9CDC_SetupR5Setup
                0x00081ab8       0x64 core.a(CDC.o)
                0x00081ab8                CDC_Setup(Setup&)
 .text.startup._GLOBAL__sub_I_cdc_rx_buffer
                0x00081b1c       0x1c core.a(CDC.o)
 .text._ZN9Keyboard_5writeEh
                0x00081b38       0x1c core.a(HID.o)
                0x00081b38                Keyboard_::write(unsigned char)
 .text._Z16HID_GetInterfacePh
                0x00081b54       0x14 core.a(HID.o)
                0x00081b54                HID_GetInterface(unsigned char*)
 .text._Z17HID_GetDescriptori
                0x00081b68       0x10 core.a(HID.o)
                0x00081b68                HID_GetDescriptor(int)
 .text._Z14HID_SendReporthPKvm
                0x00081b78       0x2e core.a(HID.o)
                0x00081b78                HID_SendReport(unsigned char, void const*, unsigned long)
 *fill*         0x00081ba6        0x2 
 .text._Z9HID_SetupR5Setup
                0x00081ba8       0x40 core.a(HID.o)
                0x00081ba8                HID_Setup(Setup&)
 .text._ZN9Keyboard_10sendReportEP9KeyReport
                0x00081be8        0xc core.a(HID.o)
                0x00081be8                Keyboard_::sendReport(KeyReport*)
 .text._ZN9Keyboard_5pressEh
                0x00081bf4       0x88 core.a(HID.o)
                0x00081bf4                Keyboard_::press(unsigned char)
 .text._ZN9Keyboard_7releaseEh
                0x00081c7c       0x64 core.a(HID.o)
                0x00081c7c                Keyboard_::release(unsigned char)
 .text._ZN9Keyboard_10releaseAllEv
                0x00081ce0       0x18 core.a(HID.o)
                0x00081ce0                Keyboard_::releaseAll()
 .text.startup._GLOBAL__sub_I_Mouse
                0x00081cf8       0x1c core.a(HID.o)
 .text.initiateReset
                0x00081d14        0xc core.a(Reset.o)
                0x00081d14                initiateReset
 .text.cancelReset
                0x00081d20       0x10 core.a(Reset.o)
                0x00081d20                cancelReset
 .text.tickReset
                0x00081d30       0x20 core.a(Reset.o)
                0x00081d30                tickReset
 .text.PIO_DisableInterrupt
                0x00081d50        0x4 C:/Users/Markus_User/programme/arduino-1.7.9.org-windows/arduino-1.7.9/hardware/arduino/sam/variants/arduino_due_x/libsam_sam3x8e_gcc_rel.a(pio.o)
                0x00081d50                PIO_DisableInterrupt
 .text.PIO_PullUp
                0x00081d54        0xa C:/Users/Markus_User/programme/arduino-1.7.9.org-windows/arduino-1.7.9/hardware/arduino/sam/variants/arduino_due_x/libsam_sam3x8e_gcc_rel.a(pio.o)
                0x00081d54                PIO_PullUp
 .text.PIO_SetPeripheral
                0x00081d5e       0x2a C:/Users/Markus_User/programme/arduino-1.7.9.org-windows/arduino-1.7.9/hardware/arduino/sam/variants/arduino_due_x/libsam_sam3x8e_gcc_rel.a(pio.o)
                0x00081d5e                PIO_SetPeripheral
 .text.PIO_SetInput
                0x00081d88       0x40 C:/Users/Markus_User/programme/arduino-1.7.9.org-windows/arduino-1.7.9/hardware/arduino/sam/variants/arduino_due_x/libsam_sam3x8e_gcc_rel.a(pio.o)
                0x00081d88                PIO_SetInput
 .text.PIO_SetOutput
                0x00081dc8       0x38 C:/Users/Markus_User/programme/arduino-1.7.9.org-windows/arduino-1.7.9/hardware/arduino/sam/variants/arduino_due_x/libsam_sam3x8e_gcc_rel.a(pio.o)
                0x00081dc8                PIO_SetOutput
 .text.PIO_Configure
                0x00081e00       0x74 C:/Users/Markus_User/programme/arduino-1.7.9.org-windows/arduino-1.7.9/hardware/arduino/sam/variants/arduino_due_x/libsam_sam3x8e_gcc_rel.a(pio.o)
                0x00081e00                PIO_Configure
 .text.PIO_GetOutputDataStatus
                0x00081e74       0x16 C:/Users/Markus_User/programme/arduino-1.7.9.org-windows/arduino-1.7.9/hardware/arduino/sam/variants/arduino_due_x/libsam_sam3x8e_gcc_rel.a(pio.o)
                0x00081e74                PIO_GetOutputDataStatus
 *fill*         0x00081e8a        0x2 
 .text.pmc_enable_upll_clock
                0x00081e8c       0x18 C:/Users/Markus_User/programme/arduino-1.7.9.org-windows/arduino-1.7.9/hardware/arduino/sam/variants/arduino_due_x/libsam_sam3x8e_gcc_rel.a(pmc.o)
                0x00081e8c                pmc_enable_upll_clock
 .text.pmc_enable_periph_clk
                0x00081ea4       0x48 C:/Users/Markus_User/programme/arduino-1.7.9.org-windows/arduino-1.7.9/hardware/arduino/sam/variants/arduino_due_x/libsam_sam3x8e_gcc_rel.a(pmc.o)
                0x00081ea4                pmc_enable_periph_clk
 .text.pmc_disable_periph_clk
                0x00081eec       0x48 C:/Users/Markus_User/programme/arduino-1.7.9.org-windows/arduino-1.7.9/hardware/arduino/sam/variants/arduino_due_x/libsam_sam3x8e_gcc_rel.a(pmc.o)
                0x00081eec                pmc_disable_periph_clk
 .text.pmc_switch_udpck_to_upllck
                0x00081f34       0x14 C:/Users/Markus_User/programme/arduino-1.7.9.org-windows/arduino-1.7.9/hardware/arduino/sam/variants/arduino_due_x/libsam_sam3x8e_gcc_rel.a(pmc.o)
                0x00081f34                pmc_switch_udpck_to_upllck
 .text.pmc_enable_udpck
                0x00081f48        0xc C:/Users/Markus_User/programme/arduino-1.7.9.org-windows/arduino-1.7.9/hardware/arduino/sam/variants/arduino_due_x/libsam_sam3x8e_gcc_rel.a(pmc.o)
                0x00081f48                pmc_enable_udpck
 .text.TC_Configure
                0x00081f54       0x38 C:/Users/Markus_User/programme/arduino-1.7.9.org-windows/arduino-1.7.9/hardware/arduino/sam/variants/arduino_due_x/libsam_sam3x8e_gcc_rel.a(tc.o)
                0x00081f54                TC_Configure
 .text.TC_Start
                0x00081f8c       0x2c C:/Users/Markus_User/programme/arduino-1.7.9.org-windows/arduino-1.7.9/hardware/arduino/sam/variants/arduino_due_x/libsam_sam3x8e_gcc_rel.a(tc.o)
                0x00081f8c                TC_Start
 .text.TC_SetRA
                0x00081fb8        0x8 C:/Users/Markus_User/programme/arduino-1.7.9.org-windows/arduino-1.7.9/hardware/arduino/sam/variants/arduino_due_x/libsam_sam3x8e_gcc_rel.a(tc.o)
                0x00081fb8                TC_SetRA
 .text.TimeTick_Increment
                0x00081fc0       0x10 C:/Users/Markus_User/programme/arduino-1.7.9.org-windows/arduino-1.7.9/hardware/arduino/sam/variants/arduino_due_x/libsam_sam3x8e_gcc_rel.a(timetick.o)
                0x00081fc0                TimeTick_Increment
 .text.GetTickCount
                0x00081fd0        0xc C:/Users/Markus_User/programme/arduino-1.7.9.org-windows/arduino-1.7.9/hardware/arduino/sam/variants/arduino_due_x/libsam_sam3x8e_gcc_rel.a(timetick.o)
                0x00081fd0                GetTickCount
 .text.WDT_Disable
                0x00081fdc        0x8 C:/Users/Markus_User/programme/arduino-1.7.9.org-windows/arduino-1.7.9/hardware/arduino/sam/variants/arduino_due_x/libsam_sam3x8e_gcc_rel.a(wdt.o)
                0x00081fdc                WDT_Disable
 .text.SystemInit
                0x00081fe4       0x9c C:/Users/Markus_User/programme/arduino-1.7.9.org-windows/arduino-1.7.9/hardware/arduino/sam/variants/arduino_due_x/libsam_sam3x8e_gcc_rel.a(system_sam3xa.o)
                0x00081fe4                SystemInit
 .text.Reset_Handler
                0x00082080       0x70 C:/Users/Markus_User/programme/arduino-1.7.9.org-windows/arduino-1.7.9/hardware/arduino/sam/variants/arduino_due_x/libsam_sam3x8e_gcc_rel.a(startup_sam3xa.o)
                0x00082080                Reset_Handler
 .text.adc_init
                0x000820f0       0xa0 C:/Users/Markus_User/programme/arduino-1.7.9.org-windows/arduino-1.7.9/hardware/arduino/sam/variants/arduino_due_x/libsam_sam3x8e_gcc_rel.a(adc.o)
                0x000820f0                adc_init
 .text.adc_configure_trigger
                0x00082190       0x10 C:/Users/Markus_User/programme/arduino-1.7.9.org-windows/arduino-1.7.9/hardware/arduino/sam/variants/arduino_due_x/libsam_sam3x8e_gcc_rel.a(adc.o)
                0x00082190                adc_configure_trigger
 .text.adc_configure_timing
                0x000821a0       0x1a C:/Users/Markus_User/programme/arduino-1.7.9.org-windows/arduino-1.7.9/hardware/arduino/sam/variants/arduino_due_x/libsam_sam3x8e_gcc_rel.a(adc.o)
                0x000821a0                adc_configure_timing
 .text.adc_start
                0x000821ba        0x6 C:/Users/Markus_User/programme/arduino-1.7.9.org-windows/arduino-1.7.9/hardware/arduino/sam/variants/arduino_due_x/libsam_sam3x8e_gcc_rel.a(adc.o)
                0x000821ba                adc_start
 .text.adc_enable_channel
                0x000821c0        0x8 C:/Users/Markus_User/programme/arduino-1.7.9.org-windows/arduino-1.7.9/hardware/arduino/sam/variants/arduino_due_x/libsam_sam3x8e_gcc_rel.a(adc.o)
                0x000821c0                adc_enable_channel
 .text.adc_disable_channel
                0x000821c8        0x8 C:/Users/Markus_User/programme/arduino-1.7.9.org-windows/arduino-1.7.9/hardware/arduino/sam/variants/arduino_due_x/libsam_sam3x8e_gcc_rel.a(adc.o)
                0x000821c8                adc_disable_channel
 .text.adc_disable_all_channel
                0x000821d0        0x8 C:/Users/Markus_User/programme/arduino-1.7.9.org-windows/arduino-1.7.9/hardware/arduino/sam/variants/arduino_due_x/libsam_sam3x8e_gcc_rel.a(adc.o)
                0x000821d0                adc_disable_all_channel
 .text.adc_get_latest_value
                0x000821d8        0x4 C:/Users/Markus_User/programme/arduino-1.7.9.org-windows/arduino-1.7.9/hardware/arduino/sam/variants/arduino_due_x/libsam_sam3x8e_gcc_rel.a(adc.o)
                0x000821d8                adc_get_latest_value
 .text.adc_disable_interrupt
                0x000821dc        0x4 C:/Users/Markus_User/programme/arduino-1.7.9.org-windows/arduino-1.7.9/hardware/arduino/sam/variants/arduino_due_x/libsam_sam3x8e_gcc_rel.a(adc.o)
                0x000821dc                adc_disable_interrupt
 .text.adc_get_status
                0x000821e0        0x4 C:/Users/Markus_User/programme/arduino-1.7.9.org-windows/arduino-1.7.9/hardware/arduino/sam/variants/arduino_due_x/libsam_sam3x8e_gcc_rel.a(adc.o)
                0x000821e0                adc_get_status
 .text.UOTGHS_Handler
                0x000821e4       0x10 C:/Users/Markus_User/programme/arduino-1.7.9.org-windows/arduino-1.7.9/hardware/arduino/sam/variants/arduino_due_x/libsam_sam3x8e_gcc_rel.a(uotghs.o)
                0x000821e4                UOTGHS_Handler
 .text.UDD_SetStack
                0x000821f4        0xc C:/Users/Markus_User/programme/arduino-1.7.9.org-windows/arduino-1.7.9/hardware/arduino/sam/variants/arduino_due_x/libsam_sam3x8e_gcc_rel.a(uotghs_device.o)
                0x000821f4                UDD_SetStack
 .text.UDD_Init
                0x00082200       0xd0 C:/Users/Markus_User/programme/arduino-1.7.9.org-windows/arduino-1.7.9/hardware/arduino/sam/variants/arduino_due_x/libsam_sam3x8e_gcc_rel.a(uotghs_device.o)
                0x00082200                UDD_Init
 .text.UDD_Attach
                0x000822d0       0x4c C:/Users/Markus_User/programme/arduino-1.7.9.org-windows/arduino-1.7.9/hardware/arduino/sam/variants/arduino_due_x/libsam_sam3x8e_gcc_rel.a(uotghs_device.o)
                0x000822d0                UDD_Attach
 .text.UDD_InitEP
                0x0008231c       0x30 C:/Users/Markus_User/programme/arduino-1.7.9.org-windows/arduino-1.7.9/hardware/arduino/sam/variants/arduino_due_x/libsam_sam3x8e_gcc_rel.a(uotghs_device.o)
                0x0008231c                UDD_InitEP
 .text.UDD_InitEndpoints
                0x0008234c       0x3c C:/Users/Markus_User/programme/arduino-1.7.9.org-windows/arduino-1.7.9/hardware/arduino/sam/variants/arduino_due_x/libsam_sam3x8e_gcc_rel.a(uotghs_device.o)
                0x0008234c                UDD_InitEndpoints
 .text.UDD_WaitIN
                0x00082388       0x14 C:/Users/Markus_User/programme/arduino-1.7.9.org-windows/arduino-1.7.9/hardware/arduino/sam/variants/arduino_due_x/libsam_sam3x8e_gcc_rel.a(uotghs_device.o)
                0x00082388                UDD_WaitIN
 .text.UDD_WaitOUT
                0x0008239c       0x14 C:/Users/Markus_User/programme/arduino-1.7.9.org-windows/arduino-1.7.9/hardware/arduino/sam/variants/arduino_due_x/libsam_sam3x8e_gcc_rel.a(uotghs_device.o)
                0x0008239c                UDD_WaitOUT
 .text.UDD_ClearIN
                0x000823b0       0x18 C:/Users/Markus_User/programme/arduino-1.7.9.org-windows/arduino-1.7.9/hardware/arduino/sam/variants/arduino_due_x/libsam_sam3x8e_gcc_rel.a(uotghs_device.o)
                0x000823b0                UDD_ClearIN
 .text.UDD_ClearOUT
                0x000823c8       0x18 C:/Users/Markus_User/programme/arduino-1.7.9.org-windows/arduino-1.7.9/hardware/arduino/sam/variants/arduino_due_x/libsam_sam3x8e_gcc_rel.a(uotghs_device.o)
                0x000823c8                UDD_ClearOUT
 .text.UDD_ReceivedSetupInt
                0x000823e0       0x10 C:/Users/Markus_User/programme/arduino-1.7.9.org-windows/arduino-1.7.9/hardware/arduino/sam/variants/arduino_due_x/libsam_sam3x8e_gcc_rel.a(uotghs_device.o)
                0x000823e0                UDD_ReceivedSetupInt
 .text.UDD_ClearSetupInt
                0x000823f0       0x10 C:/Users/Markus_User/programme/arduino-1.7.9.org-windows/arduino-1.7.9/hardware/arduino/sam/variants/arduino_due_x/libsam_sam3x8e_gcc_rel.a(uotghs_device.o)
                0x000823f0                UDD_ClearSetupInt
 .text.UDD_Send
                0x00082400       0x90 C:/Users/Markus_User/programme/arduino-1.7.9.org-windows/arduino-1.7.9/hardware/arduino/sam/variants/arduino_due_x/libsam_sam3x8e_gcc_rel.a(uotghs_device.o)
                0x00082400                UDD_Send
 .text.UDD_Send8
                0x00082490       0x28 C:/Users/Markus_User/programme/arduino-1.7.9.org-windows/arduino-1.7.9/hardware/arduino/sam/variants/arduino_due_x/libsam_sam3x8e_gcc_rel.a(uotghs_device.o)
                0x00082490                UDD_Send8
 .text.UDD_Recv8
                0x000824b8       0x28 C:/Users/Markus_User/programme/arduino-1.7.9.org-windows/arduino-1.7.9/hardware/arduino/sam/variants/arduino_due_x/libsam_sam3x8e_gcc_rel.a(uotghs_device.o)
                0x000824b8                UDD_Recv8
 .text.UDD_Recv
                0x000824e0       0x34 C:/Users/Markus_User/programme/arduino-1.7.9.org-windows/arduino-1.7.9/hardware/arduino/sam/variants/arduino_due_x/libsam_sam3x8e_gcc_rel.a(uotghs_device.o)
                0x000824e0                UDD_Recv
 .text.UDD_Stall
                0x00082514       0x14 C:/Users/Markus_User/programme/arduino-1.7.9.org-windows/arduino-1.7.9/hardware/arduino/sam/variants/arduino_due_x/libsam_sam3x8e_gcc_rel.a(uotghs_device.o)
                0x00082514                UDD_Stall
 .text.UDD_FifoByteCount
                0x00082528       0x1c C:/Users/Markus_User/programme/arduino-1.7.9.org-windows/arduino-1.7.9/hardware/arduino/sam/variants/arduino_due_x/libsam_sam3x8e_gcc_rel.a(uotghs_device.o)
                0x00082528                UDD_FifoByteCount
 .text.UDD_ReleaseRX
                0x00082544       0x2c C:/Users/Markus_User/programme/arduino-1.7.9.org-windows/arduino-1.7.9/hardware/arduino/sam/variants/arduino_due_x/libsam_sam3x8e_gcc_rel.a(uotghs_device.o)
                0x00082544                UDD_ReleaseRX
 .text.UDD_ReleaseTX
                0x00082570       0x2c C:/Users/Markus_User/programme/arduino-1.7.9.org-windows/arduino-1.7.9/hardware/arduino/sam/variants/arduino_due_x/libsam_sam3x8e_gcc_rel.a(uotghs_device.o)
                0x00082570                UDD_ReleaseTX
 .text.UDD_SetAddress
                0x0008259c       0x20 C:/Users/Markus_User/programme/arduino-1.7.9.org-windows/arduino-1.7.9/hardware/arduino/sam/variants/arduino_due_x/libsam_sam3x8e_gcc_rel.a(uotghs_device.o)
                0x0008259c                UDD_SetAddress
 .text._ZL8_initISRP2Tcmm4IRQn
                0x000825bc       0x50 libraries.a(servo.o)
 .text._Z13Servo_Handler18timer16_Sequence_tP2Tch
                0x0008260c      0x10c libraries.a(servo.o)
                0x0008260c                Servo_Handler(timer16_Sequence_t, Tc*, unsigned char)
 .text.TC3_Handler
                0x00082718       0x10 libraries.a(servo.o)
                0x00082718                TC3_Handler
 .text.TC4_Handler
                0x00082728       0x10 libraries.a(servo.o)
                0x00082728                TC4_Handler
 .text.TC5_Handler
                0x00082738       0x10 libraries.a(servo.o)
                0x00082738                TC5_Handler
 .text.TC2_Handler
                0x00082748       0x10 libraries.a(servo.o)
                0x00082748                TC2_Handler
 .text.TC0_Handler
                0x00082758       0x10 libraries.a(servo.o)
                0x00082758                TC0_Handler
 .text._ZN5ServoC2Ev
                0x00082768       0x40 libraries.a(servo.o)
                0x00082768                Servo::Servo()
                0x00082768                Servo::Servo()
 .text._ZN5Servo6attachEiii
                0x000827a8       0xb8 libraries.a(servo.o)
                0x000827a8                Servo::attach(int, int, int)
 .text._ZN5Servo6attachEi
                0x00082860        0xc libraries.a(servo.o)
                0x00082860                Servo::attach(int)
 .text._ZN5Servo17writeMicrosecondsEi
                0x0008286c       0x4c libraries.a(servo.o)
                0x0008286c                Servo::writeMicroseconds(int)
 .text._ZN5Servo5writeEi
                0x000828b8       0x42 libraries.a(servo.o)
                0x000828b8                Servo::write(int)
 .text.__halt   0x000828fa        0x2 core.a(cortex_handlers.o)
                0x000828fa                DACC_Handler
                0x000828fa                DebugMon_Handler
                0x000828fa                DMAC_Handler
                0x000828fa                TRNG_Handler
                0x000828fa                HardFault_Handler
                0x000828fa                TWI1_Handler
                0x000828fa                NMI_Handler
                0x000828fa                TC7_Handler
                0x000828fa                ADC_Handler
                0x000828fa                SMC_Handler
                0x000828fa                RTT_Handler
                0x000828fa                EFC1_Handler
                0x000828fa                PIOB_Handler
                0x000828fa                RTC_Handler
                0x000828fa                UsageFault_Handler
                0x000828fa                TC6_Handler
                0x000828fa                WDT_Handler
                0x000828fa                CAN0_Handler
                0x000828fa                TC1_Handler
                0x000828fa                HSMCI_Handler
                0x000828fa                TWI0_Handler
                0x000828fa                PIOA_Handler
                0x000828fa                SSC_Handler
                0x000828fa                EFC0_Handler
                0x000828fa                PMC_Handler
                0x000828fa                PWM_Handler
                0x000828fa                CAN1_Handler
                0x000828fa                MemManage_Handler
                0x000828fa                SUPC_Handler
                0x000828fa                TC8_Handler
                0x000828fa                USART2_Handler
                0x000828fa                PIOD_Handler
                0x000828fa                EMAC_Handler
                0x000828fa                PIOC_Handler
                0x000828fa                BusFault_Handler
                0x000828fa                RSTC_Handler
                0x000828fa                SPI0_Handler
 .text.SVC_Handler
                0x000828fc        0x4 core.a(cortex_handlers.o)
                0x000828fc                SVC_Handler
 .text.PendSV_Handler
                0x00082900        0x4 core.a(cortex_handlers.o)
                0x00082900                PendSV_Handler
 .text.SysTick_Handler
                0x00082904       0x16 core.a(cortex_handlers.o)
                0x00082904                SysTick_Handler
 .text._Z3maplllll
                0x0008291a       0x14 core.a(WMath.o)
                0x0008291a                map(long, long, long, long, long)
 *fill*         0x0008292e        0x2 
 .text          0x00082930      0x370 c:/users/markus_user/programme/arduino-1.7.9.org-windows/arduino-1.7.9/hardware/tools/gcc-arm-none-eabi-4.8.3-2014q1/bin/../lib/gcc/arm-none-eabi/4.8.3/armv7-m\libgcc.a(_arm_addsubdf3.o)
                0x00082930                __aeabi_drsub
                0x00082938                __aeabi_dsub
                0x00082938                __subdf3
                0x0008293c                __aeabi_dadd
                0x0008293c                __adddf3
                0x00082bb4                __floatunsidf
                0x00082bb4                __aeabi_ui2d
                0x00082bd4                __floatsidf
                0x00082bd4                __aeabi_i2d
                0x00082bf8                __aeabi_f2d
                0x00082bf8                __extendsfdf2
                0x00082c34                __floatundidf
                0x00082c34                __aeabi_ul2d
                0x00082c44                __floatdidf
                0x00082c44                __aeabi_l2d
 .text          0x00082ca0      0x424 c:/users/markus_user/programme/arduino-1.7.9.org-windows/arduino-1.7.9/hardware/tools/gcc-arm-none-eabi-4.8.3-2014q1/bin/../lib/gcc/arm-none-eabi/4.8.3/armv7-m\libgcc.a(_arm_muldivdf3.o)
                0x00082ca0                __aeabi_dmul
                0x00082ca0                __muldf3
                0x00082ef4                __divdf3
                0x00082ef4                __aeabi_ddiv
 .text          0x000830c4      0x110 c:/users/markus_user/programme/arduino-1.7.9.org-windows/arduino-1.7.9/hardware/tools/gcc-arm-none-eabi-4.8.3-2014q1/bin/../lib/gcc/arm-none-eabi/4.8.3/armv7-m\libgcc.a(_arm_cmpdf2.o)
                0x000830c4                __gtdf2
                0x000830c4                __gedf2
                0x000830cc                __ltdf2
                0x000830cc                __ledf2
                0x000830d4                __nedf2
                0x000830d4                __eqdf2
                0x000830d4                __cmpdf2
                0x00083150                __aeabi_cdrcmple
                0x00083160                __aeabi_cdcmpeq
                0x00083160                __aeabi_cdcmple
                0x00083170                __aeabi_dcmpeq
                0x00083184                __aeabi_dcmplt
                0x00083198                __aeabi_dcmple
                0x000831ac                __aeabi_dcmpge
                0x000831c0                __aeabi_dcmpgt
 .text          0x000831d4       0x50 c:/users/markus_user/programme/arduino-1.7.9.org-windows/arduino-1.7.9/hardware/tools/gcc-arm-none-eabi-4.8.3-2014q1/bin/../lib/gcc/arm-none-eabi/4.8.3/armv7-m\libgcc.a(_arm_fixdfsi.o)
                0x000831d4                __aeabi_d2iz
                0x000831d4                __fixdfsi
 .text          0x00083224       0x40 c:/users/markus_user/programme/arduino-1.7.9.org-windows/arduino-1.7.9/hardware/tools/gcc-arm-none-eabi-4.8.3-2014q1/bin/../lib/gcc/arm-none-eabi/4.8.3/armv7-m\libgcc.a(_arm_fixunsdfsi.o)
                0x00083224                __aeabi_d2uiz
                0x00083224                __fixunsdfsi
 .text          0x00083264       0xa0 c:/users/markus_user/programme/arduino-1.7.9.org-windows/arduino-1.7.9/hardware/tools/gcc-arm-none-eabi-4.8.3-2014q1/bin/../lib/gcc/arm-none-eabi/4.8.3/armv7-m\libgcc.a(_arm_truncdfsf2.o)
                0x00083264                __truncdfsf2
                0x00083264                __aeabi_d2f
 .text          0x00083304       0xec c:/users/markus_user/programme/arduino-1.7.9.org-windows/arduino-1.7.9/hardware/tools/gcc-arm-none-eabi-4.8.3-2014q1/bin/../lib/gcc/arm-none-eabi/4.8.3/armv7-m\libgcc.a(_arm_cmpsf2.o)
                0x00083304                __gesf2
                0x00083304                __gtsf2
                0x0008330c                __lesf2
                0x0008330c                __ltsf2
                0x00083314                __nesf2
                0x00083314                __eqsf2
                0x00083314                __cmpsf2
                0x00083374                __aeabi_cfrcmple
                0x0008337c                __aeabi_cfcmpeq
                0x0008337c                __aeabi_cfcmple
                0x0008338c                __aeabi_fcmpeq
                0x000833a0                __aeabi_fcmplt
                0x000833b4                __aeabi_fcmple
                0x000833c8                __aeabi_fcmpge
                0x000833dc                __aeabi_fcmpgt
 .text.__assert_func
                0x000833f0       0x3c c:/users/markus_user/programme/arduino-1.7.9.org-windows/arduino-1.7.9/hardware/tools/gcc-arm-none-eabi-4.8.3-2014q1/bin/../lib/gcc/arm-none-eabi/4.8.3/../../../../arm-none-eabi/lib/armv7-m\libg.a(lib_a-assert.o)
                0x000833f0                __assert_func
 .text.fiprintf
                0x0008342c       0x28 c:/users/markus_user/programme/arduino-1.7.9.org-windows/arduino-1.7.9/hardware/tools/gcc-arm-none-eabi-4.8.3-2014q1/bin/../lib/gcc/arm-none-eabi/4.8.3/../../../../arm-none-eabi/lib/armv7-m\libg.a(lib_a-fiprintf.o)
                0x0008342c                fiprintf
 .text.__libc_init_array
                0x00083454       0x50 c:/users/markus_user/programme/arduino-1.7.9.org-windows/arduino-1.7.9/hardware/tools/gcc-arm-none-eabi-4.8.3-2014q1/bin/../lib/gcc/arm-none-eabi/4.8.3/../../../../arm-none-eabi/lib/armv7-m\libg.a(lib_a-init.o)
                0x00083454                __libc_init_array
 .text.iprintf  0x000834a4       0x28 c:/users/markus_user/programme/arduino-1.7.9.org-windows/arduino-1.7.9/hardware/tools/gcc-arm-none-eabi-4.8.3-2014q1/bin/../lib/gcc/arm-none-eabi/4.8.3/../../../../arm-none-eabi/lib/armv7-m\libg.a(lib_a-iprintf.o)
                0x000834a4                iprintf
 .text.malloc   0x000834cc       0x10 c:/users/markus_user/programme/arduino-1.7.9.org-windows/arduino-1.7.9/hardware/tools/gcc-arm-none-eabi-4.8.3-2014q1/bin/../lib/gcc/arm-none-eabi/4.8.3/../../../../arm-none-eabi/lib/armv7-m\libg.a(lib_a-malloc.o)
                0x000834cc                malloc
 .text.free     0x000834dc       0x10 c:/users/markus_user/programme/arduino-1.7.9.org-windows/arduino-1.7.9/hardware/tools/gcc-arm-none-eabi-4.8.3-2014q1/bin/../lib/gcc/arm-none-eabi/4.8.3/../../../../arm-none-eabi/lib/armv7-m\libg.a(lib_a-malloc.o)
                0x000834dc                free
 .text._malloc_r
                0x000834ec      0x538 c:/users/markus_user/programme/arduino-1.7.9.org-windows/arduino-1.7.9/hardware/tools/gcc-arm-none-eabi-4.8.3-2014q1/bin/../lib/gcc/arm-none-eabi/4.8.3/../../../../arm-none-eabi/lib/armv7-m\libg.a(lib_a-mallocr.o)
                0x000834ec                _malloc_r
 .text          0x00083a24       0xec c:/users/markus_user/programme/arduino-1.7.9.org-windows/arduino-1.7.9/hardware/tools/gcc-arm-none-eabi-4.8.3-2014q1/bin/../lib/gcc/arm-none-eabi/4.8.3/../../../../arm-none-eabi/lib/armv7-m\libg.a(lib_a-memcpy.o)
                0x00083a24                memcpy
 .text.memmove  0x00083b10       0xcc c:/users/markus_user/programme/arduino-1.7.9.org-windows/arduino-1.7.9/hardware/tools/gcc-arm-none-eabi-4.8.3-2014q1/bin/../lib/gcc/arm-none-eabi/4.8.3/../../../../arm-none-eabi/lib/armv7-m\libg.a(lib_a-memmove.o)
                0x00083b10                memmove
 .text.memset   0x00083bdc       0x94 c:/users/markus_user/programme/arduino-1.7.9.org-windows/arduino-1.7.9/hardware/tools/gcc-arm-none-eabi-4.8.3-2014q1/bin/../lib/gcc/arm-none-eabi/4.8.3/../../../../arm-none-eabi/lib/armv7-m\libg.a(lib_a-memset.o)
                0x00083bdc                memset
 .text.__malloc_lock
                0x00083c70        0x4 c:/users/markus_user/programme/arduino-1.7.9.org-windows/arduino-1.7.9/hardware/tools/gcc-arm-none-eabi-4.8.3-2014q1/bin/../lib/gcc/arm-none-eabi/4.8.3/../../../../arm-none-eabi/lib/armv7-m\libg.a(lib_a-mlock.o)
                0x00083c70                __malloc_lock
 .text.__malloc_unlock
                0x00083c74        0x4 c:/users/markus_user/programme/arduino-1.7.9.org-windows/arduino-1.7.9/hardware/tools/gcc-arm-none-eabi-4.8.3-2014q1/bin/../lib/gcc/arm-none-eabi/4.8.3/../../../../arm-none-eabi/lib/armv7-m\libg.a(lib_a-mlock.o)
                0x00083c74                __malloc_unlock
 .text.realloc  0x00083c78       0x10 c:/users/markus_user/programme/arduino-1.7.9.org-windows/arduino-1.7.9/hardware/tools/gcc-arm-none-eabi-4.8.3-2014q1/bin/../lib/gcc/arm-none-eabi/4.8.3/../../../../arm-none-eabi/lib/armv7-m\libg.a(lib_a-realloc.o)
                0x00083c78                realloc
 .text._realloc_r
                0x00083c88      0x3c0 c:/users/markus_user/programme/arduino-1.7.9.org-windows/arduino-1.7.9/hardware/tools/gcc-arm-none-eabi-4.8.3-2014q1/bin/../lib/gcc/arm-none-eabi/4.8.3/../../../../arm-none-eabi/lib/armv7-m\libg.a(lib_a-reallocr.o)
                0x00083c88                _realloc_r
 .text.__fpclassifyd
                0x00084048       0x50 c:/users/markus_user/programme/arduino-1.7.9.org-windows/arduino-1.7.9/hardware/tools/gcc-arm-none-eabi-4.8.3-2014q1/bin/../lib/gcc/arm-none-eabi/4.8.3/../../../../arm-none-eabi/lib/armv7-m\libg.a(lib_a-s_fpclassify.o)
                0x00084048                __fpclassifyd
 .text._sbrk_r  0x00084098       0x24 c:/users/markus_user/programme/arduino-1.7.9.org-windows/arduino-1.7.9/hardware/tools/gcc-arm-none-eabi-4.8.3-2014q1/bin/../lib/gcc/arm-none-eabi/4.8.3/../../../../arm-none-eabi/lib/armv7-m\libg.a(lib_a-sbrkr.o)
                0x00084098                _sbrk_r
 .text.strcpy   0x000840bc       0xbc c:/users/markus_user/programme/arduino-1.7.9.org-windows/arduino-1.7.9/hardware/tools/gcc-arm-none-eabi-4.8.3-2014q1/bin/../lib/gcc/arm-none-eabi/4.8.3/../../../../arm-none-eabi/lib/armv7-m\libg.a(lib_a-strcpy.o)
                0x000840bc                strcpy
 .text.strlen   0x00084178       0x60 c:/users/markus_user/programme/arduino-1.7.9.org-windows/arduino-1.7.9/hardware/tools/gcc-arm-none-eabi-4.8.3-2014q1/bin/../lib/gcc/arm-none-eabi/4.8.3/../../../../arm-none-eabi/lib/armv7-m\libg.a(lib_a-strlen.o)
                0x00084178                strlen
 .text.__sprint_r.part.0
                0x000841d8       0x78 c:/users/markus_user/programme/arduino-1.7.9.org-windows/arduino-1.7.9/hardware/tools/gcc-arm-none-eabi-4.8.3-2014q1/bin/../lib/gcc/arm-none-eabi/4.8.3/../../../../arm-none-eabi/lib/armv7-m\libg.a(lib_a-vfiprintf.o)
 .text._vfiprintf_r
                0x00084250      0xc54 c:/users/markus_user/programme/arduino-1.7.9.org-windows/arduino-1.7.9/hardware/tools/gcc-arm-none-eabi-4.8.3-2014q1/bin/../lib/gcc/arm-none-eabi/4.8.3/../../../../arm-none-eabi/lib/armv7-m\libg.a(lib_a-vfiprintf.o)
                0x00084250                _vfiprintf_r
 .text.__sbprintf
                0x00084ea4       0x7c c:/users/markus_user/programme/arduino-1.7.9.org-windows/arduino-1.7.9/hardware/tools/gcc-arm-none-eabi-4.8.3-2014q1/bin/../lib/gcc/arm-none-eabi/4.8.3/../../../../arm-none-eabi/lib/armv7-m\libg.a(lib_a-vfiprintf.o)
 .text.__swsetup_r
                0x00084f20       0xc4 c:/users/markus_user/programme/arduino-1.7.9.org-windows/arduino-1.7.9/hardware/tools/gcc-arm-none-eabi-4.8.3-2014q1/bin/../lib/gcc/arm-none-eabi/4.8.3/../../../../arm-none-eabi/lib/armv7-m\libg.a(lib_a-wsetup.o)
                0x00084f20                __swsetup_r
 .text.startup.register_fini
                0x00084fe4       0x14 c:/users/markus_user/programme/arduino-1.7.9.org-windows/arduino-1.7.9/hardware/tools/gcc-arm-none-eabi-4.8.3-2014q1/bin/../lib/gcc/arm-none-eabi/4.8.3/../../../../arm-none-eabi/lib/armv7-m\libg.a(lib_a-__call_atexit.o)
 .text.abort    0x00084ff8       0x10 c:/users/markus_user/programme/arduino-1.7.9.org-windows/arduino-1.7.9/hardware/tools/gcc-arm-none-eabi-4.8.3-2014q1/bin/../lib/gcc/arm-none-eabi/4.8.3/../../../../arm-none-eabi/lib/armv7-m\libg.a(lib_a-abort.o)
                0x00084ff8                abort
 .text.atexit   0x00085008        0xc c:/users/markus_user/programme/arduino-1.7.9.org-windows/arduino-1.7.9/hardware/tools/gcc-arm-none-eabi-4.8.3-2014q1/bin/../lib/gcc/arm-none-eabi/4.8.3/../../../../arm-none-eabi/lib/armv7-m\libg.a(lib_a-atexit.o)
                0x00085008                atexit
 .text.__sflush_r
                0x00085014      0x148 c:/users/markus_user/programme/arduino-1.7.9.org-windows/arduino-1.7.9/hardware/tools/gcc-arm-none-eabi-4.8.3-2014q1/bin/../lib/gcc/arm-none-eabi/4.8.3/../../../../arm-none-eabi/lib/armv7-m\libg.a(lib_a-fflush.o)
                0x00085014                __sflush_r
 .text._fflush_r
                0x0008515c       0x2c c:/users/markus_user/programme/arduino-1.7.9.org-windows/arduino-1.7.9/hardware/tools/gcc-arm-none-eabi-4.8.3-2014q1/bin/../lib/gcc/arm-none-eabi/4.8.3/../../../../arm-none-eabi/lib/armv7-m\libg.a(lib_a-fflush.o)
                0x0008515c                _fflush_r
 .text._cleanup_r
                0x00085188        0xc c:/users/markus_user/programme/arduino-1.7.9.org-windows/arduino-1.7.9/hardware/tools/gcc-arm-none-eabi-4.8.3-2014q1/bin/../lib/gcc/arm-none-eabi/4.8.3/../../../../arm-none-eabi/lib/armv7-m\libg.a(lib_a-findfp.o)
                0x00085188                _cleanup_r
 .text.__sinit  0x00085194       0xf4 c:/users/markus_user/programme/arduino-1.7.9.org-windows/arduino-1.7.9/hardware/tools/gcc-arm-none-eabi-4.8.3-2014q1/bin/../lib/gcc/arm-none-eabi/4.8.3/../../../../arm-none-eabi/lib/armv7-m\libg.a(lib_a-findfp.o)
                0x00085194                __sinit
 .text.__sfp_lock_acquire
                0x00085288        0x4 c:/users/markus_user/programme/arduino-1.7.9.org-windows/arduino-1.7.9/hardware/tools/gcc-arm-none-eabi-4.8.3-2014q1/bin/../lib/gcc/arm-none-eabi/4.8.3/../../../../arm-none-eabi/lib/armv7-m\libg.a(lib_a-findfp.o)
                0x00085288                __sfp_lock_acquire
 .text.__sfp_lock_release
                0x0008528c        0x4 c:/users/markus_user/programme/arduino-1.7.9.org-windows/arduino-1.7.9/hardware/tools/gcc-arm-none-eabi-4.8.3-2014q1/bin/../lib/gcc/arm-none-eabi/4.8.3/../../../../arm-none-eabi/lib/armv7-m\libg.a(lib_a-findfp.o)
                0x0008528c                __sfp_lock_release
 .text.__libc_fini_array
                0x00085290       0x30 c:/users/markus_user/programme/arduino-1.7.9.org-windows/arduino-1.7.9/hardware/tools/gcc-arm-none-eabi-4.8.3-2014q1/bin/../lib/gcc/arm-none-eabi/4.8.3/../../../../arm-none-eabi/lib/armv7-m\libg.a(lib_a-fini.o)
                0x00085290                __libc_fini_array
 .text._fputwc_r
                0x000852c0       0xc0 c:/users/markus_user/programme/arduino-1.7.9.org-windows/arduino-1.7.9/hardware/tools/gcc-arm-none-eabi-4.8.3-2014q1/bin/../lib/gcc/arm-none-eabi/4.8.3/../../../../arm-none-eabi/lib/armv7-m\libg.a(lib_a-fputwc.o)
                0x000852c0                _fputwc_r
 .text._malloc_trim_r
                0x00085380       0x9c c:/users/markus_user/programme/arduino-1.7.9.org-windows/arduino-1.7.9/hardware/tools/gcc-arm-none-eabi-4.8.3-2014q1/bin/../lib/gcc/arm-none-eabi/4.8.3/../../../../arm-none-eabi/lib/armv7-m\libg.a(lib_a-freer.o)
                0x00085380                _malloc_trim_r
 .text._free_r  0x0008541c      0x198 c:/users/markus_user/programme/arduino-1.7.9.org-windows/arduino-1.7.9/hardware/tools/gcc-arm-none-eabi-4.8.3-2014q1/bin/../lib/gcc/arm-none-eabi/4.8.3/../../../../arm-none-eabi/lib/armv7-m\libg.a(lib_a-freer.o)
                0x0008541c                _free_r
 .text.__sfvwrite_r
                0x000855b4      0x314 c:/users/markus_user/programme/arduino-1.7.9.org-windows/arduino-1.7.9/hardware/tools/gcc-arm-none-eabi-4.8.3-2014q1/bin/../lib/gcc/arm-none-eabi/4.8.3/../../../../arm-none-eabi/lib/armv7-m\libg.a(lib_a-fvwrite.o)
                0x000855b4                __sfvwrite_r
 .text._fwalk   0x000858c8       0x48 c:/users/markus_user/programme/arduino-1.7.9.org-windows/arduino-1.7.9/hardware/tools/gcc-arm-none-eabi-4.8.3-2014q1/bin/../lib/gcc/arm-none-eabi/4.8.3/../../../../arm-none-eabi/lib/armv7-m\libg.a(lib_a-fwalk.o)
                0x000858c8                _fwalk
 .text.__locale_charset
                0x00085910        0x8 c:/users/markus_user/programme/arduino-1.7.9.org-windows/arduino-1.7.9/hardware/tools/gcc-arm-none-eabi-4.8.3-2014q1/bin/../lib/gcc/arm-none-eabi/4.8.3/../../../../arm-none-eabi/lib/armv7-m\libg.a(lib_a-locale.o)
                0x00085910                __locale_charset
 .text.__locale_mb_cur_max
                0x00085918        0xc c:/users/markus_user/programme/arduino-1.7.9.org-windows/arduino-1.7.9/hardware/tools/gcc-arm-none-eabi-4.8.3-2014q1/bin/../lib/gcc/arm-none-eabi/4.8.3/../../../../arm-none-eabi/lib/armv7-m\libg.a(lib_a-locale.o)
                0x00085918                __locale_mb_cur_max
 .text.__smakebuf_r
                0x00085924       0xe0 c:/users/markus_user/programme/arduino-1.7.9.org-windows/arduino-1.7.9/hardware/tools/gcc-arm-none-eabi-4.8.3-2014q1/bin/../lib/gcc/arm-none-eabi/4.8.3/../../../../arm-none-eabi/lib/armv7-m\libg.a(lib_a-makebuf.o)
                0x00085924                __smakebuf_r
 .text.memchr   0x00085a04       0x94 c:/users/markus_user/programme/arduino-1.7.9.org-windows/arduino-1.7.9/hardware/tools/gcc-arm-none-eabi-4.8.3-2014q1/bin/../lib/gcc/arm-none-eabi/4.8.3/../../../../arm-none-eabi/lib/armv7-m\libg.a(lib_a-memchr-stub.o)
                0x00085a04                memchr
 .text._raise_r
                0x00085a98       0x58 c:/users/markus_user/programme/arduino-1.7.9.org-windows/arduino-1.7.9/hardware/tools/gcc-arm-none-eabi-4.8.3-2014q1/bin/../lib/gcc/arm-none-eabi/4.8.3/../../../../arm-none-eabi/lib/armv7-m\libg.a(lib_a-signal.o)
                0x00085a98                _raise_r
 .text.raise    0x00085af0       0x10 c:/users/markus_user/programme/arduino-1.7.9.org-windows/arduino-1.7.9/hardware/tools/gcc-arm-none-eabi-4.8.3-2014q1/bin/../lib/gcc/arm-none-eabi/4.8.3/../../../../arm-none-eabi/lib/armv7-m\libg.a(lib_a-signal.o)
                0x00085af0                raise
 .text._kill_r  0x00085b00       0x28 c:/users/markus_user/programme/arduino-1.7.9.org-windows/arduino-1.7.9/hardware/tools/gcc-arm-none-eabi-4.8.3-2014q1/bin/../lib/gcc/arm-none-eabi/4.8.3/../../../../arm-none-eabi/lib/armv7-m\libg.a(lib_a-signalr.o)
                0x00085b00                _kill_r
 .text._getpid_r
                0x00085b28        0x4 c:/users/markus_user/programme/arduino-1.7.9.org-windows/arduino-1.7.9/hardware/tools/gcc-arm-none-eabi-4.8.3-2014q1/bin/../lib/gcc/arm-none-eabi/4.8.3/../../../../arm-none-eabi/lib/armv7-m\libg.a(lib_a-signalr.o)
                0x00085b28                _getpid_r
 .text.__sread  0x00085b2c       0x24 c:/users/markus_user/programme/arduino-1.7.9.org-windows/arduino-1.7.9/hardware/tools/gcc-arm-none-eabi-4.8.3-2014q1/bin/../lib/gcc/arm-none-eabi/4.8.3/../../../../arm-none-eabi/lib/armv7-m\libg.a(lib_a-stdio.o)
                0x00085b2c                __sread
 .text.__swrite
                0x00085b50       0x38 c:/users/markus_user/programme/arduino-1.7.9.org-windows/arduino-1.7.9/hardware/tools/gcc-arm-none-eabi-4.8.3-2014q1/bin/../lib/gcc/arm-none-eabi/4.8.3/../../../../arm-none-eabi/lib/armv7-m\libg.a(lib_a-stdio.o)
                0x00085b50                __swrite
 .text.__sseek  0x00085b88       0x20 c:/users/markus_user/programme/arduino-1.7.9.org-windows/arduino-1.7.9/hardware/tools/gcc-arm-none-eabi-4.8.3-2014q1/bin/../lib/gcc/arm-none-eabi/4.8.3/../../../../arm-none-eabi/lib/armv7-m\libg.a(lib_a-stdio.o)
                0x00085b88                __sseek
 .text.__sclose
                0x00085ba8        0x8 c:/users/markus_user/programme/arduino-1.7.9.org-windows/arduino-1.7.9/hardware/tools/gcc-arm-none-eabi-4.8.3-2014q1/bin/../lib/gcc/arm-none-eabi/4.8.3/../../../../arm-none-eabi/lib/armv7-m\libg.a(lib_a-stdio.o)
                0x00085ba8                __sclose
 .text.__swbuf_r
                0x00085bb0       0xa8 c:/users/markus_user/programme/arduino-1.7.9.org-windows/arduino-1.7.9/hardware/tools/gcc-arm-none-eabi-4.8.3-2014q1/bin/../lib/gcc/arm-none-eabi/4.8.3/../../../../arm-none-eabi/lib/armv7-m\libg.a(lib_a-wbuf.o)
                0x00085bb0                __swbuf_r
 .text._wcrtomb_r
                0x00085c58       0x50 c:/users/markus_user/programme/arduino-1.7.9.org-windows/arduino-1.7.9/hardware/tools/gcc-arm-none-eabi-4.8.3-2014q1/bin/../lib/gcc/arm-none-eabi/4.8.3/../../../../arm-none-eabi/lib/armv7-m\libg.a(lib_a-wcrtomb.o)
                0x00085c58                _wcrtomb_r
 .text.__ascii_wctomb
                0x00085ca8       0x1c c:/users/markus_user/programme/arduino-1.7.9.org-windows/arduino-1.7.9/hardware/tools/gcc-arm-none-eabi-4.8.3-2014q1/bin/../lib/gcc/arm-none-eabi/4.8.3/../../../../arm-none-eabi/lib/armv7-m\libg.a(lib_a-wctomb_r.o)
                0x00085ca8                __ascii_wctomb
 .text._write_r
                0x00085cc4       0x28 c:/users/markus_user/programme/arduino-1.7.9.org-windows/arduino-1.7.9/hardware/tools/gcc-arm-none-eabi-4.8.3-2014q1/bin/../lib/gcc/arm-none-eabi/4.8.3/../../../../arm-none-eabi/lib/armv7-m\libg.a(lib_a-writer.o)
                0x00085cc4                _write_r
 .text.__register_exitproc
                0x00085cec       0xa8 c:/users/markus_user/programme/arduino-1.7.9.org-windows/arduino-1.7.9/hardware/tools/gcc-arm-none-eabi-4.8.3-2014q1/bin/../lib/gcc/arm-none-eabi/4.8.3/../../../../arm-none-eabi/lib/armv7-m\libg.a(lib_a-__atexit.o)
                0x00085cec                __register_exitproc
 .text._close_r
                0x00085d94       0x24 c:/users/markus_user/programme/arduino-1.7.9.org-windows/arduino-1.7.9/hardware/tools/gcc-arm-none-eabi-4.8.3-2014q1/bin/../lib/gcc/arm-none-eabi/4.8.3/../../../../arm-none-eabi/lib/armv7-m\libg.a(lib_a-closer.o)
                0x00085d94                _close_r
 .text._fclose_r
                0x00085db8       0x80 c:/users/markus_user/programme/arduino-1.7.9.org-windows/arduino-1.7.9/hardware/tools/gcc-arm-none-eabi-4.8.3-2014q1/bin/../lib/gcc/arm-none-eabi/4.8.3/../../../../arm-none-eabi/lib/armv7-m\libg.a(lib_a-fclose.o)
                0x00085db8                _fclose_r
 .text.fclose   0x00085e38       0x10 c:/users/markus_user/programme/arduino-1.7.9.org-windows/arduino-1.7.9/hardware/tools/gcc-arm-none-eabi-4.8.3-2014q1/bin/../lib/gcc/arm-none-eabi/4.8.3/../../../../arm-none-eabi/lib/armv7-m\libg.a(lib_a-fclose.o)
                0x00085e38                fclose
 .text._fstat_r
                0x00085e48       0x28 c:/users/markus_user/programme/arduino-1.7.9.org-windows/arduino-1.7.9/hardware/tools/gcc-arm-none-eabi-4.8.3-2014q1/bin/../lib/gcc/arm-none-eabi/4.8.3/../../../../arm-none-eabi/lib/armv7-m\libg.a(lib_a-fstatr.o)
                0x00085e48                _fstat_r
 .text._isatty_r
                0x00085e70       0x24 c:/users/markus_user/programme/arduino-1.7.9.org-windows/arduino-1.7.9/hardware/tools/gcc-arm-none-eabi-4.8.3-2014q1/bin/../lib/gcc/arm-none-eabi/4.8.3/../../../../arm-none-eabi/lib/armv7-m\libg.a(lib_a-isattyr.o)
                0x00085e70                _isatty_r
 .text._lseek_r
                0x00085e94       0x28 c:/users/markus_user/programme/arduino-1.7.9.org-windows/arduino-1.7.9/hardware/tools/gcc-arm-none-eabi-4.8.3-2014q1/bin/../lib/gcc/arm-none-eabi/4.8.3/../../../../arm-none-eabi/lib/armv7-m\libg.a(lib_a-lseekr.o)
                0x00085e94                _lseek_r
 .text._read_r  0x00085ebc       0x28 c:/users/markus_user/programme/arduino-1.7.9.org-windows/arduino-1.7.9/hardware/tools/gcc-arm-none-eabi-4.8.3-2014q1/bin/../lib/gcc/arm-none-eabi/4.8.3/../../../../arm-none-eabi/lib/armv7-m\libg.a(lib_a-readr.o)
                0x00085ebc                _read_r
 .text          0x00085ee4       0x2c c:/users/markus_user/programme/arduino-1.7.9.org-windows/arduino-1.7.9/hardware/tools/gcc-arm-none-eabi-4.8.3-2014q1/bin/../lib/gcc/arm-none-eabi/4.8.3/armv7-m\libgcc.a(_aeabi_uldivmod.o)
                0x00085ee4                __aeabi_uldivmod
 .text          0x00085f10       0x60 c:/users/markus_user/programme/arduino-1.7.9.org-windows/arduino-1.7.9/hardware/tools/gcc-arm-none-eabi-4.8.3-2014q1/bin/../lib/gcc/arm-none-eabi/4.8.3/armv7-m\libgcc.a(bpabi.o)
                0x00085f10                __gnu_ldivmod_helper
                0x00085f40                __gnu_uldivmod_helper
 .text          0x00085f70        0x4 c:/users/markus_user/programme/arduino-1.7.9.org-windows/arduino-1.7.9/hardware/tools/gcc-arm-none-eabi-4.8.3-2014q1/bin/../lib/gcc/arm-none-eabi/4.8.3/armv7-m\libgcc.a(_dvmd_tls.o)
                0x00085f70                __aeabi_idiv0
                0x00085f70                __aeabi_ldiv0
 .text          0x00085f74      0x2a0 c:/users/markus_user/programme/arduino-1.7.9.org-windows/arduino-1.7.9/hardware/tools/gcc-arm-none-eabi-4.8.3-2014q1/bin/../lib/gcc/arm-none-eabi/4.8.3/armv7-m\libgcc.a(_divdi3.o)
                0x00085f74                __divdi3
 .text          0x00086214      0x290 c:/users/markus_user/programme/arduino-1.7.9.org-windows/arduino-1.7.9/hardware/tools/gcc-arm-none-eabi-4.8.3-2014q1/bin/../lib/gcc/arm-none-eabi/4.8.3/armv7-m\libgcc.a(_udivdi3.o)
                0x00086214                __udivdi3
 *(.glue_7t)
 .glue_7t       0x00000000        0x0 linker stubs
 *(.glue_7)
 .glue_7        0x00000000        0x0 linker stubs
 *(.rodata .rodata* .gnu.linkonce.r.*)
 .rodata.str1.1
                0x000864a4       0x19 syscalls_sam3.o
 .rodata.str1.1
                0x000864bd       0x2e brake.o
 .rodata.str1.1
                0x000864eb       0x65 evaluation.o
 .rodata.str1.1
                0x00086550       0x1e servoControl.o
 .rodata.str1.1
                0x0008656e       0x95 sketch_mar12a.o
 *fill*         0x00086603        0x1 
 .rodata.g_APinDescription
                0x00086604      0xa2c variant.o
                0x00086604                g_APinDescription
 .rodata.str1.1
                0x00087030        0xc core.a(Print.o)
                                  0xe (size before relaxing)
 *fill*         0x0008703c        0x4 
 .rodata._ZTV9UARTClass
                0x00087040       0x30 core.a(UARTClass.o)
                0x00087040                vtable for UARTClass
 .rodata._ZTV10USARTClass
                0x00087070       0x30 core.a(USARTClass.o)
                0x00087070                vtable for USARTClass
 .rodata.STRING_PRODUCT
                0x000870a0        0xc core.a(USBCore.o)
                0x000870a0                STRING_PRODUCT
 .rodata.USB_DeviceDescriptor
                0x000870ac       0x12 core.a(USBCore.o)
                0x000870ac                USB_DeviceDescriptor
 *fill*         0x000870be        0x2 
 .rodata._ZL9EndPoints
                0x000870c0       0x14 core.a(USBCore.o)
 .rodata.STRING_LANGUAGE
                0x000870d4        0x4 core.a(USBCore.o)
                0x000870d4                STRING_LANGUAGE
 .rodata._ZL18test_packet_buffer
                0x000870d8       0x35 core.a(USBCore.o)
 .rodata.STRING_MANUFACTURER
                0x0008710d        0xc core.a(USBCore.o)
                0x0008710d                STRING_MANUFACTURER
 .rodata.USB_DeviceDescriptorA
                0x00087119       0x12 core.a(USBCore.o)
                0x00087119                USB_DeviceDescriptorA
 .rodata._ZL19USB_DeviceQualifier
                0x0008712b       0x12 core.a(USBCore.o)
 *fill*         0x0008713d        0x3 
 .rodata._ZTV7Serial_
                0x00087140       0x28 core.a(CDC.o)
                0x00087140                vtable for Serial_
 .rodata._ZL18_cdcOtherInterface
                0x00087168       0x42 core.a(CDC.o)
 .rodata._ZL13_cdcInterface
                0x000871aa       0x42 core.a(CDC.o)
 *fill*         0x000871ec        0x4 
 .rodata._ZTV9Keyboard_
                0x000871f0       0x20 core.a(HID.o)
                0x000871f0                vtable for Keyboard_
 .rodata._asciimap
                0x00087210       0x80 core.a(HID.o)
                0x00087210                _asciimap
 .rodata._hidInterface
                0x00087290       0x19 core.a(HID.o)
                0x00087290                _hidInterface
 .rodata._hidReportDescriptor
                0x000872a9       0x65 core.a(HID.o)
                0x000872a9                _hidReportDescriptor
 .rodata.str1.1
                0x0008730e       0x54 C:/Users/Markus_User/programme/arduino-1.7.9.org-windows/arduino-1.7.9/hardware/arduino/sam/variants/arduino_due_x/libsam_sam3x8e_gcc_rel.a(tc.o)
 .rodata.__func__.6634
                0x00087362        0xd C:/Users/Markus_User/programme/arduino-1.7.9.org-windows/arduino-1.7.9/hardware/arduino/sam/variants/arduino_due_x/libsam_sam3x8e_gcc_rel.a(tc.o)
 .rodata.__func__.6640
                0x0008736f        0x9 C:/Users/Markus_User/programme/arduino-1.7.9.org-windows/arduino-1.7.9/hardware/arduino/sam/variants/arduino_due_x/libsam_sam3x8e_gcc_rel.a(tc.o)
 .rodata.C.0.8146
                0x00087378       0x40 C:/Users/Markus_User/programme/arduino-1.7.9.org-windows/arduino-1.7.9/hardware/arduino/sam/variants/arduino_due_x/libsam_sam3x8e_gcc_rel.a(adc.o)
 .rodata.str1.4
                0x000873b8       0x3f c:/users/markus_user/programme/arduino-1.7.9.org-windows/arduino-1.7.9/hardware/tools/gcc-arm-none-eabi-4.8.3-2014q1/bin/../lib/gcc/arm-none-eabi/4.8.3/../../../../arm-none-eabi/lib/armv7-m\libg.a(lib_a-assert.o)
                                 0x44 (size before relaxing)
 *fill*         0x000873f7        0x1 
 .rodata.str1.4
                0x000873f8        0x2 c:/users/markus_user/programme/arduino-1.7.9.org-windows/arduino-1.7.9/hardware/tools/gcc-arm-none-eabi-4.8.3-2014q1/bin/../lib/gcc/arm-none-eabi/4.8.3/../../../../arm-none-eabi/lib/armv7-m\libg.a(lib_a-impure.o)
                                  0x4 (size before relaxing)
 *fill*         0x000873fa        0x2 
 .rodata._global_impure_ptr
                0x000873fc        0x4 c:/users/markus_user/programme/arduino-1.7.9.org-windows/arduino-1.7.9/hardware/tools/gcc-arm-none-eabi-4.8.3-2014q1/bin/../lib/gcc/arm-none-eabi/4.8.3/../../../../arm-none-eabi/lib/armv7-m\libg.a(lib_a-impure.o)
                0x000873fc                _global_impure_ptr
 .rodata.blanks.6717
                0x00087400       0x10 c:/users/markus_user/programme/arduino-1.7.9.org-windows/arduino-1.7.9/hardware/tools/gcc-arm-none-eabi-4.8.3-2014q1/bin/../lib/gcc/arm-none-eabi/4.8.3/../../../../arm-none-eabi/lib/armv7-m\libg.a(lib_a-vfiprintf.o)
 .rodata.str1.4
                0x00087410       0x30 c:/users/markus_user/programme/arduino-1.7.9.org-windows/arduino-1.7.9/hardware/tools/gcc-arm-none-eabi-4.8.3-2014q1/bin/../lib/gcc/arm-none-eabi/4.8.3/../../../../arm-none-eabi/lib/armv7-m\libg.a(lib_a-vfiprintf.o)
 .rodata.zeroes.6718
                0x00087440       0x10 c:/users/markus_user/programme/arduino-1.7.9.org-windows/arduino-1.7.9/hardware/tools/gcc-arm-none-eabi-4.8.3-2014q1/bin/../lib/gcc/arm-none-eabi/4.8.3/../../../../arm-none-eabi/lib/armv7-m\libg.a(lib_a-vfiprintf.o)
 *(.ARM.extab* .gnu.linkonce.armextab.*)
                0x00087450                . = ALIGN (0x4)
 *(.init)
 .init          0x00087450        0x4 c:/users/markus_user/programme/arduino-1.7.9.org-windows/arduino-1.7.9/hardware/tools/gcc-arm-none-eabi-4.8.3-2014q1/bin/../lib/gcc/arm-none-eabi/4.8.3/armv7-m/crti.o
                0x00087450                _init
 .init          0x00087454        0x8 c:/users/markus_user/programme/arduino-1.7.9.org-windows/arduino-1.7.9/hardware/tools/gcc-arm-none-eabi-4.8.3-2014q1/bin/../lib/gcc/arm-none-eabi/4.8.3/armv7-m/crtn.o
                0x0008745c                . = ALIGN (0x4)
                0x0008745c                __preinit_array_start = .
 *(.preinit_array)
                0x0008745c                __preinit_array_end = .
                0x0008745c                . = ALIGN (0x4)
                0x0008745c                __init_array_start = .
 *(SORT(.init_array.*))
 .init_array.00000
                0x0008745c        0x4 c:/users/markus_user/programme/arduino-1.7.9.org-windows/arduino-1.7.9/hardware/tools/gcc-arm-none-eabi-4.8.3-2014q1/bin/../lib/gcc/arm-none-eabi/4.8.3/../../../../arm-none-eabi/lib/armv7-m\libg.a(lib_a-__call_atexit.o)
 *(.init_array)
 .init_array    0x00087460        0x4 c:/users/markus_user/programme/arduino-1.7.9.org-windows/arduino-1.7.9/hardware/tools/gcc-arm-none-eabi-4.8.3-2014q1/bin/../lib/gcc/arm-none-eabi/4.8.3/armv7-m/crtbegin.o
 .init_array    0x00087464        0x4 sketch_mar12a.o
 .init_array    0x00087468        0x4 variant.o
 .init_array    0x0008746c        0x4 core.a(USBCore.o)
 .init_array    0x00087470        0x4 core.a(CDC.o)
 .init_array    0x00087474        0x4 core.a(HID.o)
                0x00087478                __init_array_end = .
                0x00087478                . = ALIGN (0x4)
 *crtbegin.o(.ctors)
 *(EXCLUDE_FILE(*crtend.o) .ctors)
 *(SORT(.ctors.*))
 *crtend.o(.ctors)
                0x00087478                . = ALIGN (0x4)
 *(.fini)
 .fini          0x00087478        0x4 c:/users/markus_user/programme/arduino-1.7.9.org-windows/arduino-1.7.9/hardware/tools/gcc-arm-none-eabi-4.8.3-2014q1/bin/../lib/gcc/arm-none-eabi/4.8.3/armv7-m/crti.o
                0x00087478                _fini
 .fini          0x0008747c        0x8 c:/users/markus_user/programme/arduino-1.7.9.org-windows/arduino-1.7.9/hardware/tools/gcc-arm-none-eabi-4.8.3-2014q1/bin/../lib/gcc/arm-none-eabi/4.8.3/armv7-m/crtn.o
                0x00087484                . = ALIGN (0x4)
                0x00087484                __fini_array_start = .
 *(.fini_array)
 .fini_array    0x00087484        0x4 c:/users/markus_user/programme/arduino-1.7.9.org-windows/arduino-1.7.9/hardware/tools/gcc-arm-none-eabi-4.8.3-2014q1/bin/../lib/gcc/arm-none-eabi/4.8.3/armv7-m/crtbegin.o
 *(SORT(.fini_array.*))
                0x00087488                __fini_array_end = .
 *crtbegin.o(.dtors)
 *(EXCLUDE_FILE(*crtend.o) .dtors)
 *(SORT(.dtors.*))
 *crtend.o(.dtors)
                0x00087488                . = ALIGN (0x4)
                0x00087488                _efixed = .
                0x00087488                PROVIDE (__exidx_start, .)

.vfp11_veneer   0x00087488        0x0
 .vfp11_veneer  0x00000000        0x0 linker stubs

.v4_bx          0x00087488        0x0
 .v4_bx         0x00000000        0x0 linker stubs

.iplt           0x00087488        0x0
 .iplt          0x00000000        0x0 c:/users/markus_user/programme/arduino-1.7.9.org-windows/arduino-1.7.9/hardware/tools/gcc-arm-none-eabi-4.8.3-2014q1/bin/../lib/gcc/arm-none-eabi/4.8.3/armv7-m/crtbegin.o

.ARM.exidx      0x00087488        0x8
 *(.ARM.exidx* .gnu.linkonce.armexidx.*)
 .ARM.exidx     0x00087488        0x8 c:/users/markus_user/programme/arduino-1.7.9.org-windows/arduino-1.7.9/hardware/tools/gcc-arm-none-eabi-4.8.3-2014q1/bin/../lib/gcc/arm-none-eabi/4.8.3/armv7-m\libgcc.a(_divdi3.o)
 .ARM.exidx     0x00087490        0x0 c:/users/markus_user/programme/arduino-1.7.9.org-windows/arduino-1.7.9/hardware/tools/gcc-arm-none-eabi-4.8.3-2014q1/bin/../lib/gcc/arm-none-eabi/4.8.3/armv7-m\libgcc.a(_udivdi3.o)
                                  0x8 (size before relaxing)
                0x00087490                PROVIDE (__exidx_end, .)

.eh_frame       0x00087490        0x0
 .eh_frame      0x00087490        0x0 c:/users/markus_user/programme/arduino-1.7.9.org-windows/arduino-1.7.9/hardware/tools/gcc-arm-none-eabi-4.8.3-2014q1/bin/../lib/gcc/arm-none-eabi/4.8.3/armv7-m/crtbegin.o

.rel.dyn        0x00087490        0x0
 .rel.iplt      0x00000000        0x0 c:/users/markus_user/programme/arduino-1.7.9.org-windows/arduino-1.7.9/hardware/tools/gcc-arm-none-eabi-4.8.3-2014q1/bin/../lib/gcc/arm-none-eabi/4.8.3/armv7-m/crtbegin.o

.jcr            0x00087490        0x0
 .jcr           0x00087490        0x0 c:/users/markus_user/programme/arduino-1.7.9.org-windows/arduino-1.7.9/hardware/tools/gcc-arm-none-eabi-4.8.3-2014q1/bin/../lib/gcc/arm-none-eabi/4.8.3/armv7-m/crtbegin.o

.igot.plt       0x00087490        0x0
 .igot.plt      0x00000000        0x0 c:/users/markus_user/programme/arduino-1.7.9.org-windows/arduino-1.7.9/hardware/tools/gcc-arm-none-eabi-4.8.3-2014q1/bin/../lib/gcc/arm-none-eabi/4.8.3/armv7-m/crtbegin.o
                0x00087490                . = ALIGN (0x4)
                0x00087490                _etext = .

.relocate       0x20070000      0x8b4 load address 0x00087490
                0x20070000                . = ALIGN (0x4)
                0x20070000                _srelocate = .
 *(.ramfunc .ramfunc.*)
 .ramfunc       0x20070000       0x2c core.a(Reset.o)
                0x20070000                banzai
 *(.data .data.*)
 .data.simulatorDirection
                0x2007002c        0x1 servoControl.o
                0x2007002c                simulatorDirection
 *fill*         0x2007002d        0x3 
 .data.latestSelectedChannel.9367
                0x20070030        0x4 core.a(wiring_analog.o)
 .data._readResolution
                0x20070034        0x4 core.a(wiring_analog.o)
 .data._ZL12_usbLineInfo
                0x20070038        0x8 core.a(CDC.o)
 .data._hid_protocol
                0x20070040        0x1 core.a(HID.o)
                0x20070040                _hid_protocol
 .data._hid_idle
                0x20070041        0x1 core.a(HID.o)
                0x20070041                _hid_idle
 *fill*         0x20070042        0x2 
 .data._ZL5ticks
                0x20070044        0x4 core.a(Reset.o)
 .data.SystemCoreClock
                0x20070048        0x4 C:/Users/Markus_User/programme/arduino-1.7.9.org-windows/arduino-1.7.9/hardware/arduino/sam/variants/arduino_due_x/libsam_sam3x8e_gcc_rel.a(system_sam3xa.o)
                0x20070048                SystemCoreClock
 .data.g_interrupt_enabled
                0x2007004c        0x4 C:/Users/Markus_User/programme/arduino-1.7.9.org-windows/arduino-1.7.9/hardware/arduino/sam/variants/arduino_due_x/libsam_sam3x8e_gcc_rel.a(interrupt_sam_nvic.o)
                0x2007004c                g_interrupt_enabled
 .data.impure_data
                0x20070050      0x428 c:/users/markus_user/programme/arduino-1.7.9.org-windows/arduino-1.7.9/hardware/tools/gcc-arm-none-eabi-4.8.3-2014q1/bin/../lib/gcc/arm-none-eabi/4.8.3/../../../../arm-none-eabi/lib/armv7-m\libg.a(lib_a-impure.o)
 .data._impure_ptr
                0x20070478        0x4 c:/users/markus_user/programme/arduino-1.7.9.org-windows/arduino-1.7.9/hardware/tools/gcc-arm-none-eabi-4.8.3-2014q1/bin/../lib/gcc/arm-none-eabi/4.8.3/../../../../arm-none-eabi/lib/armv7-m\libg.a(lib_a-impure.o)
                0x20070478                _impure_ptr
 .data.__malloc_av_
                0x2007047c      0x408 c:/users/markus_user/programme/arduino-1.7.9.org-windows/arduino-1.7.9/hardware/tools/gcc-arm-none-eabi-4.8.3-2014q1/bin/../lib/gcc/arm-none-eabi/4.8.3/../../../../arm-none-eabi/lib/armv7-m\libg.a(lib_a-mallocr.o)
                0x2007047c                __malloc_av_
 .data.__malloc_trim_threshold
                0x20070884        0x4 c:/users/markus_user/programme/arduino-1.7.9.org-windows/arduino-1.7.9/hardware/tools/gcc-arm-none-eabi-4.8.3-2014q1/bin/../lib/gcc/arm-none-eabi/4.8.3/../../../../arm-none-eabi/lib/armv7-m\libg.a(lib_a-mallocr.o)
                0x20070884                __malloc_trim_threshold
 .data.__malloc_sbrk_base
                0x20070888        0x4 c:/users/markus_user/programme/arduino-1.7.9.org-windows/arduino-1.7.9/hardware/tools/gcc-arm-none-eabi-4.8.3-2014q1/bin/../lib/gcc/arm-none-eabi/4.8.3/../../../../arm-none-eabi/lib/armv7-m\libg.a(lib_a-mallocr.o)
                0x20070888                __malloc_sbrk_base
 .data.lc_ctype_charset
                0x2007088c       0x20 c:/users/markus_user/programme/arduino-1.7.9.org-windows/arduino-1.7.9/hardware/tools/gcc-arm-none-eabi-4.8.3-2014q1/bin/../lib/gcc/arm-none-eabi/4.8.3/../../../../arm-none-eabi/lib/armv7-m\libg.a(lib_a-locale.o)
 .data.__mb_cur_max
                0x200708ac        0x4 c:/users/markus_user/programme/arduino-1.7.9.org-windows/arduino-1.7.9/hardware/tools/gcc-arm-none-eabi-4.8.3-2014q1/bin/../lib/gcc/arm-none-eabi/4.8.3/../../../../arm-none-eabi/lib/armv7-m\libg.a(lib_a-locale.o)
                0x200708ac                __mb_cur_max
 .data.__wctomb
                0x200708b0        0x4 c:/users/markus_user/programme/arduino-1.7.9.org-windows/arduino-1.7.9/hardware/tools/gcc-arm-none-eabi-4.8.3-2014q1/bin/../lib/gcc/arm-none-eabi/4.8.3/../../../../arm-none-eabi/lib/armv7-m\libg.a(lib_a-wctomb_r.o)
                0x200708b0                __wctomb
                0x200708b4                . = ALIGN (0x4)
                0x200708b4                _erelocate = .

.bss            0x200708b4      0xa24 load address 0x00087d44
                0x200708b4                . = ALIGN (0x4)
                0x200708b4                _sbss = .
                0x200708b4                _szero = .
 *(.bss .bss.*)
 .bss           0x200708b4       0x1c c:/users/markus_user/programme/arduino-1.7.9.org-windows/arduino-1.7.9/hardware/tools/gcc-arm-none-eabi-4.8.3-2014q1/bin/../lib/gcc/arm-none-eabi/4.8.3/armv7-m/crtbegin.o
 .bss.heap.6416
                0x200708d0        0x4 syscalls_sam3.o
 .bss._ZL10brakeState
                0x200708d4        0x1 brake.o
 *fill*         0x200708d5        0x3 
 .bss._ZL8servoPos
                0x200708d8        0x4 servoControl.o
 .bss.brakeSimulator
                0x200708dc        0x3 sketch_mar12a.o
                0x200708dc                brakeSimulator
 .bss.brakeStatus
                0x200708df        0x1 sketch_mar12a.o
                0x200708df                brakeStatus
 .bss.tx_buffer2
                0x200708e0       0x88 variant.o
                0x200708e0                tx_buffer2
 .bss.tx_buffer1
                0x20070968       0x88 variant.o
                0x20070968                tx_buffer1
 .bss.Serial    0x200709f0       0x24 variant.o
                0x200709f0                Serial
 .bss.rx_buffer1
                0x20070a14       0x88 variant.o
                0x20070a14                rx_buffer1
 .bss.Serial1   0x20070a9c       0x28 variant.o
                0x20070a9c                Serial1
 .bss.Serial2   0x20070ac4       0x28 variant.o
                0x20070ac4                Serial2
 .bss.Serial3   0x20070aec       0x28 variant.o
                0x20070aec                Serial3
 .bss.tx_buffer3
                0x20070b14       0x88 variant.o
                0x20070b14                tx_buffer3
 .bss.tx_buffer4
                0x20070b9c       0x88 variant.o
                0x20070b9c                tx_buffer4
 .bss.rx_buffer2
                0x20070c24       0x88 variant.o
                0x20070c24                rx_buffer2
 .bss.rx_buffer3
                0x20070cac       0x88 variant.o
                0x20070cac                rx_buffer3
 .bss.rx_buffer4
                0x20070d34       0x88 variant.o
                0x20070d34                rx_buffer4
 .bss.pinEnabled
                0x20070dbc       0x4f core.a(wiring_analog.o)
 .bss._ZL14isEndpointHalt
                0x20070e0b        0x1 core.a(USBCore.o)
 .bss._cmark    0x20070e0c        0x4 core.a(USBCore.o)
                0x20070e0c                _cmark
 .bss._cend     0x20070e10        0x4 core.a(USBCore.o)
                0x20070e10                _cend
 .bss._cdcComposite
                0x20070e14        0x4 core.a(USBCore.o)
                0x20070e14                _cdcComposite
 .bss._ZL21isRemoteWakeUpEnabled
                0x20070e18        0x1 core.a(USBCore.o)
 *fill*         0x20070e19        0x3 
 .bss._usbInitialized
                0x20070e1c        0x4 core.a(USBCore.o)
                0x20070e1c                _usbInitialized
 .bss.USBDevice
                0x20070e20        0x1 core.a(USBCore.o)
                0x20070e20                USBDevice
 *fill*         0x20070e21        0x3 
 .bss._usbSetInterface
                0x20070e24        0x4 core.a(USBCore.o)
                0x20070e24                _usbSetInterface
 .bss._usbConfiguration
                0x20070e28        0x4 core.a(USBCore.o)
                0x20070e28                _usbConfiguration
 .bss.cdc_rx_buffer
                0x20070e2c      0x208 core.a(CDC.o)
                0x20070e2c                cdc_rx_buffer
 .bss._ZZN7Serial_6acceptEvE5guard
                0x20071034        0x4 core.a(CDC.o)
 .bss.SerialUSB
                0x20071038       0x14 core.a(CDC.o)
                0x20071038                SerialUSB
 .bss.Mouse     0x2007104c        0x1 core.a(HID.o)
                0x2007104c                Mouse
 *fill*         0x2007104d        0x3 
 .bss.Keyboard  0x20071050       0x10 core.a(HID.o)
                0x20071050                Keyboard
 .bss._dwTickCount
                0x20071060        0x4 C:/Users/Markus_User/programme/arduino-1.7.9.org-windows/arduino-1.7.9/hardware/arduino/sam/variants/arduino_due_x/libsam_sam3x8e_gcc_rel.a(timetick.o)
 .bss.gpf_isr   0x20071064        0x4 C:/Users/Markus_User/programme/arduino-1.7.9.org-windows/arduino-1.7.9/hardware/arduino/sam/variants/arduino_due_x/libsam_sam3x8e_gcc_rel.a(uotghs.o)
                0x20071064                gpf_isr
 .bss.ul_recv_fifo_ptr
                0x20071068       0x28 C:/Users/Markus_User/programme/arduino-1.7.9.org-windows/arduino-1.7.9/hardware/arduino/sam/variants/arduino_due_x/libsam_sam3x8e_gcc_rel.a(uotghs_device.o)
 .bss.ul_send_fifo_ptr
                0x20071090       0x28 C:/Users/Markus_User/programme/arduino-1.7.9.org-windows/arduino-1.7.9/hardware/arduino/sam/variants/arduino_due_x/libsam_sam3x8e_gcc_rel.a(uotghs_device.o)
 .bss.ServoCount
                0x200710b8        0x1 libraries.a(servo.o)
                0x200710b8                ServoCount
 .bss._ZL7Channel
                0x200710b9        0x5 libraries.a(servo.o)
 *fill*         0x200710be        0x2 
 .bss._ZL6servos
                0x200710c0      0x1e0 libraries.a(servo.o)
 .bss.__malloc_max_total_mem
                0x200712a0        0x4 c:/users/markus_user/programme/arduino-1.7.9.org-windows/arduino-1.7.9/hardware/tools/gcc-arm-none-eabi-4.8.3-2014q1/bin/../lib/gcc/arm-none-eabi/4.8.3/../../../../arm-none-eabi/lib/armv7-m\libg.a(lib_a-mallocr.o)
                0x200712a0                __malloc_max_total_mem
 .bss.__malloc_max_sbrked_mem
                0x200712a4        0x4 c:/users/markus_user/programme/arduino-1.7.9.org-windows/arduino-1.7.9/hardware/tools/gcc-arm-none-eabi-4.8.3-2014q1/bin/../lib/gcc/arm-none-eabi/4.8.3/../../../../arm-none-eabi/lib/armv7-m\libg.a(lib_a-mallocr.o)
                0x200712a4                __malloc_max_sbrked_mem
 .bss.__malloc_top_pad
                0x200712a8        0x4 c:/users/markus_user/programme/arduino-1.7.9.org-windows/arduino-1.7.9/hardware/tools/gcc-arm-none-eabi-4.8.3-2014q1/bin/../lib/gcc/arm-none-eabi/4.8.3/../../../../arm-none-eabi/lib/armv7-m\libg.a(lib_a-mallocr.o)
                0x200712a8                __malloc_top_pad
 .bss.__malloc_current_mallinfo
                0x200712ac       0x28 c:/users/markus_user/programme/arduino-1.7.9.org-windows/arduino-1.7.9/hardware/tools/gcc-arm-none-eabi-4.8.3-2014q1/bin/../lib/gcc/arm-none-eabi/4.8.3/../../../../arm-none-eabi/lib/armv7-m\libg.a(lib_a-mallocr.o)
                0x200712ac                __malloc_current_mallinfo
 *(COMMON)
 COMMON         0x200712d4        0x4 c:/users/markus_user/programme/arduino-1.7.9.org-windows/arduino-1.7.9/hardware/tools/gcc-arm-none-eabi-4.8.3-2014q1/bin/../lib/gcc/arm-none-eabi/4.8.3/../../../../arm-none-eabi/lib/armv7-m\libg.a(lib_a-reent.o)
                0x200712d4                errno
                0x200712d8                . = ALIGN (0x4)
                0x200712d8                _ebss = .
                0x200712d8                _ezero = .
                0x200712d8                . = ALIGN (0x4)
                0x200712d8                _end = .

.stack_dummy    0x200712d8        0x0
 *(.stack*)
                0x20088000                __StackTop = (ORIGIN (ram) + 0x18000)
                0x20088000                __StackLimit = (__StackTop - SIZEOF (.stack_dummy))
                0x20088000                PROVIDE (_sstack, __StackLimit)
                0x20088000                PROVIDE (_estack, __StackTop)
OUTPUT(./Debug/sketch.elf elf32-littlearm)

.ARM.attributes
                0x00000000       0x29
 .ARM.attributes
                0x00000000       0x1d c:/users/markus_user/programme/arduino-1.7.9.org-windows/arduino-1.7.9/hardware/tools/gcc-arm-none-eabi-4.8.3-2014q1/bin/../lib/gcc/arm-none-eabi/4.8.3/armv7-m/crti.o
 .ARM.attributes
                0x0000001d       0x2d c:/users/markus_user/programme/arduino-1.7.9.org-windows/arduino-1.7.9/hardware/tools/gcc-arm-none-eabi-4.8.3-2014q1/bin/../lib/gcc/arm-none-eabi/4.8.3/armv7-m/crtbegin.o
 .ARM.attributes
                0x0000004a       0x33 syscalls_sam3.o
 .ARM.attributes
                0x0000007d       0x33 brake.o
 .ARM.attributes
                0x000000b0       0x33 evaluation.o
 .ARM.attributes
                0x000000e3       0x33 servoControl.o
 .ARM.attributes
                0x00000116       0x33 sketch_mar12a.o
 .ARM.attributes
                0x00000149       0x33 variant.o
 .ARM.attributes
                0x0000017c       0x33 core.a(wiring.o)
 .ARM.attributes
                0x000001af       0x33 core.a(wiring_analog.o)
 .ARM.attributes
                0x000001e2       0x33 core.a(wiring_digital.o)
 .ARM.attributes
                0x00000215       0x33 core.a(main.o)
 .ARM.attributes
                0x00000248       0x33 core.a(Print.o)
 .ARM.attributes
                0x0000027b       0x33 core.a(RingBuffer.o)
 .ARM.attributes
                0x000002ae       0x33 core.a(UARTClass.o)
 .ARM.attributes
                0x000002e1       0x33 core.a(USARTClass.o)
 .ARM.attributes
                0x00000314       0x33 core.a(USBCore.o)
 .ARM.attributes
                0x00000347       0x33 core.a(WString.o)
 .ARM.attributes
                0x0000037a       0x33 core.a(hooks.o)
 .ARM.attributes
                0x000003ad       0x33 core.a(CDC.o)
 .ARM.attributes
                0x000003e0       0x33 core.a(HID.o)
 .ARM.attributes
                0x00000413       0x33 core.a(Reset.o)
 .ARM.attributes
                0x00000446       0x31 C:/Users/Markus_User/programme/arduino-1.7.9.org-windows/arduino-1.7.9/hardware/arduino/sam/variants/arduino_due_x/libsam_sam3x8e_gcc_rel.a(pio.o)
 .ARM.attributes
                0x00000477       0x31 C:/Users/Markus_User/programme/arduino-1.7.9.org-windows/arduino-1.7.9/hardware/arduino/sam/variants/arduino_due_x/libsam_sam3x8e_gcc_rel.a(pmc.o)
 .ARM.attributes
                0x000004a8       0x31 C:/Users/Markus_User/programme/arduino-1.7.9.org-windows/arduino-1.7.9/hardware/arduino/sam/variants/arduino_due_x/libsam_sam3x8e_gcc_rel.a(tc.o)
 .ARM.attributes
                0x000004d9       0x31 C:/Users/Markus_User/programme/arduino-1.7.9.org-windows/arduino-1.7.9/hardware/arduino/sam/variants/arduino_due_x/libsam_sam3x8e_gcc_rel.a(timetick.o)
 .ARM.attributes
                0x0000050a       0x31 C:/Users/Markus_User/programme/arduino-1.7.9.org-windows/arduino-1.7.9/hardware/arduino/sam/variants/arduino_due_x/libsam_sam3x8e_gcc_rel.a(wdt.o)
 .ARM.attributes
                0x0000053b       0x31 C:/Users/Markus_User/programme/arduino-1.7.9.org-windows/arduino-1.7.9/hardware/arduino/sam/variants/arduino_due_x/libsam_sam3x8e_gcc_rel.a(system_sam3xa.o)
 .ARM.attributes
                0x0000056c       0x31 C:/Users/Markus_User/programme/arduino-1.7.9.org-windows/arduino-1.7.9/hardware/arduino/sam/variants/arduino_due_x/libsam_sam3x8e_gcc_rel.a(startup_sam3xa.o)
 .ARM.attributes
                0x0000059d       0x31 C:/Users/Markus_User/programme/arduino-1.7.9.org-windows/arduino-1.7.9/hardware/arduino/sam/variants/arduino_due_x/libsam_sam3x8e_gcc_rel.a(adc.o)
 .ARM.attributes
                0x000005ce       0x31 C:/Users/Markus_User/programme/arduino-1.7.9.org-windows/arduino-1.7.9/hardware/arduino/sam/variants/arduino_due_x/libsam_sam3x8e_gcc_rel.a(uotghs.o)
 .ARM.attributes
                0x000005ff       0x31 C:/Users/Markus_User/programme/arduino-1.7.9.org-windows/arduino-1.7.9/hardware/arduino/sam/variants/arduino_due_x/libsam_sam3x8e_gcc_rel.a(interrupt_sam_nvic.o)
 .ARM.attributes
                0x00000630       0x31 C:/Users/Markus_User/programme/arduino-1.7.9.org-windows/arduino-1.7.9/hardware/arduino/sam/variants/arduino_due_x/libsam_sam3x8e_gcc_rel.a(uotghs_device.o)
 .ARM.attributes
                0x00000661       0x33 libraries.a(servo.o)
 .ARM.attributes
                0x00000694       0x33 core.a(cortex_handlers.o)
 .ARM.attributes
                0x000006c7       0x33 core.a(WMath.o)
 .ARM.attributes
                0x000006fa       0x1d c:/users/markus_user/programme/arduino-1.7.9.org-windows/arduino-1.7.9/hardware/tools/gcc-arm-none-eabi-4.8.3-2014q1/bin/../lib/gcc/arm-none-eabi/4.8.3/armv7-m\libgcc.a(_arm_addsubdf3.o)
 .ARM.attributes
                0x00000717       0x1d c:/users/markus_user/programme/arduino-1.7.9.org-windows/arduino-1.7.9/hardware/tools/gcc-arm-none-eabi-4.8.3-2014q1/bin/../lib/gcc/arm-none-eabi/4.8.3/armv7-m\libgcc.a(_arm_muldivdf3.o)
 .ARM.attributes
                0x00000734       0x1d c:/users/markus_user/programme/arduino-1.7.9.org-windows/arduino-1.7.9/hardware/tools/gcc-arm-none-eabi-4.8.3-2014q1/bin/../lib/gcc/arm-none-eabi/4.8.3/armv7-m\libgcc.a(_arm_cmpdf2.o)
 .ARM.attributes
                0x00000751       0x1d c:/users/markus_user/programme/arduino-1.7.9.org-windows/arduino-1.7.9/hardware/tools/gcc-arm-none-eabi-4.8.3-2014q1/bin/../lib/gcc/arm-none-eabi/4.8.3/armv7-m\libgcc.a(_arm_fixdfsi.o)
 .ARM.attributes
                0x0000076e       0x1d c:/users/markus_user/programme/arduino-1.7.9.org-windows/arduino-1.7.9/hardware/tools/gcc-arm-none-eabi-4.8.3-2014q1/bin/../lib/gcc/arm-none-eabi/4.8.3/armv7-m\libgcc.a(_arm_fixunsdfsi.o)
 .ARM.attributes
                0x0000078b       0x1d c:/users/markus_user/programme/arduino-1.7.9.org-windows/arduino-1.7.9/hardware/tools/gcc-arm-none-eabi-4.8.3-2014q1/bin/../lib/gcc/arm-none-eabi/4.8.3/armv7-m\libgcc.a(_arm_truncdfsf2.o)
 .ARM.attributes
                0x000007a8       0x1d c:/users/markus_user/programme/arduino-1.7.9.org-windows/arduino-1.7.9/hardware/tools/gcc-arm-none-eabi-4.8.3-2014q1/bin/../lib/gcc/arm-none-eabi/4.8.3/armv7-m\libgcc.a(_arm_cmpsf2.o)
 .ARM.attributes
                0x000007c5       0x2d c:/users/markus_user/programme/arduino-1.7.9.org-windows/arduino-1.7.9/hardware/tools/gcc-arm-none-eabi-4.8.3-2014q1/bin/../lib/gcc/arm-none-eabi/4.8.3/../../../../arm-none-eabi/lib/armv7-m\libg.a(lib_a-assert.o)
 .ARM.attributes
                0x000007f2       0x2d c:/users/markus_user/programme/arduino-1.7.9.org-windows/arduino-1.7.9/hardware/tools/gcc-arm-none-eabi-4.8.3-2014q1/bin/../lib/gcc/arm-none-eabi/4.8.3/../../../../arm-none-eabi/lib/armv7-m\libg.a(lib_a-fiprintf.o)
 .ARM.attributes