Archive member included because of file (symbol)

core.a(wiring.o)              brake.o (delay)
core.a(wiring_analog.o)       sketch_mar12a.o (analogReadResolution)
core.a(wiring_digital.o)      sketch_mar12a.o (pinMode)
core.a(main.o)                c:/users/markus_user/programme/arduino-1.7.9.org-windows/arduino-1.7.9/hardware/tools/gcc-arm-none-eabi-4.8.3-2014q1/bin/../lib/gcc/arm-none-eabi/4.8.3/../../../../arm-none-eabi/lib/armv7-m/crt0.o (main)
core.a(Print.o)               sketch_mar12a.o (Print::print(char const*))
core.a(RingBuffer.o)          variant.o (RingBuffer::RingBuffer())
core.a(UARTClass.o)           variant.o (UARTClass::available())
core.a(USARTClass.o)          variant.o (USARTClass::USARTClass(Usart*, IRQn, unsigned long, RingBuffer*, RingBuffer*))
core.a(USBCore.o)             core.a(main.o) (USBDevice_::attach())
core.a(WString.o)             sketch_mar12a.o (String::~String())
core.a(dtostrf.o)             core.a(WString.o) (dtostrf)
core.a(hooks.o)               core.a(wiring.o) (yield)
core.a(itoa.o)                core.a(WString.o) (ltoa)
core.a(CDC.o)                 core.a(USBCore.o) (Serial_::accept())
core.a(HID.o)                 core.a(USBCore.o) (HID_GetInterface(unsigned char*))
core.a(Reset.o)               core.a(CDC.o) (initiateReset)
C:/Users/Markus_User/programme/arduino-1.7.9.org-windows/arduino-1.7.9/hardware/arduino/sam/variants/arduino_due_x/libsam_sam3x8e_gcc_rel.a(pio.o)
                              core.a(wiring_digital.o) (PIO_PullUp)
C:/Users/Markus_User/programme/arduino-1.7.9.org-windows/arduino-1.7.9/hardware/arduino/sam/variants/arduino_due_x/libsam_sam3x8e_gcc_rel.a(pmc.o)
                              variant.o (pmc_enable_periph_clk)
C:/Users/Markus_User/programme/arduino-1.7.9.org-windows/arduino-1.7.9/hardware/arduino/sam/variants/arduino_due_x/libsam_sam3x8e_gcc_rel.a(pwmc.o)
                              core.a(wiring_analog.o) (PWMC_ConfigureChannel)
C:/Users/Markus_User/programme/arduino-1.7.9.org-windows/arduino-1.7.9/hardware/arduino/sam/variants/arduino_due_x/libsam_sam3x8e_gcc_rel.a(tc.o)
                              core.a(wiring_analog.o) (TC_Configure)
C:/Users/Markus_User/programme/arduino-1.7.9.org-windows/arduino-1.7.9/hardware/arduino/sam/variants/arduino_due_x/libsam_sam3x8e_gcc_rel.a(timetick.o)
                              core.a(wiring.o) (GetTickCount)
C:/Users/Markus_User/programme/arduino-1.7.9.org-windows/arduino-1.7.9/hardware/arduino/sam/variants/arduino_due_x/libsam_sam3x8e_gcc_rel.a(wdt.o)
                              variant.o (WDT_Disable)
C:/Users/Markus_User/programme/arduino-1.7.9.org-windows/arduino-1.7.9/hardware/arduino/sam/variants/arduino_due_x/libsam_sam3x8e_gcc_rel.a(system_sam3xa.o)
                              variant.o (SystemInit)
C:/Users/Markus_User/programme/arduino-1.7.9.org-windows/arduino-1.7.9/hardware/arduino/sam/variants/arduino_due_x/libsam_sam3x8e_gcc_rel.a(startup_sam3xa.o)
                              (Reset_Handler)
C:/Users/Markus_User/programme/arduino-1.7.9.org-windows/arduino-1.7.9/hardware/arduino/sam/variants/arduino_due_x/libsam_sam3x8e_gcc_rel.a(adc.o)
                              variant.o (adc_init)
C:/Users/Markus_User/programme/arduino-1.7.9.org-windows/arduino-1.7.9/hardware/arduino/sam/variants/arduino_due_x/libsam_sam3x8e_gcc_rel.a(uotghs.o)
                              C:/Users/Markus_User/programme/arduino-1.7.9.org-windows/arduino-1.7.9/hardware/arduino/sam/variants/arduino_due_x/libsam_sam3x8e_gcc_rel.a(startup_sam3xa.o) (UOTGHS_Handler)
C:/Users/Markus_User/programme/arduino-1.7.9.org-windows/arduino-1.7.9/hardware/arduino/sam/variants/arduino_due_x/libsam_sam3x8e_gcc_rel.a(interrupt_sam_nvic.o)
                              core.a(USBCore.o) (g_interrupt_enabled)
C:/Users/Markus_User/programme/arduino-1.7.9.org-windows/arduino-1.7.9/hardware/arduino/sam/variants/arduino_due_x/libsam_sam3x8e_gcc_rel.a(uotghs_device.o)
                              core.a(USBCore.o) (UDD_SetStack)
C:/Users/Markus_User/programme/arduino-1.7.9.org-windows/arduino-1.7.9/hardware/arduino/sam/variants/arduino_due_x/libsam_sam3x8e_gcc_rel.a(dacc.o)
                              core.a(wiring_analog.o) (dacc_reset)
core.a(cortex_handlers.o)     C:/Users/Markus_User/programme/arduino-1.7.9.org-windows/arduino-1.7.9/hardware/arduino/sam/variants/arduino_due_x/libsam_sam3x8e_gcc_rel.a(startup_sam3xa.o) (NMI_Handler)
c:/users/markus_user/programme/arduino-1.7.9.org-windows/arduino-1.7.9/hardware/tools/gcc-arm-none-eabi-4.8.3-2014q1/bin/../lib/gcc/arm-none-eabi/4.8.3/armv7-m\libgcc.a(_arm_addsubdf3.o)
                              core.a(Print.o) (__aeabi_dsub)
c:/users/markus_user/programme/arduino-1.7.9.org-windows/arduino-1.7.9/hardware/tools/gcc-arm-none-eabi-4.8.3-2014q1/bin/../lib/gcc/arm-none-eabi/4.8.3/armv7-m\libgcc.a(_arm_muldivdf3.o)
                              sketch_mar12a.o (__aeabi_dmul)
[...]
Memory Configuration

Name             Origin             Length             Attributes
rom              0x00080000         0x00080000         xr
sram0            0x20000000         0x00010000         xrw
sram1            0x20080000         0x00008000         xrw
ram              0x20070000         0x00018000         xrw
*default*        0x00000000         0xffffffff

Linker script and memory map

LOAD c:/users/markus_user/programme/arduino-1.7.9.org-windows/arduino-1.7.9/hardware/tools/gcc-arm-none-eabi-4.8.3-2014q1/bin/../lib/gcc/arm-none-eabi/4.8.3/armv7-m/crti.o
LOAD c:/users/markus_user/programme/arduino-1.7.9.org-windows/arduino-1.7.9/hardware/tools/gcc-arm-none-eabi-4.8.3-2014q1/bin/../lib/gcc/arm-none-eabi/4.8.3/armv7-m/crtbegin.o
LOAD c:/users/markus_user/programme/arduino-1.7.9.org-windows/arduino-1.7.9/hardware/tools/gcc-arm-none-eabi-4.8.3-2014q1/bin/../lib/gcc/arm-none-eabi/4.8.3/../../../../arm-none-eabi/lib/armv7-m/crt0.o
LOAD c:/users/markus_user/programme/arduino-1.7.9.org-windows/arduino-1.7.9/hardware/tools/gcc-arm-none-eabi-4.8.3-2014q1/bin/../lib/gcc/arm-none-eabi/4.8.3/../../../../arm-none-eabi/lib/armv7-m\libm.a
START GROUP
LOAD syscalls_sam3.o
LOAD brake.o
LOAD sketch_mar12a.o
LOAD variant.o
LOAD core.a
LOAD C:/Users/Markus_User/programme/arduino-1.7.9.org-windows/arduino-1.7.9/hardware/arduino/sam/variants/arduino_due_x/libsam_sam3x8e_gcc_rel.a
LOAD libraries.a
END GROUP
START GROUP
LOAD c:/users/markus_user/programme/arduino-1.7.9.org-windows/arduino-1.7.9/hardware/tools/gcc-arm-none-eabi-4.8.3-2014q1/bin/../lib/gcc/arm-none-eabi/4.8.3/armv7-m\libgcc.a
LOAD c:/users/markus_user/programme/arduino-1.7.9.org-windows/arduino-1.7.9/hardware/tools/gcc-arm-none-eabi-4.8.3-2014q1/bin/../lib/gcc/arm-none-eabi/4.8.3/../../../../arm-none-eabi/lib/armv7-m\libg.a
LOAD c:/users/markus_user/programme/arduino-1.7.9.org-windows/arduino-1.7.9/hardware/tools/gcc-arm-none-eabi-4.8.3-2014q1/bin/../lib/gcc/arm-none-eabi/4.8.3/../../../../arm-none-eabi/lib/armv7-m\libc.a
END GROUP
LOAD c:/users/markus_user/programme/arduino-1.7.9.org-windows/arduino-1.7.9/hardware/tools/gcc-arm-none-eabi-4.8.3-2014q1/bin/../lib/gcc/arm-none-eabi/4.8.3/armv7-m/crtend.o
LOAD c:/users/markus_user/programme/arduino-1.7.9.org-windows/arduino-1.7.9/hardware/tools/gcc-arm-none-eabi-4.8.3-2014q1/bin/../lib/gcc/arm-none-eabi/4.8.3/armv7-m/crtn.o

.text           0x00080000     0x4d90
                0x00080000                . = ALIGN (0x4)
                0x00080000                _sfixed = .
 *(.vectors .vectors.*)
 .vectors       0x00080000       0xf4 C:/Users/Markus_User/programme/arduino-1.7.9.org-windows/arduino-1.7.9/hardware/arduino/sam/variants/arduino_due_x/libsam_sam3x8e_gcc_rel.a(startup_sam3xa.o)
                0x00080000                exception_table
 *(.text .text.* .gnu.linkonce.t.*)
 .text          0x000800f4       0x54 c:/users/markus_user/programme/arduino-1.7.9.org-windows/arduino-1.7.9/hardware/tools/gcc-arm-none-eabi-4.8.3-2014q1/bin/../lib/gcc/arm-none-eabi/4.8.3/armv7-m/crtbegin.o
 .text._sbrk    0x00080148       0x1c syscalls_sam3.o
                0x00080148                _sbrk
 .text._Z14getBrakeStatusv
                0x00080164        0xc brake.o
                0x00080164                getBrakeStatus()
 .text._Z10applyBrakev
                0x00080170       0x30 brake.o
                0x00080170                applyBrake()
 .text._Z12releaseBrakev
                0x000801a0       0x30 brake.o
                0x000801a0                releaseBrake()
 .text._Z9brakeInitv
                0x000801d0       0x28 brake.o
                0x000801d0                brakeInit()
 .text._Z12readVccSensev
                0x000801f8       0x28 sketch_mar12a.o
                0x000801f8                readVccSense()
 .text._Z12readGndSensev
                0x00080220       0x28 sketch_mar12a.o
                0x00080220                readGndSense()
 .text._Z16readSwitchSense1v
                0x00080248       0x28 sketch_mar12a.o
                0x00080248                readSwitchSense1()
 .text._Z16readSwitchSense2v
                0x00080270       0x28 sketch_mar12a.o
                0x00080270                readSwitchSense2()
 .text._Z16evaluateVccSensef
                0x00080298       0x18 sketch_mar12a.o
                0x00080298                evaluateVccSense(float)
 .text._Z16evaluateGndSensef
                0x000802b0       0x28 sketch_mar12a.o
                0x000802b0                evaluateGndSense(float)
 .text._Z14evaluateSwitchf
                0x000802d8      0x2b0 sketch_mar12a.o
                0x000802d8                evaluateSwitch(float)
 .text._Z11reportError6String
                0x00080588       0x1c sketch_mar12a.o
                0x00080588                reportError(String)
 .text._Z17reportSwitchPress6String
                0x000805a4        0xc sketch_mar12a.o
                0x000805a4                reportSwitchPress(String)
 .text.loop     0x000805b0      0x1c0 sketch_mar12a.o
                0x000805b0                loop
 .text.startup._GLOBAL__sub_I_brakeSimulator
                0x00080770        0xc sketch_mar12a.o
 .text.setup    0x0008077c       0x5c sketch_mar12a.o
                0x0008077c                setup
 .text._Z11serialEventv
                0x000807d8        0x2 variant.o
                0x000807d8                serialEvent()
 *fill*         0x000807da        0x2 
 .text.UART_Handler
                0x000807dc        0xc variant.o
                0x000807dc                UART_Handler
 .text._Z12serialEvent1v
                0x000807e8        0x2 variant.o
                0x000807e8                serialEvent1()
 .text._Z12serialEvent2v
                0x000807ea        0x2 variant.o
                0x000807ea                serialEvent2()
 .text._Z12serialEvent3v
                0x000807ec        0x2 variant.o
                0x000807ec                serialEvent3()
 *fill*         0x000807ee        0x2 
 .text.USART0_Handler
                0x000807f0        0xc variant.o
                0x000807f0                USART0_Handler
 .text.USART1_Handler
                0x000807fc        0xc variant.o
                0x000807fc                USART1_Handler
 .text.USART3_Handler
                0x00080808        0xc variant.o
                0x00080808                USART3_Handler
 .text.init     0x00080814      0x130 variant.o
                0x00080814                init
 .text.startup._GLOBAL__sub_I_g_APinDescription
                0x00080944       0xd4 variant.o
 .text._Z14serialEventRunv
                0x00080a18       0x44 variant.o
                0x00080a18                serialEventRun()
 .text.delay    0x00080a5c       0x1c core.a(wiring.o)
                0x00080a5c                delay
 .text.mapResolution
                0x00080a78       0x12 core.a(wiring_analog.o)
 *fill*         0x00080a8a        0x2 
 .text.analogReadResolution
                0x00080a8c        0xc core.a(wiring_analog.o)
                0x00080a8c                analogReadResolution
 .text.analogRead
                0x00080a98       0x74 core.a(wiring_analog.o)
                0x00080a98                analogRead
 .text.analogOutputInit
                0x00080b0c       0x14 core.a(wiring_analog.o)
                0x00080b0c                analogOutputInit
 .text.pinMode  0x00080b20       0x64 core.a(wiring_digital.o)
                0x00080b20                pinMode
 .text.digitalWrite
                0x00080b84       0x48 core.a(wiring_digital.o)
                0x00080b84                digitalWrite
 .text.initVariant
                0x00080bcc        0x2 core.a(main.o)
                0x00080bcc                initVariant
 *fill*         0x00080bce        0x2 
 .text.startup.main
                0x00080bd0       0x34 core.a(main.o)
                0x00080bd0                main
 .text._ZN5Print5writeEPKhj
                0x00080c04       0x22 core.a(Print.o)
                0x00080c04                Print::write(unsigned char const*, unsigned int)
 .text._ZN5Print5writeEPKc
                0x00080c26       0x1e core.a(Print.o)
                0x00080c26                Print::write(char const*)
 .text._ZN5Print5printERK6String
                0x00080c44       0x10 core.a(Print.o)
                0x00080c44                Print::print(String const&)
 .text._ZN5Print5printEPKc
                0x00080c54        0x8 core.a(Print.o)
                0x00080c54                Print::print(char const*)
 .text._ZN5Print5printEc
                0x00080c5c        0xa core.a(Print.o)
                0x00080c5c                Print::print(char)
 .text._ZN5Print7printlnEv
                0x00080c66       0x18 core.a(Print.o)
                0x00080c66                Print::println()
 .text._ZN5Print7printlnERK6String
                0x00080c7e       0x14 core.a(Print.o)
                0x00080c7e                Print::println(String const&)
 .text._ZN5Print7printlnEPKc
                0x00080c92       0x14 core.a(Print.o)
                0x00080c92                Print::println(char const*)
 .text._ZN5Print11printNumberEmh
                0x00080ca6       0x3c core.a(Print.o)
                0x00080ca6                Print::printNumber(unsigned long, unsigned char)
 .text._ZN5Print5printEli
                0x00080ce2       0x3c core.a(Print.o)
                0x00080ce2                Print::print(long, int)
 *fill*         0x00080d1e        0x2 
 .text._ZN5Print10printFloatEdh
                0x00080d20      0x14c core.a(Print.o)
                0x00080d20                Print::printFloat(double, unsigned char)
 .text._ZN5Print5printEdi
                0x00080e6c        0xa core.a(Print.o)
                0x00080e6c                Print::print(double, int)
 .text._ZN5Print7printlnEdi
                0x00080e76       0x1c core.a(Print.o)
                0x00080e76                Print::println(double, int)
 .text._ZN10RingBufferC2Ev
                0x00080e92       0x1a core.a(RingBuffer.o)
                0x00080e92                RingBuffer::RingBuffer()
                0x00080e92                RingBuffer::RingBuffer()
 .text._ZN10RingBuffer10store_charEh
                0x00080eac       0x1e core.a(RingBuffer.o)
                0x00080eac                RingBuffer::store_char(unsigned char)
 .text._ZN9UARTClasscvbEv
                0x00080eca        0x4 core.a(UARTClass.o)
                0x00080eca                UARTClass::operator bool()
 .text._ZN9UARTClass9availableEv
                0x00080ece       0x12 core.a(UARTClass.o)
                0x00080ece                UARTClass::available()
 .text._ZN9UARTClass4peekEv
                0x00080ee0       0x1c core.a(UARTClass.o)
                0x00080ee0                UARTClass::peek()
 .text._ZN9UARTClass4readEv
                0x00080efc       0x2a core.a(UARTClass.o)
                0x00080efc                UARTClass::read()
 .text._ZN9UARTClass5flushEv
                0x00080f26       0x18 core.a(UARTClass.o)
                0x00080f26                UARTClass::flush()
 *fill*         0x00080f3e        0x2 
 .text._ZN9UARTClass5writeEh
                0x00080f40       0x54 core.a(UARTClass.o)
                0x00080f40                UARTClass::write(unsigned char)
 .text._ZN9UARTClass3endEv
                0x00080f94       0x3c core.a(UARTClass.o)
                0x00080f94                UARTClass::end()
 .text._ZN9UARTClassC2EP4Uart4IRQnmP10RingBufferS4_
                0x00080fd0       0x24 core.a(UARTClass.o)
                0x00080fd0                UARTClass::UARTClass(Uart*, IRQn, unsigned long, RingBuffer*, RingBuffer*)
                0x00080fd0                UARTClass::UARTClass(Uart*, IRQn, unsigned long, RingBuffer*, RingBuffer*)
 .text._ZN9UARTClass4initEmm
                0x00080ff4       0x70 core.a(UARTClass.o)
                0x00080ff4                UARTClass::init(unsigned long, unsigned long)
 .text._ZN9UARTClass5beginEm
                0x00081064        0x8 core.a(UARTClass.o)
                0x00081064                UARTClass::begin(unsigned long)
 .text._ZN9UARTClass10IrqHandlerEv
                0x0008106c       0x5a core.a(UARTClass.o)
                0x0008106c                UARTClass::IrqHandler()
 .text._ZN10USARTClass5beginEm
                0x000810c6        0x8 core.a(USARTClass.o)
                0x000810c6                USARTClass::begin(unsigned long)
 *fill*         0x000810ce        0x2 
 .text._ZN10USARTClassC2EP5Usart4IRQnmP10RingBufferS4_
                0x000810d0       0x24 core.a(USARTClass.o)
                0x000810d0                USARTClass::USARTClass(Usart*, IRQn, unsigned long, RingBuffer*, RingBuffer*)
                0x000810d0                USARTClass::USARTClass(Usart*, IRQn, unsigned long, RingBuffer*, RingBuffer*)
 .text.unlikely._ZL11USB_SendZlpv
                0x000810f4       0x20 core.a(USBCore.o)
 .text._Z14USBD_Availablem
                0x00081114       0x2c core.a(USBCore.o)
                0x00081114                USBD_Available(unsigned long)
 .text._Z9USBD_RecvmPvm
                0x00081140       0x7c core.a(USBCore.o)
                0x00081140                USBD_Recv(unsigned long, void*, unsigned long)
 .text._Z9USBD_Recvm
                0x000811bc       0x22 core.a(USBCore.o)
                0x000811bc                USBD_Recv(unsigned long)
 *fill*         0x000811de        0x2 
 .text._Z9USBD_SendmPKvm
                0x000811e0       0x4c core.a(USBCore.o)
                0x000811e0                USBD_Send(unsigned long, void const*, unsigned long)
 .text._Z16USBD_SendControlhPKvm
                0x0008122c       0x40 core.a(USBCore.o)
                0x0008122c                USBD_SendControl(unsigned char, void const*, unsigned long)
 .text.unlikely._ZL24USB_SendStringDescriptorPKhi
                0x0008126c       0x38 core.a(USBCore.o)
 .text._Z16USBD_RecvControlPvm
                0x000812a4       0x1c core.a(USBCore.o)
                0x000812a4                USBD_RecvControl(void*, unsigned long)
 .text._Z26USBD_ClassInterfaceRequestR5Setup
                0x000812c0       0x14 core.a(USBCore.o)
                0x000812c0                USBD_ClassInterfaceRequest(Setup&)
 .text._Z19USBD_SendInterfacesv
                0x000812d4       0x1e core.a(USBCore.o)
                0x000812d4                USBD_SendInterfaces()
 .text._Z24USBD_SendOtherInterfacesv
                0x000812f2       0x1e core.a(USBCore.o)
                0x000812f2                USBD_SendOtherInterfaces()
 .text._Z10USBD_Flushm
                0x00081310       0x16 core.a(USBCore.o)
                0x00081310                USBD_Flush(unsigned long)
 *fill*         0x00081326        0x2 
 .text._ZN10USBDevice_C2Ev
                0x00081328       0x24 core.a(USBCore.o)
                0x00081328                USBDevice_::USBDevice_()
                0x00081328                USBDevice_::USBDevice_()
 .text._ZN10USBDevice_6attachEv
                0x0008134c       0x20 core.a(USBCore.o)
                0x0008134c                USBDevice_::attach()
 .text.startup._GLOBAL__sub_I_TxLEDPulse
                0x0008136c        0xc core.a(USBCore.o)
 .text._ZL7USB_ISRv
                0x00081378      0x424 core.a(USBCore.o)
 .text._ZN6StringD2Ev
                0x0008179c        0xe core.a(WString.o)
                0x0008179c                String::~String()
                0x0008179c                String::~String()
 .text._ZN6String10invalidateEv
                0x000817aa       0x16 core.a(WString.o)
                0x000817aa                String::invalidate()
 .text._ZN6String12changeBufferEj
                0x000817c0       0x18 core.a(WString.o)
                0x000817c0                String::changeBuffer(unsigned int)
 .text._ZN6String7reserveEj
                0x000817d8       0x22 core.a(WString.o)
                0x000817d8                String::reserve(unsigned int)
 .text._ZN6String4copyEPKcj
                0x000817fa       0x26 core.a(WString.o)
                0x000817fa                String::copy(char const*, unsigned int)
 .text._ZN6StringC2EPKc
                0x00081820       0x24 core.a(WString.o)
                0x00081820                String::String(char const*)
                0x00081820                String::String(char const*)
 .text.__empty  0x00081844        0x2 core.a(hooks.o)
                0x00081844                yield
 .text.__false  0x00081846        0x4 core.a(hooks.o)
                0x00081846                sysTickHook
 .text.__halt   0x0008184a        0x2 core.a(hooks.o)
                0x0008184a                svcHook
                0x0008184a                pendSVHook
 .text._ZN7Serial_9availableEv
                0x0008184c       0x18 core.a(CDC.o)
                0x0008184c                Serial_::available()
 .text._ZN7Serial_4peekEv
                0x00081864       0x20 core.a(CDC.o)
                0x00081864                Serial_::peek()
 .text._ZN7Serial_5writeEh
                0x00081884       0x16 core.a(CDC.o)
                0x00081884                Serial_::write(unsigned char)
 *fill*         0x0008189a        0x2 
 .text._ZN7Serial_4readEv
                0x0008189c       0x44 core.a(CDC.o)
                0x0008189c                Serial_::read()
 .text._ZN7Serial_5flushEv
                0x000818e0        0x6 core.a(CDC.o)
                0x000818e0                Serial_::flush()
 *fill*         0x000818e6        0x2 
 .text._ZN7Serial_6acceptEv
                0x000818e8       0x70 core.a(CDC.o)
                0x000818e8                Serial_::accept()
 .text._ZN7Serial_5writeEPKhj
                0x00081958       0x2c core.a(CDC.o)
                0x00081958                Serial_::write(unsigned char const*, unsigned int)
 .text._Z16CDC_GetInterfacePh
                0x00081984       0x14 core.a(CDC.o)
                0x00081984                CDC_GetInterface(unsigned char*)
 .text._Z21CDC_GetOtherInterfacePh
                0x00081998       0x14 core.a(CDC.o)
                0x00081998                CDC_GetOtherInterface(unsigned char*)
 .text._Z9CDC_SetupR5Setup
                0x000819ac       0x64 core.a(CDC.o)
                0x000819ac                CDC_Setup(Setup&)
 .text.startup._GLOBAL__sub_I_cdc_rx_buffer
                0x00081a10       0x1c core.a(CDC.o)
 .text._ZN9Keyboard_5writeEh
                0x00081a2c       0x1c core.a(HID.o)
                0x00081a2c                Keyboard_::write(unsigned char)
 .text._Z16HID_GetInterfacePh
                0x00081a48       0x14 core.a(HID.o)
                0x00081a48                HID_GetInterface(unsigned char*)
 .text._Z17HID_GetDescriptori
                0x00081a5c       0x10 core.a(HID.o)
                0x00081a5c                HID_GetDescriptor(int)
 .text._Z14HID_SendReporthPKvm
                0x00081a6c       0x2e core.a(HID.o)
                0x00081a6c                HID_SendReport(unsigned char, void const*, unsigned long)
 *fill*         0x00081a9a        0x2 
 .text._Z9HID_SetupR5Setup
                0x00081a9c       0x40 core.a(HID.o)
                0x00081a9c                HID_Setup(Setup&)
 .text._ZN9Keyboard_10sendReportEP9KeyReport
                0x00081adc        0xc core.a(HID.o)
                0x00081adc                Keyboard_::sendReport(KeyReport*)
 .text._ZN9Keyboard_5pressEh
                0x00081ae8       0x88 core.a(HID.o)
                0x00081ae8                Keyboard_::press(unsigned char)
 .text._ZN9Keyboard_7releaseEh
                0x00081b70       0x64 core.a(HID.o)
                0x00081b70                Keyboard_::release(unsigned char)
 .text._ZN9Keyboard_10releaseAllEv
                0x00081bd4       0x18 core.a(HID.o)
                0x00081bd4                Keyboard_::releaseAll()
 .text.startup._GLOBAL__sub_I_Mouse
                0x00081bec       0x1c core.a(HID.o)
 .text.initiateReset
                0x00081c08        0xc core.a(Reset.o)
                0x00081c08                initiateReset
 .text.cancelReset
                0x00081c14       0x10 core.a(Reset.o)
                0x00081c14                cancelReset
 .text.tickReset
                0x00081c24       0x20 core.a(Reset.o)
                0x00081c24                tickReset
 .text.PIO_DisableInterrupt
                0x00081c44        0x4 C:/Users/Markus_User/programme/arduino-1.7.9.org-windows/arduino-1.7.9/hardware/arduino/sam/variants/arduino_due_x/libsam_sam3x8e_gcc_rel.a(pio.o)
                0x00081c44                PIO_DisableInterrupt
 .text.PIO_PullUp
                0x00081c48        0xa C:/Users/Markus_User/programme/arduino-1.7.9.org-windows/arduino-1.7.9/hardware/arduino/sam/variants/arduino_due_x/libsam_sam3x8e_gcc_rel.a(pio.o)
                0x00081c48                PIO_PullUp
 .text.PIO_SetPeripheral
                0x00081c52       0x2a C:/Users/Markus_User/programme/arduino-1.7.9.org-windows/arduino-1.7.9/hardware/arduino/sam/variants/arduino_due_x/libsam_sam3x8e_gcc_rel.a(pio.o)
                0x00081c52                PIO_SetPeripheral
 .text.PIO_SetInput
                0x00081c7c       0x40 C:/Users/Markus_User/programme/arduino-1.7.9.org-windows/arduino-1.7.9/hardware/arduino/sam/variants/arduino_due_x/libsam_sam3x8e_gcc_rel.a(pio.o)
                0x00081c7c                PIO_SetInput
 .text.PIO_SetOutput
                0x00081cbc       0x38 C:/Users/Markus_User/programme/arduino-1.7.9.org-windows/arduino-1.7.9/hardware/arduino/sam/variants/arduino_due_x/libsam_sam3x8e_gcc_rel.a(pio.o)
                0x00081cbc                PIO_SetOutput
 .text.PIO_Configure
                0x00081cf4       0x74 C:/Users/Markus_User/programme/arduino-1.7.9.org-windows/arduino-1.7.9/hardware/arduino/sam/variants/arduino_due_x/libsam_sam3x8e_gcc_rel.a(pio.o)
                0x00081cf4                PIO_Configure
 .text.PIO_GetOutputDataStatus
                0x00081d68       0x16 C:/Users/Markus_User/programme/arduino-1.7.9.org-windows/arduino-1.7.9/hardware/arduino/sam/variants/arduino_due_x/libsam_sam3x8e_gcc_rel.a(pio.o)
                0x00081d68                PIO_GetOutputDataStatus
 *fill*         0x00081d7e        0x2 
 .text.pmc_enable_upll_clock
                0x00081d80       0x18 C:/Users/Markus_User/programme/arduino-1.7.9.org-windows/arduino-1.7.9/hardware/arduino/sam/variants/arduino_due_x/libsam_sam3x8e_gcc_rel.a(pmc.o)
                0x00081d80                pmc_enable_upll_clock
 .text.pmc_enable_periph_clk
                0x00081d98       0x48 C:/Users/Markus_User/programme/arduino-1.7.9.org-windows/arduino-1.7.9/hardware/arduino/sam/variants/arduino_due_x/libsam_sam3x8e_gcc_rel.a(pmc.o)
                0x00081d98                pmc_enable_periph_clk
 .text.pmc_disable_periph_clk
                0x00081de0       0x48 C:/Users/Markus_User/programme/arduino-1.7.9.org-windows/arduino-1.7.9/hardware/arduino/sam/variants/arduino_due_x/libsam_sam3x8e_gcc_rel.a(pmc.o)
                0x00081de0                pmc_disable_periph_clk
 .text.pmc_switch_udpck_to_upllck
                0x00081e28       0x14 C:/Users/Markus_User/programme/arduino-1.7.9.org-windows/arduino-1.7.9/hardware/arduino/sam/variants/arduino_due_x/libsam_sam3x8e_gcc_rel.a(pmc.o)
                0x00081e28                pmc_switch_udpck_to_upllck
 .text.pmc_enable_udpck
                0x00081e3c        0xc C:/Users/Markus_User/programme/arduino-1.7.9.org-windows/arduino-1.7.9/hardware/arduino/sam/variants/arduino_due_x/libsam_sam3x8e_gcc_rel.a(pmc.o)
                0x00081e3c                pmc_enable_udpck
 .text.TimeTick_Increment
                0x00081e48       0x10 C:/Users/Markus_User/programme/arduino-1.7.9.org-windows/arduino-1.7.9/hardware/arduino/sam/variants/arduino_due_x/libsam_sam3x8e_gcc_rel.a(timetick.o)
                0x00081e48                TimeTick_Increment
 .text.GetTickCount
                0x00081e58        0xc C:/Users/Markus_User/programme/arduino-1.7.9.org-windows/arduino-1.7.9/hardware/arduino/sam/variants/arduino_due_x/libsam_sam3x8e_gcc_rel.a(timetick.o)
                0x00081e58                GetTickCount
 .text.WDT_Disable
                0x00081e64        0x8 C:/Users/Markus_User/programme/arduino-1.7.9.org-windows/arduino-1.7.9/hardware/arduino/sam/variants/arduino_due_x/libsam_sam3x8e_gcc_rel.a(wdt.o)
                0x00081e64                WDT_Disable
 .text.SystemInit
                0x00081e6c       0x9c C:/Users/Markus_User/programme/arduino-1.7.9.org-windows/arduino-1.7.9/hardware/arduino/sam/variants/arduino_due_x/libsam_sam3x8e_gcc_rel.a(system_sam3xa.o)
                0x00081e6c                SystemInit
 .text.Reset_Handler
                0x00081f08       0x70 C:/Users/Markus_User/programme/arduino-1.7.9.org-windows/arduino-1.7.9/hardware/arduino/sam/variants/arduino_due_x/libsam_sam3x8e_gcc_rel.a(startup_sam3xa.o)
                0x00081f08                Reset_Handler
 .text.adc_init
                0x00081f78       0xa0 C:/Users/Markus_User/programme/arduino-1.7.9.org-windows/arduino-1.7.9/hardware/arduino/sam/variants/arduino_due_x/libsam_sam3x8e_gcc_rel.a(adc.o)
                0x00081f78                adc_init
 .text.adc_configure_trigger
                0x00082018       0x10 C:/Users/Markus_User/programme/arduino-1.7.9.org-windows/arduino-1.7.9/hardware/arduino/sam/variants/arduino_due_x/libsam_sam3x8e_gcc_rel.a(adc.o)
                0x00082018                adc_configure_trigger
 .text.adc_configure_timing
                0x00082028       0x1a C:/Users/Markus_User/programme/arduino-1.7.9.org-windows/arduino-1.7.9/hardware/arduino/sam/variants/arduino_due_x/libsam_sam3x8e_gcc_rel.a(adc.o)
                0x00082028                adc_configure_timing
 .text.adc_start
                0x00082042        0x6 C:/Users/Markus_User/programme/arduino-1.7.9.org-windows/arduino-1.7.9/hardware/arduino/sam/variants/arduino_due_x/libsam_sam3x8e_gcc_rel.a(adc.o)
                0x00082042                adc_start
 .text.adc_enable_channel
                0x00082048        0x8 C:/Users/Markus_User/programme/arduino-1.7.9.org-windows/arduino-1.7.9/hardware/arduino/sam/variants/arduino_due_x/libsam_sam3x8e_gcc_rel.a(adc.o)
                0x00082048                adc_enable_channel
 .text.adc_disable_channel
                0x00082050        0x8 C:/Users/Markus_User/programme/arduino-1.7.9.org-windows/arduino-1.7.9/hardware/arduino/sam/variants/arduino_due_x/libsam_sam3x8e_gcc_rel.a(adc.o)
                0x00082050                adc_disable_channel
 .text.adc_disable_all_channel
                0x00082058        0x8 C:/Users/Markus_User/programme/arduino-1.7.9.org-windows/arduino-1.7.9/hardware/arduino/sam/variants/arduino_due_x/libsam_sam3x8e_gcc_rel.a(adc.o)
                0x00082058                adc_disable_all_channel
 .text.adc_get_latest_value
                0x00082060        0x4 C:/Users/Markus_User/programme/arduino-1.7.9.org-windows/arduino-1.7.9/hardware/arduino/sam/variants/arduino_due_x/libsam_sam3x8e_gcc_rel.a(adc.o)
                0x00082060                adc_get_latest_value
 .text.adc_disable_interrupt
                0x00082064        0x4 C:/Users/Markus_User/programme/arduino-1.7.9.org-windows/arduino-1.7.9/hardware/arduino/sam/variants/arduino_due_x/libsam_sam3x8e_gcc_rel.a(adc.o)
                0x00082064                adc_disable_interrupt
 .text.adc_get_status
                0x00082068        0x4 C:/Users/Markus_User/programme/arduino-1.7.9.org-windows/arduino-1.7.9/hardware/arduino/sam/variants/arduino_due_x/libsam_sam3x8e_gcc_rel.a(adc.o)
                0x00082068                adc_get_status
 .text.UOTGHS_Handler
                0x0008206c       0x10 C:/Users/Markus_User/programme/arduino-1.7.9.org-windows/arduino-1.7.9/hardware/arduino/sam/variants/arduino_due_x/libsam_sam3x8e_gcc_rel.a(uotghs.o)
                0x0008206c                UOTGHS_Handler
 .text.UDD_SetStack
                0x0008207c        0xc C:/Users/Markus_User/programme/arduino-1.7.9.org-windows/arduino-1.7.9/hardware/arduino/sam/variants/arduino_due_x/libsam_sam3x8e_gcc_rel.a(uotghs_device.o)
                0x0008207c                UDD_SetStack
 .text.UDD_Init
                0x00082088       0xd0 C:/Users/Markus_User/programme/arduino-1.7.9.org-windows/arduino-1.7.9/hardware/arduino/sam/variants/arduino_due_x/libsam_sam3x8e_gcc_rel.a(uotghs_device.o)
                0x00082088                UDD_Init
 .text.UDD_Attach
                0x00082158       0x4c C:/Users/Markus_User/programme/arduino-1.7.9.org-windows/arduino-1.7.9/hardware/arduino/sam/variants/arduino_due_x/libsam_sam3x8e_gcc_rel.a(uotghs_device.o)
                0x00082158                UDD_Attach
 .text.UDD_InitEP
                0x000821a4       0x30 C:/Users/Markus_User/programme/arduino-1.7.9.org-windows/arduino-1.7.9/hardware/arduino/sam/variants/arduino_due_x/libsam_sam3x8e_gcc_rel.a(uotghs_device.o)
                0x000821a4                UDD_InitEP
 .text.UDD_InitEndpoints
                0x000821d4       0x3c C:/Users/Markus_User/programme/arduino-1.7.9.org-windows/arduino-1.7.9/hardware/arduino/sam/variants/arduino_due_x/libsam_sam3x8e_gcc_rel.a(uotghs_device.o)
                0x000821d4                UDD_InitEndpoints
 .text.UDD_WaitIN
                0x00082210       0x14 C:/Users/Markus_User/programme/arduino-1.7.9.org-windows/arduino-1.7.9/hardware/arduino/sam/variants/arduino_due_x/libsam_sam3x8e_gcc_rel.a(uotghs_device.o)
                0x00082210                UDD_WaitIN
 .text.UDD_WaitOUT
                0x00082224       0x14 C:/Users/Markus_User/programme/arduino-1.7.9.org-windows/arduino-1.7.9/hardware/arduino/sam/variants/arduino_due_x/libsam_sam3x8e_gcc_rel.a(uotghs_device.o)
                0x00082224                UDD_WaitOUT
 .text.UDD_ClearIN
                0x00082238       0x18 C:/Users/Markus_User/programme/arduino-1.7.9.org-windows/arduino-1.7.9/hardware/arduino/sam/variants/arduino_due_x/libsam_sam3x8e_gcc_rel.a(uotghs_device.o)
                0x00082238                UDD_ClearIN
 .text.UDD_ClearOUT
                0x00082250       0x18 C:/Users/Markus_User/programme/arduino-1.7.9.org-windows/arduino-1.7.9/hardware/arduino/sam/variants/arduino_due_x/libsam_sam3x8e_gcc_rel.a(uotghs_device.o)
                0x00082250                UDD_ClearOUT
 .text.UDD_ReceivedSetupInt
                0x00082268       0x10 C:/Users/Markus_User/programme/arduino-1.7.9.org-windows/arduino-1.7.9/hardware/arduino/sam/variants/arduino_due_x/libsam_sam3x8e_gcc_rel.a(uotghs_device.o)
                0x00082268                UDD_ReceivedSetupInt
 .text.UDD_ClearSetupInt
                0x00082278       0x10 C:/Users/Markus_User/programme/arduino-1.7.9.org-windows/arduino-1.7.9/hardware/arduino/sam/variants/arduino_due_x/libsam_sam3x8e_gcc_rel.a(uotghs_device.o)
                0x00082278                UDD_ClearSetupInt
 .text.UDD_Send
                0x00082288       0x90 C:/Users/Markus_User/programme/arduino-1.7.9.org-windows/arduino-1.7.9/hardware/arduino/sam/variants/arduino_due_x/libsam_sam3x8e_gcc_rel.a(uotghs_device.o)
                0x00082288                UDD_Send
 .text.UDD_Send8
                0x00082318       0x28 C:/Users/Markus_User/programme/arduino-1.7.9.org-windows/arduino-1.7.9/hardware/arduino/sam/variants/arduino_due_x/libsam_sam3x8e_gcc_rel.a(uotghs_device.o)
                0x00082318                UDD_Send8
 .text.UDD_Recv8
                0x00082340       0x28 C:/Users/Markus_User/programme/arduino-1.7.9.org-windows/arduino-1.7.9/hardware/arduino/sam/variants/arduino_due_x/libsam_sam3x8e_gcc_rel.a(uotghs_device.o)
                0x00082340                UDD_Recv8
 .text.UDD_Recv
                0x00082368       0x34 C:/Users/Markus_User/programme/arduino-1.7.9.org-windows/arduino-1.7.9/hardware/arduino/sam/variants/arduino_due_x/libsam_sam3x8e_gcc_rel.a(uotghs_device.o)
                0x00082368                UDD_Recv
 .text.UDD_Stall
                0x0008239c       0x14 C:/Users/Markus_User/programme/arduino-1.7.9.org-windows/arduino-1.7.9/hardware/arduino/sam/variants/arduino_due_x/libsam_sam3x8e_gcc_rel.a(uotghs_device.o)
                0x0008239c                UDD_Stall
 .text.UDD_FifoByteCount
                0x000823b0       0x1c C:/Users/Markus_User/programme/arduino-1.7.9.org-windows/arduino-1.7.9/hardware/arduino/sam/variants/arduino_due_x/libsam_sam3x8e_gcc_rel.a(uotghs_device.o)
                0x000823b0                UDD_FifoByteCount
 .text.UDD_ReleaseRX
                0x000823cc       0x2c C:/Users/Markus_User/programme/arduino-1.7.9.org-windows/arduino-1.7.9/hardware/arduino/sam/variants/arduino_due_x/libsam_sam3x8e_gcc_rel.a(uotghs_device.o)
                0x000823cc                UDD_ReleaseRX
 .text.UDD_ReleaseTX
                0x000823f8       0x2c C:/Users/Markus_User/programme/arduino-1.7.9.org-windows/arduino-1.7.9/hardware/arduino/sam/variants/arduino_due_x/libsam_sam3x8e_gcc_rel.a(uotghs_device.o)
                0x000823f8                UDD_ReleaseTX
 .text.UDD_SetAddress
                0x00082424       0x20 C:/Users/Markus_User/programme/arduino-1.7.9.org-windows/arduino-1.7.9/hardware/arduino/sam/variants/arduino_due_x/libsam_sam3x8e_gcc_rel.a(uotghs_device.o)
                0x00082424                UDD_SetAddress
 .text.__halt   0x00082444        0x2 core.a(cortex_handlers.o)
                0x00082444                DACC_Handler
                0x00082444                DebugMon_Handler
                0x00082444                DMAC_Handler
                0x00082444                TRNG_Handler
                0x00082444                HardFault_Handler
                0x00082444                TC2_Handler
                0x00082444                TWI1_Handler
                0x00082444                NMI_Handler
                0x00082444                TC7_Handler
                0x00082444                ADC_Handler
                0x00082444                SMC_Handler
                0x00082444                RTT_Handler
                0x00082444                EFC1_Handler
                0x00082444                PIOB_Handler
                0x00082444                RTC_Handler
                0x00082444                UsageFault_Handler
                0x00082444                TC6_Handler
                0x00082444                WDT_Handler
                0x00082444                CAN0_Handler
                0x00082444                TC4_Handler
                0x00082444                TC1_Handler
                0x00082444                HSMCI_Handler
                0x00082444                TC3_Handler
                0x00082444                TWI0_Handler
                0x00082444                PIOA_Handler
                0x00082444                SSC_Handler
                0x00082444                EFC0_Handler
                0x00082444                PMC_Handler
                0x00082444                PWM_Handler
                0x00082444                CAN1_Handler
                0x00082444                MemManage_Handler
                0x00082444                SUPC_Handler
                0x00082444                TC8_Handler
                0x00082444                USART2_Handler
                0x00082444                PIOD_Handler
                0x00082444                EMAC_Handler
                0x00082444                PIOC_Handler
                0x00082444                BusFault_Handler
                0x00082444                RSTC_Handler
                0x00082444                TC0_Handler
                0x00082444                TC5_Handler
                0x00082444                SPI0_Handler
 .text.SVC_Handler
                0x00082446        0x4 core.a(cortex_handlers.o)
                0x00082446                SVC_Handler
 .text.PendSV_Handler
                0x0008244a        0x4 core.a(cortex_handlers.o)
                0x0008244a                PendSV_Handler
 .text.SysTick_Handler
                0x0008244e       0x16 core.a(cortex_handlers.o)
                0x0008244e                SysTick_Handler
 .text          0x00082464      0x370 c:/users/markus_user/programme/arduino-1.7.9.org-windows/arduino-1.7.9/hardware/tools/gcc-arm-none-eabi-4.8.3-2014q1/bin/../lib/gcc/arm-none-eabi/4.8.3/armv7-m\libgcc.a(_arm_addsubdf3.o)
                0x00082464                __aeabi_drsub
                0x0008246c                __aeabi_dsub
                0x0008246c                __subdf3
                0x00082470                __aeabi_dadd
                0x00082470                __adddf3
                0x000826e8                __floatunsidf
                0x000826e8                __aeabi_ui2d
                0x00082708                __floatsidf
                0x00082708                __aeabi_i2d
                0x0008272c                __aeabi_f2d
                0x0008272c                __extendsfdf2
                0x00082768                __floatundidf
                0x00082768                __aeabi_ul2d
                0x00082778                __floatdidf
                0x00082778                __aeabi_l2d
 .text          0x000827d4      0x424 c:/users/markus_user/programme/arduino-1.7.9.org-windows/arduino-1.7.9/hardware/tools/gcc-arm-none-eabi-4.8.3-2014q1/bin/../lib/gcc/arm-none-eabi/4.8.3/armv7-m\libgcc.a(_arm_muldivdf3.o)
                0x000827d4                __aeabi_dmul
                0x000827d4                __muldf3
                0x00082a28                __divdf3
                0x00082a28                __aeabi_ddiv
 .text          0x00082bf8      0x110 c:/users/markus_user/programme/arduino-1.7.9.org-windows/arduino-1.7.9/hardware/tools/gcc-arm-none-eabi-4.8.3-2014q1/bin/../lib/gcc/arm-none-eabi/4.8.3/armv7-m\libgcc.a(_arm_cmpdf2.o)
                0x00082bf8                __gtdf2
                0x00082bf8                __gedf2
                0x00082c00                __ltdf2
                0x00082c00                __ledf2
                0x00082c08                __nedf2
                0x00082c08                __eqdf2
                0x00082c08                __cmpdf2
                0x00082c84                __aeabi_cdrcmple
                0x00082c94                __aeabi_cdcmpeq
                0x00082c94                __aeabi_cdcmple
                0x00082ca4                __aeabi_dcmpeq
                0x00082cb8                __aeabi_dcmplt
                0x00082ccc                __aeabi_dcmple
                0x00082ce0                __aeabi_dcmpge
                0x00082cf4                __aeabi_dcmpgt
 .text          0x00082d08       0x50 c:/users/markus_user/programme/arduino-1.7.9.org-windows/arduino-1.7.9/hardware/tools/gcc-arm-none-eabi-4.8.3-2014q1/bin/../lib/gcc/arm-none-eabi/4.8.3/armv7-m\libgcc.a(_arm_fixdfsi.o)
                0x00082d08                __aeabi_d2iz
                0x00082d08                __fixdfsi
 .text          0x00082d58       0x40 c:/users/markus_user/programme/arduino-1.7.9.org-windows/arduino-1.7.9/hardware/tools/gcc-arm-none-eabi-4.8.3-2014q1/bin/../lib/gcc/arm-none-eabi/4.8.3/armv7-m\libgcc.a(_arm_fixunsdfsi.o)
                0x00082d58                __aeabi_d2uiz
                0x00082d58                __fixunsdfsi
 .text          0x00082d98       0xa0 c:/users/markus_user/programme/arduino-1.7.9.org-windows/arduino-1.7.9/hardware/tools/gcc-arm-none-eabi-4.8.3-2014q1/bin/../lib/gcc/arm-none-eabi/4.8.3/armv7-m\libgcc.a(_arm_truncdfsf2.o)
                0x00082d98                __truncdfsf2
                0x00082d98                __aeabi_d2f
 .text          0x00082e38       0xec c:/users/markus_user/programme/arduino-1.7.9.org-windows/arduino-1.7.9/hardware/tools/gcc-arm-none-eabi-4.8.3-2014q1/bin/../lib/gcc/arm-none-eabi/4.8.3/armv7-m\libgcc.a(_arm_cmpsf2.o)
                0x00082e38                __gesf2
                0x00082e38                __gtsf2
                0x00082e40                __lesf2
                0x00082e40                __ltsf2
                0x00082e48                __nesf2
                0x00082e48                __eqsf2
                0x00082e48                __cmpsf2
                0x00082ea8                __aeabi_cfrcmple
                0x00082eb0                __aeabi_cfcmpeq
                0x00082eb0                __aeabi_cfcmple
                0x00082ec0                __aeabi_fcmpeq
                0x00082ed4                __aeabi_fcmplt
                0x00082ee8                __aeabi_fcmple
                0x00082efc                __aeabi_fcmpge
                0x00082f10                __aeabi_fcmpgt
 .text.__libc_init_array
                0x00082f24       0x50 c:/users/markus_user/programme/arduino-1.7.9.org-windows/arduino-1.7.9/hardware/tools/gcc-arm-none-eabi-4.8.3-2014q1/bin/../lib/gcc/arm-none-eabi/4.8.3/../../../../arm-none-eabi/lib/armv7-m\libg.a(lib_a-init.o)
                0x00082f24                __libc_init_array
 .text.malloc   0x00082f74       0x10 c:/users/markus_user/programme/arduino-1.7.9.org-windows/arduino-1.7.9/hardware/tools/gcc-arm-none-eabi-4.8.3-2014q1/bin/../lib/gcc/arm-none-eabi/4.8.3/../../../../arm-none-eabi/lib/armv7-m\libg.a(lib_a-malloc.o)
                0x00082f74                malloc
 .text.free     0x00082f84       0x10 c:/users/markus_user/programme/arduino-1.7.9.org-windows/arduino-1.7.9/hardware/tools/gcc-arm-none-eabi-4.8.3-2014q1/bin/../lib/gcc/arm-none-eabi/4.8.3/../../../../arm-none-eabi/lib/armv7-m\libg.a(lib_a-malloc.o)
                0x00082f84                free
 .text._malloc_r
                0x00082f94      0x538 c:/users/markus_user/programme/arduino-1.7.9.org-windows/arduino-1.7.9/hardware/tools/gcc-arm-none-eabi-4.8.3-2014q1/bin/../lib/gcc/arm-none-eabi/4.8.3/../../../../arm-none-eabi/lib/armv7-m\libg.a(lib_a-mallocr.o)
                0x00082f94                _malloc_r
 .text.memmove  0x000834cc       0xcc c:/users/markus_user/programme/arduino-1.7.9.org-windows/arduino-1.7.9/hardware/tools/gcc-arm-none-eabi-4.8.3-2014q1/bin/../lib/gcc/arm-none-eabi/4.8.3/../../../../arm-none-eabi/lib/armv7-m\libg.a(lib_a-memmove.o)
                0x000834cc                memmove
 .text.memset   0x00083598       0x94 c:/users/markus_user/programme/arduino-1.7.9.org-windows/arduino-1.7.9/hardware/tools/gcc-arm-none-eabi-4.8.3-2014q1/bin/../lib/gcc/arm-none-eabi/4.8.3/../../../../arm-none-eabi/lib/armv7-m\libg.a(lib_a-memset.o)
                0x00083598                memset
 .text.__malloc_lock
                0x0008362c        0x4 c:/users/markus_user/programme/arduino-1.7.9.org-windows/arduino-1.7.9/hardware/tools/gcc-arm-none-eabi-4.8.3-2014q1/bin/../lib/gcc/arm-none-eabi/4.8.3/../../../../arm-none-eabi/lib/armv7-m\libg.a(lib_a-mlock.o)
                0x0008362c                __malloc_lock
 .text.__malloc_unlock
                0x00083630        0x4 c:/users/markus_user/programme/arduino-1.7.9.org-windows/arduino-1.7.9/hardware/tools/gcc-arm-none-eabi-4.8.3-2014q1/bin/../lib/gcc/arm-none-eabi/4.8.3/../../../../arm-none-eabi/lib/armv7-m\libg.a(lib_a-mlock.o)
                0x00083630                __malloc_unlock
 .text.realloc  0x00083634       0x10 c:/users/markus_user/programme/arduino-1.7.9.org-windows/arduino-1.7.9/hardware/tools/gcc-arm-none-eabi-4.8.3-2014q1/bin/../lib/gcc/arm-none-eabi/4.8.3/../../../../arm-none-eabi/lib/armv7-m\libg.a(lib_a-realloc.o)
                0x00083634                realloc
 .text._realloc_r
                0x00083644      0x3c0 c:/users/markus_user/programme/arduino-1.7.9.org-windows/arduino-1.7.9/hardware/tools/gcc-arm-none-eabi-4.8.3-2014q1/bin/../lib/gcc/arm-none-eabi/4.8.3/../../../../arm-none-eabi/lib/armv7-m\libg.a(lib_a-reallocr.o)
                0x00083644                _realloc_r
 .text.__fpclassifyd
                0x00083a04       0x50 c:/users/markus_user/programme/arduino-1.7.9.org-windows/arduino-1.7.9/hardware/tools/gcc-arm-none-eabi-4.8.3-2014q1/bin/../lib/gcc/arm-none-eabi/4.8.3/../../../../arm-none-eabi/lib/armv7-m\libg.a(lib_a-s_fpclassify.o)
                0x00083a04                __fpclassifyd
 .text._sbrk_r  0x00083a54       0x24 c:/users/markus_user/programme/arduino-1.7.9.org-windows/arduino-1.7.9/hardware/tools/gcc-arm-none-eabi-4.8.3-2014q1/bin/../lib/gcc/arm-none-eabi/4.8.3/../../../../arm-none-eabi/lib/armv7-m\libg.a(lib_a-sbrkr.o)
                0x00083a54                _sbrk_r
 .text.strcpy   0x00083a78       0xbc c:/users/markus_user/programme/arduino-1.7.9.org-windows/arduino-1.7.9/hardware/tools/gcc-arm-none-eabi-4.8.3-2014q1/bin/../lib/gcc/arm-none-eabi/4.8.3/../../../../arm-none-eabi/lib/armv7-m\libg.a(lib_a-strcpy.o)
                0x00083a78                strcpy
 .text.strlen   0x00083b34       0x60 c:/users/markus_user/programme/arduino-1.7.9.org-windows/arduino-1.7.9/hardware/tools/gcc-arm-none-eabi-4.8.3-2014q1/bin/../lib/gcc/arm-none-eabi/4.8.3/../../../../arm-none-eabi/lib/armv7-m\libg.a(lib_a-strlen.o)
                0x00083b34                strlen
 .text.startup.register_fini
                0x00083b94       0x14 c:/users/markus_user/programme/arduino-1.7.9.org-windows/arduino-1.7.9/hardware/tools/gcc-arm-none-eabi-4.8.3-2014q1/bin/../lib/gcc/arm-none-eabi/4.8.3/../../../../arm-none-eabi/lib/armv7-m\libg.a(lib_a-__call_atexit.o)
 .text.atexit   0x00083ba8        0xc c:/users/markus_user/programme/arduino-1.7.9.org-windows/arduino-1.7.9/hardware/tools/gcc-arm-none-eabi-4.8.3-2014q1/bin/../lib/gcc/arm-none-eabi/4.8.3/../../../../arm-none-eabi/lib/armv7-m\libg.a(lib_a-atexit.o)
                0x00083ba8                atexit
 .text.__libc_fini_array
                0x00083bb4       0x30 c:/users/markus_user/programme/arduino-1.7.9.org-windows/arduino-1.7.9/hardware/tools/gcc-arm-none-eabi-4.8.3-2014q1/bin/../lib/gcc/arm-none-eabi/4.8.3/../../../../arm-none-eabi/lib/armv7-m\libg.a(lib_a-fini.o)
                0x00083bb4                __libc_fini_array
 .text._malloc_trim_r
                0x00083be4       0x9c c:/users/markus_user/programme/arduino-1.7.9.org-windows/arduino-1.7.9/hardware/tools/gcc-arm-none-eabi-4.8.3-2014q1/bin/../lib/gcc/arm-none-eabi/4.8.3/../../../../arm-none-eabi/lib/armv7-m\libg.a(lib_a-freer.o)
                0x00083be4                _malloc_trim_r
 .text._free_r  0x00083c80      0x198 c:/users/markus_user/programme/arduino-1.7.9.org-windows/arduino-1.7.9/hardware/tools/gcc-arm-none-eabi-4.8.3-2014q1/bin/../lib/gcc/arm-none-eabi/4.8.3/../../../../arm-none-eabi/lib/armv7-m\libg.a(lib_a-freer.o)
                0x00083c80                _free_r
 .text.__register_exitproc
                0x00083e18       0xa8 c:/users/markus_user/programme/arduino-1.7.9.org-windows/arduino-1.7.9/hardware/tools/gcc-arm-none-eabi-4.8.3-2014q1/bin/../lib/gcc/arm-none-eabi/4.8.3/../../../../arm-none-eabi/lib/armv7-m\libg.a(lib_a-__atexit.o)
                0x00083e18                __register_exitproc
 *(.glue_7t)
 .glue_7t       0x00000000        0x0 linker stubs
 *(.glue_7)
 .glue_7        0x00000000        0x0 linker stubs
 *(.rodata .rodata* .gnu.linkonce.r.*)
 .rodata.str1.1
                0x00083ec0       0x2e brake.o
 .rodata.str1.1
                0x00083eee      0x11a sketch_mar12a.o
 .rodata.g_APinDescription
                0x00084008      0xa2c variant.o
                0x00084008                g_APinDescription
 .rodata.str1.1
                0x00084a34        0xc core.a(Print.o)
                                  0xe (size before relaxing)
 .rodata._ZTV9UARTClass
                0x00084a40       0x30 core.a(UARTClass.o)
                0x00084a40                vtable for UARTClass
 .rodata._ZTV10USARTClass
                0x00084a70       0x30 core.a(USARTClass.o)
                0x00084a70                vtable for USARTClass
 .rodata.STRING_PRODUCT
                0x00084aa0        0xc core.a(USBCore.o)
                0x00084aa0                STRING_PRODUCT
 .rodata.USB_DeviceDescriptor
                0x00084aac       0x12 core.a(USBCore.o)
                0x00084aac                USB_DeviceDescriptor
 *fill*         0x00084abe        0x2 
 .rodata._ZL9EndPoints
                0x00084ac0       0x14 core.a(USBCore.o)
 .rodata.STRING_LANGUAGE
                0x00084ad4        0x4 core.a(USBCore.o)
                0x00084ad4                STRING_LANGUAGE
 .rodata._ZL18test_packet_buffer
                0x00084ad8       0x35 core.a(USBCore.o)
 .rodata.STRING_MANUFACTURER
                0x00084b0d        0xc core.a(USBCore.o)
                0x00084b0d                STRING_MANUFACTURER
 .rodata.USB_DeviceDescriptorA
                0x00084b19       0x12 core.a(USBCore.o)
                0x00084b19                USB_DeviceDescriptorA
 .rodata._ZL19USB_DeviceQualifier
                0x00084b2b       0x12 core.a(USBCore.o)
 *fill*         0x00084b3d        0x3 
 .rodata._ZTV7Serial_
                0x00084b40       0x28 core.a(CDC.o)
                0x00084b40                vtable for Serial_
 .rodata._ZL18_cdcOtherInterface
                0x00084b68       0x42 core.a(CDC.o)
 .rodata._ZL13_cdcInterface
                0x00084baa       0x42 core.a(CDC.o)
 *fill*         0x00084bec        0x4 
 .rodata._ZTV9Keyboard_
                0x00084bf0       0x20 core.a(HID.o)
                0x00084bf0                vtable for Keyboard_
 .rodata._asciimap
                0x00084c10       0x80 core.a(HID.o)
                0x00084c10                _asciimap
 .rodata._hidInterface
                0x00084c90       0x19 core.a(HID.o)
                0x00084c90                _hidInterface
 .rodata._hidReportDescriptor
                0x00084ca9       0x65 core.a(HID.o)
                0x00084ca9                _hidReportDescriptor
 *fill*         0x00084d0e        0x2 
 .rodata.C.0.8146
                0x00084d10       0x40 C:/Users/Markus_User/programme/arduino-1.7.9.org-windows/arduino-1.7.9/hardware/arduino/sam/variants/arduino_due_x/libsam_sam3x8e_gcc_rel.a(adc.o)
 .rodata.str1.4
                0x00084d50        0x4 c:/users/markus_user/programme/arduino-1.7.9.org-windows/arduino-1.7.9/hardware/tools/gcc-arm-none-eabi-4.8.3-2014q1/bin/../lib/gcc/arm-none-eabi/4.8.3/../../../../arm-none-eabi/lib/armv7-m\libg.a(lib_a-impure.o)
 .rodata._global_impure_ptr
                0x00084d54        0x4 c:/users/markus_user/programme/arduino-1.7.9.org-windows/arduino-1.7.9/hardware/tools/gcc-arm-none-eabi-4.8.3-2014q1/bin/../lib/gcc/arm-none-eabi/4.8.3/../../../../arm-none-eabi/lib/armv7-m\libg.a(lib_a-impure.o)
                0x00084d54                _global_impure_ptr
 *(.ARM.extab* .gnu.linkonce.armextab.*)
                0x00084d58                . = ALIGN (0x4)
 *(.init)
 .init          0x00084d58        0x4 c:/users/markus_user/programme/arduino-1.7.9.org-windows/arduino-1.7.9/hardware/tools/gcc-arm-none-eabi-4.8.3-2014q1/bin/../lib/gcc/arm-none-eabi/4.8.3/armv7-m/crti.o
                0x00084d58                _init
 .init          0x00084d5c        0x8 c:/users/markus_user/programme/arduino-1.7.9.org-windows/arduino-1.7.9/hardware/tools/gcc-arm-none-eabi-4.8.3-2014q1/bin/../lib/gcc/arm-none-eabi/4.8.3/armv7-m/crtn.o
                0x00084d64                . = ALIGN (0x4)
                0x00084d64                __preinit_array_start = .
 *(.preinit_array)
                0x00084d64                __preinit_array_end = .
                0x00084d64                . = ALIGN (0x4)
                0x00084d64                __init_array_start = .
 *(SORT(.init_array.*))
 .init_array.00000
                0x00084d64        0x4 c:/users/markus_user/programme/arduino-1.7.9.org-windows/arduino-1.7.9/hardware/tools/gcc-arm-none-eabi-4.8.3-2014q1/bin/../lib/gcc/arm-none-eabi/4.8.3/../../../../arm-none-eabi/lib/armv7-m\libg.a(lib_a-__call_atexit.o)
 *(.init_array)
 .init_array    0x00084d68        0x4 c:/users/markus_user/programme/arduino-1.7.9.org-windows/arduino-1.7.9/hardware/tools/gcc-arm-none-eabi-4.8.3-2014q1/bin/../lib/gcc/arm-none-eabi/4.8.3/armv7-m/crtbegin.o
 .init_array    0x00084d6c        0x4 sketch_mar12a.o
 .init_array    0x00084d70        0x4 variant.o
 .init_array    0x00084d74        0x4 core.a(USBCore.o)
 .init_array    0x00084d78        0x4 core.a(CDC.o)
 .init_array    0x00084d7c        0x4 core.a(HID.o)
                0x00084d80                __init_array_end = .
                0x00084d80                . = ALIGN (0x4)
 *crtbegin.o(.ctors)
 *(EXCLUDE_FILE(*crtend.o) .ctors)
 *(SORT(.ctors.*))
 *crtend.o(.ctors)
                0x00084d80                . = ALIGN (0x4)
 *(.fini)
 .fini          0x00084d80        0x4 c:/users/markus_user/programme/arduino-1.7.9.org-windows/arduino-1.7.9/hardware/tools/gcc-arm-none-eabi-4.8.3-2014q1/bin/../lib/gcc/arm-none-eabi/4.8.3/armv7-m/crti.o
                0x00084d80                _fini
 .fini          0x00084d84        0x8 c:/users/markus_user/programme/arduino-1.7.9.org-windows/arduino-1.7.9/hardware/tools/gcc-arm-none-eabi-4.8.3-2014q1/bin/../lib/gcc/arm-none-eabi/4.8.3/armv7-m/crtn.o
                0x00084d8c                . = ALIGN (0x4)
                0x00084d8c                __fini_array_start = .
 *(.fini_array)
 .fini_array    0x00084d8c        0x4 c:/users/markus_user/programme/arduino-1.7.9.org-windows/arduino-1.7.9/hardware/tools/gcc-arm-none-eabi-4.8.3-2014q1/bin/../lib/gcc/arm-none-eabi/4.8.3/armv7-m/crtbegin.o
 *(SORT(.fini_array.*))
                0x00084d90                __fini_array_end = .
 *crtbegin.o(.dtors)
 *(EXCLUDE_FILE(*crtend.o) .dtors)
 *(SORT(.dtors.*))
 *crtend.o(.dtors)
                0x00084d90                . = ALIGN (0x4)
                0x00084d90                _efixed = .
                0x00084d90                PROVIDE (__exidx_start, .)

.vfp11_veneer   0x00084d90        0x0
 .vfp11_veneer  0x00000000        0x0 linker stubs

.v4_bx          0x00084d90        0x0
 .v4_bx         0x00000000        0x0 linker stubs

.iplt           0x00084d90        0x0
 .iplt          0x00000000        0x0 c:/users/markus_user/programme/arduino-1.7.9.org-windows/arduino-1.7.9/hardware/tools/gcc-arm-none-eabi-4.8.3-2014q1/bin/../lib/gcc/arm-none-eabi/4.8.3/armv7-m/crtbegin.o

.eh_frame       0x00084d90        0x0
 .eh_frame      0x00084d90        0x0 c:/users/markus_user/programme/arduino-1.7.9.org-windows/arduino-1.7.9/hardware/tools/gcc-arm-none-eabi-4.8.3-2014q1/bin/../lib/gcc/arm-none-eabi/4.8.3/armv7-m/crtbegin.o

.rel.dyn        0x00084d90        0x0
 .rel.iplt      0x00000000        0x0 c:/users/markus_user/programme/arduino-1.7.9.org-windows/arduino-1.7.9/hardware/tools/gcc-arm-none-eabi-4.8.3-2014q1/bin/../lib/gcc/arm-none-eabi/4.8.3/armv7-m/crtbegin.o

.jcr            0x00084d90        0x0
 .jcr           0x00084d90        0x0 c:/users/markus_user/programme/arduino-1.7.9.org-windows/arduino-1.7.9/hardware/tools/gcc-arm-none-eabi-4.8.3-2014q1/bin/../lib/gcc/arm-none-eabi/4.8.3/armv7-m/crtbegin.o

.igot.plt       0x00084d90        0x0
 .igot.plt      0x00000000        0x0 c:/users/markus_user/programme/arduino-1.7.9.org-windows/arduino-1.7.9/hardware/tools/gcc-arm-none-eabi-4.8.3-2014q1/bin/../lib/gcc/arm-none-eabi/4.8.3/armv7-m/crtbegin.o

.ARM.exidx
 *(.ARM.exidx* .gnu.linkonce.armexidx.*)
                0x00084d90                PROVIDE (__exidx_end, .)
                0x00084d90                . = ALIGN (0x4)
                0x00084d90                _etext = .

.relocate       0x20070000      0x88c load address 0x00084d90
                0x20070000                . = ALIGN (0x4)
                0x20070000                _srelocate = .
 *(.ramfunc .ramfunc.*)
 .ramfunc       0x20070000       0x2c core.a(Reset.o)
                0x20070000                banzai
 *(.data .data.*)
 .data.latestSelectedChannel.9367
                0x2007002c        0x4 core.a(wiring_analog.o)
 .data._readResolution
                0x20070030        0x4 core.a(wiring_analog.o)
 .data._ZL12_usbLineInfo
                0x20070034        0x8 core.a(CDC.o)
 .data._hid_protocol
                0x2007003c        0x1 core.a(HID.o)
                0x2007003c                _hid_protocol
 .data._hid_idle
                0x2007003d        0x1 core.a(HID.o)
                0x2007003d                _hid_idle
 *fill*         0x2007003e        0x2 
 .data._ZL5ticks
                0x20070040        0x4 core.a(Reset.o)
 .data.SystemCoreClock
                0x20070044        0x4 C:/Users/Markus_User/programme/arduino-1.7.9.org-windows/arduino-1.7.9/hardware/arduino/sam/variants/arduino_due_x/libsam_sam3x8e_gcc_rel.a(system_sam3xa.o)
                0x20070044                SystemCoreClock
 .data.g_interrupt_enabled
                0x20070048        0x4 C:/Users/Markus_User/programme/arduino-1.7.9.org-windows/arduino-1.7.9/hardware/arduino/sam/variants/arduino_due_x/libsam_sam3x8e_gcc_rel.a(interrupt_sam_nvic.o)
                0x20070048                g_interrupt_enabled
 *fill*         0x2007004c        0x4 
 .data.impure_data
                0x20070050      0x428 c:/users/markus_user/programme/arduino-1.7.9.org-windows/arduino-1.7.9/hardware/tools/gcc-arm-none-eabi-4.8.3-2014q1/bin/../lib/gcc/arm-none-eabi/4.8.3/../../../../arm-none-eabi/lib/armv7-m\libg.a(lib_a-impure.o)
 .data._impure_ptr
                0x20070478        0x4 c:/users/markus_user/programme/arduino-1.7.9.org-windows/arduino-1.7.9/hardware/tools/gcc-arm-none-eabi-4.8.3-2014q1/bin/../lib/gcc/arm-none-eabi/4.8.3/../../../../arm-none-eabi/lib/armv7-m\libg.a(lib_a-impure.o)
                0x20070478                _impure_ptr
 .data.__malloc_av_
                0x2007047c      0x408 c:/users/markus_user/programme/arduino-1.7.9.org-windows/arduino-1.7.9/hardware/tools/gcc-arm-none-eabi-4.8.3-2014q1/bin/../lib/gcc/arm-none-eabi/4.8.3/../../../../arm-none-eabi/lib/armv7-m\libg.a(lib_a-mallocr.o)
                0x2007047c                __malloc_av_
 .data.__malloc_trim_threshold
                0x20070884        0x4 c:/users/markus_user/programme/arduino-1.7.9.org-windows/arduino-1.7.9/hardware/tools/gcc-arm-none-eabi-4.8.3-2014q1/bin/../lib/gcc/arm-none-eabi/4.8.3/../../../../arm-none-eabi/lib/armv7-m\libg.a(lib_a-mallocr.o)
                0x20070884                __malloc_trim_threshold
 .data.__malloc_sbrk_base
                0x20070888        0x4 c:/users/markus_user/programme/arduino-1.7.9.org-windows/arduino-1.7.9/hardware/tools/gcc-arm-none-eabi-4.8.3-2014q1/bin/../lib/gcc/arm-none-eabi/4.8.3/../../../../arm-none-eabi/lib/armv7-m\libg.a(lib_a-mallocr.o)
                0x20070888                __malloc_sbrk_base
                0x2007088c                . = ALIGN (0x4)
                0x2007088c                _erelocate = .

.bss            0x2007088c      0x834 load address 0x0008561c
                0x2007088c                . = ALIGN (0x4)
                0x2007088c                _sbss = .
                0x2007088c                _szero = .
 *(.bss .bss.*)
 .bss           0x2007088c       0x1c c:/users/markus_user/programme/arduino-1.7.9.org-windows/arduino-1.7.9/hardware/tools/gcc-arm-none-eabi-4.8.3-2014q1/bin/../lib/gcc/arm-none-eabi/4.8.3/armv7-m/crtbegin.o
 .bss.heap.6416
                0x200708a8        0x4 syscalls_sam3.o
 .bss._ZL10brakeState
                0x200708ac        0x1 brake.o
 .bss.brakeSimulator
                0x200708ad        0x3 sketch_mar12a.o
                0x200708ad                brakeSimulator
 .bss.tx_buffer2
                0x200708b0       0x88 variant.o
                0x200708b0                tx_buffer2
 .bss.tx_buffer1
                0x20070938       0x88 variant.o
                0x20070938                tx_buffer1
 .bss.Serial    0x200709c0       0x24 variant.o
                0x200709c0                Serial
 .bss.rx_buffer1
                0x200709e4       0x88 variant.o
                0x200709e4                rx_buffer1
 .bss.Serial1   0x20070a6c       0x28 variant.o
                0x20070a6c                Serial1
 .bss.Serial2   0x20070a94       0x28 variant.o
                0x20070a94                Serial2
 .bss.Serial3   0x20070abc       0x28 variant.o
                0x20070abc                Serial3
 .bss.tx_buffer3
                0x20070ae4       0x88 variant.o
                0x20070ae4                tx_buffer3
 .bss.tx_buffer4
                0x20070b6c       0x88 variant.o
                0x20070b6c                tx_buffer4
 .bss.rx_buffer2
                0x20070bf4       0x88 variant.o
                0x20070bf4                rx_buffer2
 .bss.rx_buffer3
                0x20070c7c       0x88 variant.o
                0x20070c7c                rx_buffer3
 .bss.rx_buffer4
                0x20070d04       0x88 variant.o
                0x20070d04                rx_buffer4
 .bss.pinEnabled
                0x20070d8c       0x4f core.a(wiring_analog.o)
 .bss._ZL14isEndpointHalt
                0x20070ddb        0x1 core.a(USBCore.o)
 .bss._cmark    0x20070ddc        0x4 core.a(USBCore.o)
                0x20070ddc                _cmark
 .bss._cend     0x20070de0        0x4 core.a(USBCore.o)
                0x20070de0                _cend
 .bss._cdcComposite
                0x20070de4        0x4 core.a(USBCore.o)
                0x20070de4                _cdcComposite
 .bss._ZL21isRemoteWakeUpEnabled
                0x20070de8        0x1 core.a(USBCore.o)
 *fill*         0x20070de9        0x3 
 .bss._usbInitialized
                0x20070dec        0x4 core.a(USBCore.o)
                0x20070dec                _usbInitialized
 .bss.USBDevice
                0x20070df0        0x1 core.a(USBCore.o)
                0x20070df0                USBDevice
 *fill*         0x20070df1        0x3 
 .bss._usbSetInterface
                0x20070df4        0x4 core.a(USBCore.o)
                0x20070df4                _usbSetInterface
 .bss._usbConfiguration
                0x20070df8        0x4 core.a(USBCore.o)
                0x20070df8                _usbConfiguration
 .bss.cdc_rx_buffer
                0x20070dfc      0x208 core.a(CDC.o)
                0x20070dfc                cdc_rx_buffer
 .bss._ZZN7Serial_6acceptEvE5guard
                0x20071004        0x4 core.a(CDC.o)
 .bss.SerialUSB
                0x20071008       0x14 core.a(CDC.o)
                0x20071008                SerialUSB
 .bss.Mouse     0x2007101c        0x1 core.a(HID.o)
                0x2007101c                Mouse
 *fill*         0x2007101d        0x3 
 .bss.Keyboard  0x20071020       0x10 core.a(HID.o)
                0x20071020                Keyboard
 .bss._dwTickCount
                0x20071030        0x4 C:/Users/Markus_User/programme/arduino-1.7.9.org-windows/arduino-1.7.9/hardware/arduino/sam/variants/arduino_due_x/libsam_sam3x8e_gcc_rel.a(timetick.o)
 .bss.gpf_isr   0x20071034        0x4 C:/Users/Markus_User/programme/arduino-1.7.9.org-windows/arduino-1.7.9/hardware/arduino/sam/variants/arduino_due_x/libsam_sam3x8e_gcc_rel.a(uotghs.o)
                0x20071034                gpf_isr
 .bss.ul_recv_fifo_ptr
                0x20071038       0x28 C:/Users/Markus_User/programme/arduino-1.7.9.org-windows/arduino-1.7.9/hardware/arduino/sam/variants/arduino_due_x/libsam_sam3x8e_gcc_rel.a(uotghs_device.o)
 .bss.ul_send_fifo_ptr
                0x20071060       0x28 C:/Users/Markus_User/programme/arduino-1.7.9.org-windows/arduino-1.7.9/hardware/arduino/sam/variants/arduino_due_x/libsam_sam3x8e_gcc_rel.a(uotghs_device.o)
 .bss.__malloc_max_total_mem
                0x20071088        0x4 c:/users/markus_user/programme/arduino-1.7.9.org-windows/arduino-1.7.9/hardware/tools/gcc-arm-none-eabi-4.8.3-2014q1/bin/../lib/gcc/arm-none-eabi/4.8.3/../../../../arm-none-eabi/lib/armv7-m\libg.a(lib_a-mallocr.o)
                0x20071088                __malloc_max_total_mem
 .bss.__malloc_max_sbrked_mem
                0x2007108c        0x4 c:/users/markus_user/programme/arduino-1.7.9.org-windows/arduino-1.7.9/hardware/tools/gcc-arm-none-eabi-4.8.3-2014q1/bin/../lib/gcc/arm-none-eabi/4.8.3/../../../../arm-none-eabi/lib/armv7-m\libg.a(lib_a-mallocr.o)
                0x2007108c                __malloc_max_sbrked_mem
 .bss.__malloc_top_pad
                0x20071090        0x4 c:/users/markus_user/programme/arduino-1.7.9.org-windows/arduino-1.7.9/hardware/tools/gcc-arm-none-eabi-4.8.3-2014q1/bin/../lib/gcc/arm-none-eabi/4.8.3/../../../../arm-none-eabi/lib/armv7-m\libg.a(lib_a-mallocr.o)
                0x20071090                __malloc_top_pad
 .bss.__malloc_current_mallinfo
                0x20071094       0x28 c:/users/markus_user/programme/arduino-1.7.9.org-windows/arduino-1.7.9/hardware/tools/gcc-arm-none-eabi-4.8.3-2014q1/bin/../lib/gcc/arm-none-eabi/4.8.3/../../../../arm-none-eabi/lib/armv7-m\libg.a(lib_a-mallocr.o)
                0x20071094                __malloc_current_mallinfo
 *(COMMON)
 COMMON         0x200710bc        0x4 c:/users/markus_user/programme/arduino-1.7.9.org-windows/arduino-1.7.9/hardware/tools/gcc-arm-none-eabi-4.8.3-2014q1/bin/../lib/gcc/arm-none-eabi/4.8.3/../../../../arm-none-eabi/lib/armv7-m\libg.a(lib_a-reent.o)
                0x200710bc                errno
                0x200710c0                . = ALIGN (0x4)
                0x200710c0                _ebss = .
                0x200710c0                _ezero = .
                0x200710c0                . = ALIGN (0x4)
                0x200710c0                _end = .

.stack_dummy    0x200710c0        0x0
 *(.stack*)
                0x20088000                __StackTop = (ORIGIN (ram) + 0x18000)
                0x20088000                __StackLimit = (__StackTop - SIZEOF (.stack_dummy))
                0x20088000                PROVIDE (_sstack, __StackLimit)
                0x20088000                PROVIDE (_estack, __StackTop)
OUTPUT(./Debug/sketch.elf elf32-littlearm)

.ARM.attributes
                0x00000000       0x29
 .ARM.attributes
                0x00000000       0x1d c:/users/markus_user/programme/arduino-1.7.9.org-windows/arduino-1.7.9/hardware/tools/gcc-arm-none-eabi-4.8.3-2014q1/bin/../lib/gcc/arm-none-eabi/4.8.3/armv7-m/crti.o
 .ARM.attributes
                0x0000001d       0x2d c:/users/markus_user/programme/arduino-1.7.9.org-windows/arduino-1.7.9/hardware/tools/gcc-arm-none-eabi-4.8.3-2014q1/bin/../lib/gcc/arm-none-eabi/4.8.3/armv7-m/crtbegin.o
 .ARM.attributes
                0x0000004a       0x33 syscalls_sam3.o
 .ARM.attributes
                0x0000007d       0x33 brake.o
 .ARM.attributes
                0x000000b0       0x33 sketch_mar12a.o
 .ARM.attributes
                0x000000e3       0x33 variant.o
 .ARM.attributes
                0x00000116       0x33 core.a(wiring.o)
 .ARM.attributes
                0x00000149       0x33 core.a(wiring_analog.o)
 .ARM.attributes
                0x0000017c       0x33 core.a(wiring_digital.o)
 .ARM.attributes
                0x000001af       0x33 core.a(main.o)
 .ARM.attributes
                0x000001e2       0x33 core.a(Print.o)
 .ARM.attributes
                0x00000215       0x33 core.a(RingBuffer.o)
 .ARM.attributes
                0x00000248       0x33 core.a(UARTClass.o)
 .ARM.attributes
                0x0000027b       0x33 core.a(USARTClass.o)
 .ARM.attributes
                0x000002ae       0x33 core.a(USBCore.o)
 .ARM.attributes
                0x000002e1       0x33 core.a(WString.o)
 .ARM.attributes
                0x00000314       0x33 core.a(hooks.o)
 .ARM.attributes
                0x00000347       0x33 core.a(CDC.o)
 .ARM.attributes
                0x0000037a       0x33 core.a(HID.o)
 .ARM.attributes
                0x000003ad       0x33 core.a(Reset.o)
 .ARM.attributes
                0x000003e0       0x31 C:/Users/Markus_User/programme/arduino-1.7.9.org-windows/arduino-1.7.9/hardware/arduino/sam/variants/arduino_due_x/libsam_sam3x8e_gcc_rel.a(pio.o)
 .ARM.attributes
                0x00000411       0x31 C:/Users/Markus_User/programme/arduino-1.7.9.org-windows/arduino-1.7.9/hardware/arduino/sam/variants/arduino_due_x/libsam_sam3x8e_gcc_rel.a(pmc.o)
 .ARM.attributes
                0x00000442       0x31 C:/Users/Markus_User/programme/arduino-1.7.9.org-windows/arduino-1.7.9/hardware/arduino/sam/variants/arduino_due_x/libsam_sam3x8e_gcc_rel.a(timetick.o)
 .ARM.attributes
                0x00000473       0x31 C:/Users/Markus_User/programme/arduino-1.7.9.org-windows/arduino-1.7.9/hardware/arduino/sam/variants/arduino_due_x/libsam_sam3x8e_gcc_rel.a(wdt.o)
 .ARM.attributes
                0x000004a4       0x31 C:/Users/Markus_User/programme/arduino-1.7.9.org-windows/arduino-1.7.9/hardware/arduino/sam/variants/arduino_due_x/libsam_sam3x8e_gcc_rel.a(system_sam3xa.o)
 .ARM.attributes
                0x000004d5       0x31 C:/Users/Markus_User/programme/arduino-1.7.9.org-windows/arduino-1.7.9/hardware/arduino/sam/variants/arduino_due_x/libsam_sam3x8e_gcc_rel.a(startup_sam3xa.o)
 .ARM.attributes
                0x00000506       0x31 C:/Users/Markus_User/programme/arduino-1.7.9.org-windows/arduino-1.7.9/hardware/arduino/sam/variants/arduino_due_x/libsam_sam3x8e_gcc_rel.a(adc.o)
 .ARM.attributes
                0x00000537       0x31 C:/Users/Markus_User/programme/arduino-1.7.9.org-windows/arduino-1.7.9/hardware/arduino/sam/variants/arduino_due_x/libsam_sam3x8e_gcc_rel.a(uotghs.o)
 .ARM.attributes
                0x00000568       0x31 C:/Users/Markus_User/programme/arduino-1.7.9.org-windows/arduino-1.7.9/hardware/arduino/sam/variants/arduino_due_x/libsam_sam3x8e_gcc_rel.a(interrupt_sam_nvic.o)
 .ARM.attributes
                0x00000599       0x31 C:/Users/Markus_User/programme/arduino-1.7.9.org-windows/arduino-1.7.9/hardware/arduino/sam/variants/arduino_due_x/libsam_sam3x8e_gcc_rel.a(uotghs_device.o)
 .ARM.attributes
                0x000005ca       0x33 core.a(cortex_handlers.o)
 .ARM.attributes
                0x000005fd       0x1d c:/users/markus_user/programme/arduino-1.7.9.org-windows/arduino-1.7.9/hardware/tools/gcc-arm-none-eabi-4.8.3-2014q1/bin/../lib/gcc/arm-none-eabi/4.8.3/armv7-m\libgcc.a(_arm_addsubdf3.o)
 .ARM.attributes
                0x0000061a       0x1d c:/users/markus_user/programme/arduino-1.7.9.org-windows/arduino-1.7.9/hardware/tools/gcc-arm-none-eabi-4.8.3-2014q1/bin/../lib/gcc/arm-none-eabi/4.8.3/armv7-m\libgcc.a(_arm_muldivdf3.o)
 .ARM.attributes
                0x00000637       0x1d c:/users/markus_user/programme/arduino-1.7.9.org-windows/arduino-1.7.9/hardware/tools/gcc-arm-none-eabi-4.8.3-2014q1/bin/../lib/gcc/arm-none-eabi/4.8.3/armv7-m\libgcc.a(_arm_cmpdf2.o)
 .ARM.attributes
                0x00000654       0x1d c:/users/markus_user/programme/arduino-1.7.9.org-windows/arduino-1.7.9/hardware/tools/gcc-arm-none-eabi-4.8.3-2014q1/bin/../lib/gcc/arm-none-eabi/4.8.3/armv7-m\libgcc.a(_arm_fixdfsi.o)
 .ARM.attributes
                0x00000671       0x1d c:/users/markus_user/programme/arduino-1.7.9.org-windows/arduino-1.7.9/hardware/tools/gcc-arm-none-eabi-4.8.3-2014q1/bin/../lib/gcc/arm-none-eabi/4.8.3/armv7-m\libgcc.a(_arm_fixunsdfsi.o)
 .ARM.attributes
                0x0000068e       0x1d c:/users/markus_user/programme/arduino-1.7.9.org-windows/arduino-1.7.9/hardware/tools/gcc-arm-none-eabi-4.8.3-2014q1/bin/../lib/gcc/arm-none-eabi/4.8.3/armv7-m\libgcc.a(_arm_truncdfsf2.o)
 .ARM.attributes
                0x000006ab       0x1d c:/users/markus_user/programme/arduino-1.7.9.org-windows/arduino-1.7.9/hardware/tools/gcc-arm-none-eabi-4.8.3-2014q1/bin/../lib/gcc/arm-none-eabi/4.8.3/armv7-m\libgcc.a(_arm_cmpsf2.o)
 .ARM.attributes
                0x000006c8       0x2d c:/users/markus_user/programme/arduino-1.7.9.org-windows/arduino-1.7.9/hardware/tools/gcc-arm-none-eabi-4.8.3-2014q1/bin/../lib/gcc/arm-none-eabi/4.8.3/../../../../arm-none-eabi/lib/armv7-m\libg.a(lib_a-impure.o)
 .ARM.attributes
                0x000006f5       0x2d c:/users/markus_user/programme/arduino-1.7.9.org-windows/arduino-1.7.9/hardware/tools/gcc-arm-none-eabi-4.8.3-2014q1/bin/../lib/gcc/arm-none-eabi/4.8.3/../../../../arm-none-eabi/lib/armv7-m\libg.a(lib_a-init.o)
 .ARM.attributes
                0x00000722       0x2d c:/users/markus_user/programme/arduino-1.7.9.org-windows/arduino-1.7.9/hardware/tools/gcc-arm-none-eabi-4.8.3-2014q1/bin/../lib/gcc/arm-none-eabi/4.8.3/../../../../arm-none-eabi/lib/armv7-m\libg.a(lib_a-malloc.o)
 .ARM.attributes
                0x0000074f       0x2d c:/users/markus_user/programme/arduino-1.7.9.org-windows/arduino-1.7.9/hardware/tools/gcc-arm-none-eabi-4.8.3-2014q1/bin/../lib/gcc/arm-none-eabi/4.8.3/../../../../arm-none-eabi/lib/armv7-m\libg.a(lib_a-mallocr.o)
 .ARM.attributes
                0x0000077c       0x2d c:/users/markus_user/programme/arduino-1.7.9.org-windows/arduino-1.7.9/hardware/tools/gcc-arm-none-eabi-4.8.3-2014q1/bin/../lib/gcc/arm-none-eabi/4.8.3/../../../../arm-none-eabi/lib/armv7-m\libg.a(lib_a-memmove.o)
 .ARM.attributes
                0x000007a9       0x2d c:/users/markus_user/programme/arduino-1.7.9.org-windows/arduino-1.7.9/hardware/tools/gcc-arm-none-eabi-4.8.3-2014q1/bin/../lib/gcc/arm-none-eabi/4.8.3/../../../../arm-none-eabi/lib/armv7-m\libg.a(lib_a-memset.o)
 .ARM.attributes
                0x000007d6       0x2d c:/users/markus_user/programme/arduino-1.7.9.org-windows/arduino-1.7.9/hardware/tools/gcc-arm-none-eabi-4.8.3-2014q1/bin/../lib/gcc/arm-none-eabi/4.8.3/../../../../arm-none-eabi/lib/armv7-m\libg.a(lib_a-mlock.o)
 .ARM.attributes
                0x00000803       0x2d c:/users/markus_user/programme/arduino-1.7.9.org-windows/arduino-1.7.9/hardware/tools/gcc-arm-none-eabi-4.8.3-2014q1/bin/../lib/gcc/arm-none-eabi/4.8.3/../../../../arm-none-eabi/lib/armv7-m\libg.a(lib_a-realloc.o)
 .ARM.attributes
                0x00000830       0x2d c:/users/markus_user/programme/arduino-1.7.9.org-windows/arduino-1.7.9/hardware/tools/gcc-arm-none-eabi-4.8.3-2014q1/bin/../lib/gcc/arm-none-eabi/4.8.3/../../../../arm-none-eabi/lib/armv7-m\libg.a(lib_a-reallocr.o)
 .ARM.attributes
                0x0000085d       0x2d c:/users/markus_user/programme/arduino-1.7.9.org-windows/arduino-1.7.9/hardware/tools/gcc-arm-none-eabi-4.8.3-2014q1/bin/../lib/gcc/arm-none-eabi/4.8.3/../../../../arm-none-eabi/lib/armv7-m\libg.a(lib_a-s_fpclassify.o)
 .ARM.attributes
                0x0000088a       0x2d c:/users/markus_user/programme/arduino-1.7.9.org-windows/arduino-1.7.9/hardware/tools/gcc-arm-none-eabi-4.8.3-2014q1/bin/../lib/gcc/arm-none-eabi/4.8.3/../../../../arm-none-eabi/lib/armv7-m\libg.a(lib_a-sbrkr.o)
 .ARM.attributes
                0x000008b7       0x2d c:/users/markus_user/programme/arduino-1.7.9.org-windows/arduino-1.7.9/hardware/tools/gcc-arm-none-eabi-4.8.3-2014q1/bin/../lib/gcc/arm-none-eabi/4.8.3/../../../../arm-none-eabi/lib/armv7-m\libg.a(lib_a-strcpy.o)
 .ARM.attributes
                0x000008e4       0x2d c:/users/markus_user/programme/arduino-1.7.9.org-windows/arduino-1.7.9/hardware/tools/gcc-arm-none-eabi-4.8.3-2014q1/bin/../lib/gcc/arm-none-eabi/4.8.3/../../../../arm-none-eabi/lib/armv7-m\libg.a(lib_a-strlen.o)
 .ARM.attributes
                0x00000911       0x2d c:/users/markus_user/programme/arduino-1.7.9.org-windows/arduino-1.7.9/hardware/tools/gcc-arm-none-eabi-4.8.3-2014q1/bin/../lib/gcc/arm-none-eabi/4.8.3/../../../../arm-none-eabi/lib/armv7-m\libg.a(lib_a-__call_atexit.o)
 .ARM.attributes
                0x0000093e       0x2d c:/users/markus_user/programme/arduino-1.7.9.org-windows/arduino-1.7.9/hardware/tools/gcc-arm-none-eabi-4.8.3-2014q1/bin/../lib/gcc/arm-none-eabi/4.8.3/../../../../arm-none-eabi/lib/armv7-m\libg.a(lib_a-atexit.o)
 .ARM.attributes
                0x0000096b       0x2d c:/users/markus_user/programme/arduino-1.7.9.org-windows/arduino-1.7.9/hardware/tools/gcc-arm-none-eabi-4.8.3-2014q1/bin/../lib/gcc/arm-none-eabi/4.8.3/../../../../arm-none-eabi/lib/armv7-m\libg.a(lib_a-fini.o)
 .ARM.attributes
                0x00000998       0x2d c:/users/markus_user/programme/arduino-1.7.9.org-windows/arduino-1.7.9/hardware/tools/gcc-arm-none-eabi-4.8.3-2014q1/bin/../lib/gcc/arm-none-eabi/4.8.3/../../../../arm-none-eabi/lib/armv7-m\libg.a(lib_a-freer.o)
 .ARM.attributes
                0x000009c5       0x2d c:/users/markus_user/programme/arduino-1.7.9.org-windows/arduino-1.7.9/hardware/tools/gcc-arm-none-eabi-4.8.3-2014q1/bin/../lib/gcc/arm-none-eabi/4.8.3/../../../../arm-none-eabi/lib/armv7-m\libg.a(lib_a-reent.o)
 .ARM.attributes
                0x000009f2       0x2d c:/users/markus_user/programme/arduino-1.7.9.org-windows/arduino-1.7.9/hardware/tools/gcc-arm-none-eabi-4.8.3-2014q1/bin/../lib/gcc/arm-none-eabi/4.8.3/../../../../arm-none-eabi/lib/armv7-m\libg.a(lib_a-__atexit.o)
 .ARM.attributes
                0x00000a1f       0x1d c:/users/markus_user/programme/arduino-1.7.9.org-windows/arduino-1.7.9/hardware/tools/gcc-arm-none-eabi-4.8.3-2014q1/bin/../lib/gcc/arm-none-eabi/4.8.3/armv7-m/crtn.o

.comment        0x00000000       0x9a
 .comment       0x00000000       0x70 syscalls_sam3.o
                                 0x71 (size before relaxing)
 .comment       0x00000000       0x71 brake.o
 .comment       0x00000000       0x71 sketch_mar12a.o
 .comment       0x00000000       0x71 variant.o
 .comment       0x00000000       0x71 core.a(wiring.o)
 .comment       0x00000000       0x71 core.a(wiring_analog.o)
 .comment       0x00000000       0x71 core.a(wiring_digital.o)
 .comment       0x00000000       0x71 core.a(main.o)
 .comment       0x00000000       0x71 core.a(Print.o)
 .comment       0x00000000       0x71 core.a(RingBuffer.o)
 .comment       0x00000000       0x71 core.a(UARTClass.o)
 .comment       0x00000000       0x71 core.a(USARTClass.o)
 .comment       0x00000000       0x71 core.a(USBCore.o)
 .comment       0x00000000       0x71 core.a(WString.o)
 .comment       0x00000000       0x71 core.a(hooks.o)
 .comment       0x00000000       0x71 core.a(CDC.o)
 .comment       0x00000000       0x71 core.a(HID.o)
 .comment       0x00000000       0x71 core.a(Reset.o)
 .comment       0x00000070       0x2a C:/Users/Markus_User/programme/arduino-1.7.9.org-windows/arduino-1.7.9/hardware/arduino/sam/variants/arduino_due_x/libsam_sam3x8e_gcc_rel.a(pio.o)
                                 0x2b (size before relaxing)
 .comment       0x00000000       0x2b C:/Users/Markus_User/programme/arduino-1.7.9.org-windows/arduino-1.7.9/hardware/arduino/sam/variants/arduino_due_x/libsam_sam3x8e_gcc_rel.a(pmc.o)
 .comment       0x00000000       0x2b C:/Users/Markus_User/programme/arduino-1.7.9.org-windows/arduino-1.7.9/hardware/arduino/sam/variants/arduino_due_x/libsam_sam3x8e_gcc_rel.a(timetick.o)
 .comment       0x00000000       0x2b C:/Users/Markus_User/programme/arduino-1.7.9.org-windows/arduino-1.7.9/hardware/arduino/sam/variants/arduino_due_x/libsam_sam3x8e_gcc_rel.a(wdt.o)
 .comment       0x00000000       0x2b C:/Users/Markus_User/programme/arduino-1.7.9.org-windows/arduino-1.7.9/hardware/arduino/sam/variants/arduino_due_x/libsam_sam3x8e_gcc_rel.a(system_sam3xa.o)
 .comment       0x00000000       0x2b C:/Users/Markus_User/programme/arduino-1.7.9.org-windows/arduino-1.7.9/hardware/arduino/sam/variants/arduino_due_x/libsam_sam3x8e_gcc_rel.a(startup_sam3xa.o)
 .comment       0x00000000       0x2b C:/Users/Markus_User/programme/arduino-1.7.9.org-windows/arduino-1.7.9/hardware/arduino/sam/variants/arduino_due_x/libsam_sam3x8e_gcc_rel.a(adc.o)
 .comment       0x00000000       0x2b C:/Users/Markus_User/programme/arduino-1.7.9.org-windows/arduino-1.7.9/hardware/arduino/sam/variants/arduino_due_x/libsam_sam3x8e_gcc_rel.a(uotghs.o)
 .comment       0x00000000       0x2b C:/Users/Markus_User/programme/arduino-1.7.9.org-windows/arduino-1.7.9/hardware/arduino/sam/variants/arduino_due_x/libsam_sam3x8e_gcc_rel.a(interrupt_sam_nvic.o)
 .comment       0x00000000       0x2b C:/Users/Markus_User/programme/arduino-1.7.9.org-windows/arduino-1.7.9/hardware/arduino/sam/variants/arduino_due_x/libsam_sam3x8e_gcc_rel.a(uotghs_device.o)
 .comment       0x00000000       0x71 core.a(cortex_handlers.o)

.debug_info     0x00000000    0x15381
 .debug_info    0x00000000      0x624 syscalls_sam3.o
 .debug_info    0x00000624      0x3df brake.o
 .debug_info    0x00000a03     0x18e9 sketch_mar12a.o
 .debug_info    0x000022ec     0x1a37 variant.o
 .debug_info    0x00003d23      0x4ff core.a(wiring.o)
 .debug_info    0x00004222     0x1d1e core.a(wiring_analog.o)
 .debug_info    0x00005f40      0xa30 core.a(wiring_digital.o)
 .debug_info    0x00006970      0x367 core.a(main.o)
 .debug_info    0x00006cd7     0x24b4 core.a(Print.o)
 .debug_info    0x0000918b      0x1ea core.a(RingBuffer.o)
 .debug_info    0x00009375     0x2120 core.a(UARTClass.o)
 .debug_info    0x0000b495      0xb94 core.a(USARTClass.o)
 .debug_info    0x0000c029     0x1cfb core.a(USBCore.o)
 .debug_info    0x0000dd24     0x36a6 core.a(WString.o)
 .debug_info    0x000113ca       0x60 core.a(hooks.o)
 .debug_info    0x0001142a     0x287d core.a(CDC.o)
 .debug_info    0x00013ca7     0x10a5 core.a(HID.o)
 .debug_info    0x00014d4c      0x38b core.a(Reset.o)
 .debug_info    0x000150d7      0x2aa core.a(cortex_handlers.o)

.debug_abbrev   0x00000000     0x3802
 .debug_abbrev  0x00000000      0x19c syscalls_sam3.o
 .debug_abbrev  0x0000019c      0x19e brake.o
 .debug_abbrev  0x0000033a      0x3b1 sketch_mar12a.o
 .debug_abbrev  0x000006eb      0x3f5 variant.o
 .debug_abbrev  0x00000ae0      0x160 core.a(wiring.o)
 .debug_abbrev  0x00000c40      0x2f2 core.a(wiring_analog.o)
 .debug_abbrev  0x00000f32      0x1d5 core.a(wiring_digital.o)
 .debug_abbrev  0x00001107      0x177 core.a(main.o)
 .debug_abbrev  0x0000127e      0x43a core.a(Print.o)
 .debug_abbrev  0x000016b8      0x16e core.a(RingBuffer.o)
 .debug_abbrev  0x00001826      0x502 core.a(UARTClass.o)
 .debug_abbrev  0x00001d28      0x2db core.a(USARTClass.o)
 .debug_abbrev  0x00002003      0x615 core.a(USBCore.o)
 .debug_abbrev  0x00002618      0x41d core.a(WString.o)
 .debug_abbrev  0x00002a35       0x47 core.a(hooks.o)
 .debug_abbrev  0x00002a7c      0x619 core.a(CDC.o)
 .debug_abbrev  0x00003095      0x53a core.a(HID.o)
 .debug_abbrev  0x000035cf      0x12d core.a(Reset.o)
 .debug_abbrev  0x000036fc      0x106 core.a(cortex_handlers.o)

.debug_loc      0x00000000     0x5c0f
 .debug_loc     0x00000000      0x176 syscalls_sam3.o
 .debug_loc     0x00000176      0x2e8 sketch_mar12a.o
 .debug_loc     0x0000045e       0x8a variant.o
 .debug_loc     0x000004e8       0xfc core.a(wiring.o)
 .debug_loc     0x000005e4      0x799 core.a(wiring_analog.o)
 .debug_loc     0x00000d7d      0x138 core.a(wiring_digital.o)
 .debug_loc     0x00000eb5     0x11e3 core.a(Print.o)
 .debug_loc     0x00002098       0x1e core.a(RingBuffer.o)
 .debug_loc     0x000020b6      0x42b core.a(UARTClass.o)
 .debug_loc     0x000024e1      0x230 core.a(USARTClass.o)
 .debug_loc     0x00002711      0xa9b core.a(USBCore.o)
 .debug_loc     0x000031ac     0x1edf core.a(WString.o)
 .debug_loc     0x0000508b      0x4ca core.a(CDC.o)
 .debug_loc     0x00005555      0x6ba core.a(HID.o)

.debug_aranges  0x00000000      0x990
 .debug_aranges
                0x00000000       0x70 syscalls_sam3.o
 .debug_aranges
                0x00000070       0x38 brake.o
 .debug_aranges
                0x000000a8       0x80 sketch_mar12a.o
 .debug_aranges
                0x00000128       0x70 variant.o
 .debug_aranges
                0x00000198       0x30 core.a(wiring.o)
 .debug_aranges
                0x000001c8       0x50 core.a(wiring_analog.o)
 .debug_aranges
                0x00000218       0x30 core.a(wiring_digital.o)
 .debug_aranges
                0x00000248       0x28 core.a(main.o)
 .debug_aranges
                0x00000270       0xf0 core.a(Print.o)
 .debug_aranges
                0x00000360       0x28 core.a(RingBuffer.o)
 .debug_aranges
                0x00000388       0x90 core.a(UARTClass.o)
 .debug_aranges
                0x00000418       0x40 core.a(USARTClass.o)
 .debug_aranges
                0x00000458       0xc0 core.a(USBCore.o)
 .debug_aranges
                0x00000518      0x280 core.a(WString.o)
 .debug_aranges
                0x00000798       0x30 core.a(hooks.o)
 .debug_aranges
                0x000007c8       0x90 core.a(CDC.o)
 .debug_aranges
                0x00000858       0xc8 core.a(HID.o)
 .debug_aranges
                0x00000920       0x38 core.a(Reset.o)
 .debug_aranges
                0x00000958       0x38 core.a(cortex_handlers.o)

.debug_ranges   0x00000000      0xf38
 .debug_ranges  0x00000000       0x60 syscalls_sam3.o
 .debug_ranges  0x00000060       0x28 brake.o
 .debug_ranges  0x00000088       0xa8 sketch_mar12a.o
 .debug_ranges  0x00000130       0x98 variant.o
 .debug_ranges  0x000001c8       0x20 core.a(wiring.o)
 .debug_ranges  0x000001e8       0x88 core.a(wiring_analog.o)
 .debug_ranges  0x00000270       0x20 core.a(wiring_digital.o)
 .debug_ranges  0x00000290       0x18 core.a(main.o)
 .debug_ranges  0x000002a8      0x1c0 core.a(Print.o)
 .debug_ranges  0x00000468       0x18 core.a(RingBuffer.o)
 .debug_ranges  0x00000480       0xb0 core.a(UARTClass.o)
 .debug_ranges  0x00000530       0x30 core.a(USARTClass.o)
 .debug_ranges  0x00000560      0x228 core.a(USBCore.o)
 .debug_ranges  0x00000788      0x5a0 core.a(WString.o)
 .debug_ranges  0x00000d28       0x20 core.a(hooks.o)
 .debug_ranges  0x00000d48       0x98 core.a(CDC.o)
 .debug_ranges  0x00000de0      0x108 core.a(HID.o)
 .debug_ranges  0x00000ee8       0x28 core.a(Reset.o)
 .debug_ranges  0x00000f10       0x28 core.a(cortex_handlers.o)

.debug_line     0x00000000     0x6e81
 .debug_line    0x00000000      0x51c syscalls_sam3.o
 .debug_line    0x0000051c      0x538 brake.o
 .debug_line    0x00000a54      0x78f sketch_mar12a.o
 .debug_line    0x000011e3      0x6d7 variant.o
 .debug_line    0x000018ba      0x3c8 core.a(wiring.o)
 .debug_line    0x00001c82      0x682 core.a(wiring_analog.o)
 .debug_line    0x00002304      0x511 core.a(wiring_digital.o)
 .debug_line    0x00002815      0x433 core.a(main.o)
 .debug_line    0x00002c48      0x794 core.a(Print.o)
 .debug_line    0x000033dc      0x214 core.a(RingBuffer.o)
 .debug_line    0x000035f0      0x6ec core.a(UARTClass.o)
 .debug_line    0x00003cdc      0x583 core.a(USARTClass.o)
 .debug_line    0x0000425f      0x8e8 core.a(USBCore.o)
 .debug_line    0x00004b47      0xadd core.a(WString.o)
 .debug_line    0x00005624       0xc0 core.a(hooks.o)
 .debug_line    0x000056e4      0x7dc core.a(CDC.o)
 .debug_line    0x00005ec0      0x6e6 core.a(HID.o)
 .debug_line    0x000065a6      0x517 core.a(Reset.o)
 .debug_line    0x00006abd      0x3c4 core.a(cortex_handlers.o)

.debug_str      0x00000000     0x5254
 .debug_str     0x00000000      0x43e syscalls_sam3.o
                                0x4c2 (size before relaxing)
 .debug_str     0x0000043e      0x234 brake.o
                                0x35b (size before relaxing)
 .debug_str     0x00000672      0xcff sketch_mar12a.o
                               0x109d (size before relaxing)
 .debug_str     0x00001371      0xdb5 variant.o
                               0x11c2 (size before relaxing)
 .debug_str     0x00002126       0xad core.a(wiring.o)
                                0x35d (size before relaxing)
 .debug_str     0x000021d3      0x7dc core.a(wiring_analog.o)
                               0x1038 (size before relaxing)
 .debug_str     0x000029af       0xdd core.a(wiring_digital.o)
                                0x7fc (size before relaxing)
 .debug_str     0x00002a8c      0x110 core.a(main.o)
                                0x3ad (size before relaxing)
 .debug_str     0x00002b9c      0x3a0 core.a(Print.o)
                                0xf27 (size before relaxing)
 .debug_str     0x00002f3c       0x94 core.a(RingBuffer.o)
                                0x282 (size before relaxing)
 .debug_str     0x00002fd0      0x605 core.a(UARTClass.o)
                               0x15fa (size before relaxing)
 .debug_str     0x000035d5      0x265 core.a(USARTClass.o)
                                0x9d8 (size before relaxing)
 .debug_str     0x0000383a      0xbee core.a(USBCore.o)
                               0x1057 (size before relaxing)
 .debug_str     0x00004428      0x3ce core.a(WString.o)
                                0xe68 (size before relaxing)
 .debug_str     0x000047f6       0x89 core.a(hooks.o)
                                0x139 (size before relaxing)
 .debug_str     0x0000487f      0x3e1 core.a(CDC.o)
                               0x1a31 (size before relaxing)
 .debug_str     0x00004c60      0x345 core.a(HID.o)
                                0x87d (size before relaxing)
 .debug_str     0x00004fa5       0xf4 core.a(Reset.o)
                                0x38f (size before relaxing)
 .debug_str     0x00005099      0x1bb core.a(cortex_handlers.o)
                                0x325 (size before relaxing)

.debug_frame    0x00000000     0x1ab8
 .debug_frame   0x00000000       0xd0 syscalls_sam3.o
 .debug_frame   0x000000d0       0x68 brake.o
 .debug_frame   0x00000138      0x144 sketch_mar12a.o
 .debug_frame   0x0000027c       0xf0 variant.o
 .debug_frame   0x0000036c       0x5c core.a(wiring.o)
 .debug_frame   0x000003c8       0xa4 core.a(wiring_analog.o)
 .debug_frame   0x0000046c       0x64 core.a(wiring_digital.o)
 .debug_frame   0x000004d0       0x38 core.a(main.o)
 .debug_frame   0x00000508      0x2d0 core.a(Print.o)
 .debug_frame   0x000007d8       0x38 core.a(RingBuffer.o)
 .debug_frame   0x00000810      0x138 core.a(UARTClass.o)
 .debug_frame   0x00000948       0x70 core.a(USARTClass.o)
 .debug_frame   0x000009b8      0x220 core.a(USBCore.o)
 .debug_frame   0x00000bd8      0x79c core.a(WString.o)
 .debug_frame   0x00001374       0x40 core.a(hooks.o)
 .debug_frame   0x000013b4      0x140 core.a(CDC.o)
 .debug_frame   0x000014f4      0x1b0 core.a(HID.o)
 .debug_frame   0x000016a4       0x58 core.a(Reset.o)
 .debug_frame   0x000016fc       0x58 core.a(cortex_handlers.o)
 .debug_frame   0x00001754       0x2c c:/users/markus_user/programme/arduino-1.7.9.org-windows/arduino-1.7.9/hardware/tools/gcc-arm-none-eabi-4.8.3-2014q1/bin/../lib/gcc/arm-none-eabi/4.8.3/../../../../arm-none-eabi/lib/armv7-m\libg.a(lib_a-init.o)
 .debug_frame   0x00001780       0x30 c:/users/markus_user/programme/arduino-1.7.9.org-windows/arduino-1.7.9/hardware/tools/gcc-arm-none-eabi-4.8.3-2014q1/bin/../lib/gcc/arm-none-eabi/4.8.3/../../../../arm-none-eabi/lib/armv7-m\libg.a(lib_a-malloc.o)
 .debug_frame   0x000017b0       0x38 c:/users/markus_user/programme/arduino-1.7.9.org-windows/arduino-1.7.9/hardware/tools/gcc-arm-none-eabi-4.8.3-2014q1/bin/../lib/gcc/arm-none-eabi/4.8.3/../../../../arm-none-eabi/lib/armv7-m\libg.a(lib_a-mallocr.o)
 .debug_frame   0x000017e8       0x2c c:/users/markus_user/programme/arduino-1.7.9.org-windows/arduino-1.7.9/hardware/tools/gcc-arm-none-eabi-4.8.3-2014q1/bin/../lib/gcc/arm-none-eabi/4.8.3/../../../../arm-none-eabi/lib/armv7-m\libg.a(lib_a-memmove.o)
 .debug_frame   0x00001814       0x2c c:/users/markus_user/programme/arduino-1.7.9.org-windows/arduino-1.7.9/hardware/tools/gcc-arm-none-eabi-4.8.3-2014q1/bin/../lib/gcc/arm-none-eabi/4.8.3/../../../../arm-none-eabi/lib/armv7-m\libg.a(lib_a-memset.o)
 .debug_frame   0x00001840       0x30 c:/users/markus_user/programme/arduino-1.7.9.org-windows/arduino-1.7.9/hardware/tools/gcc-arm-none-eabi-4.8.3-2014q1/bin/../lib/gcc/arm-none-eabi/4.8.3/../../../../arm-none-eabi/lib/armv7-m\libg.a(lib_a-mlock.o)
 .debug_frame   0x00001870       0x20 c:/users/markus_user/programme/arduino-1.7.9.org-windows/arduino-1.7.9/hardware/tools/gcc-arm-none-eabi-4.8.3-2014q1/bin/../lib/gcc/arm-none-eabi/4.8.3/../../../../arm-none-eabi/lib/armv7-m\libg.a(lib_a-realloc.o)
 .debug_frame   0x00001890       0x38 c:/users/markus_user/programme/arduino-1.7.9.org-windows/arduino-1.7.9/hardware/tools/gcc-arm-none-eabi-4.8.3-2014q1/bin/../lib/gcc/arm-none-eabi/4.8.3/../../../../arm-none-eabi/lib/armv7-m\libg.a(lib_a-reallocr.o)
 .debug_frame   0x000018c8       0x28 c:/users/markus_user/programme/arduino-1.7.9.org-windows/arduino-1.7.9/hardware/tools/gcc-arm-none-eabi-4.8.3-2014q1/bin/../lib/gcc/arm-none-eabi/4.8.3/../../../../arm-none-eabi/lib/armv7-m\libg.a(lib_a-s_fpclassify.o)
 .debug_frame   0x000018f0       0x2c c:/users/markus_user/programme/arduino-1.7.9.org-windows/arduino-1.7.9/hardware/tools/gcc-arm-none-eabi-4.8.3-2014q1/bin/../lib/gcc/arm-none-eabi/4.8.3/../../../../arm-none-eabi/lib/armv7-m\libg.a(lib_a-sbrkr.o)
 .debug_frame   0x0000191c       0x20 c:/users/markus_user/programme/arduino-1.7.9.org-windows/arduino-1.7.9/hardware/tools/gcc-arm-none-eabi-4.8.3-2014q1/bin/../lib/gcc/arm-none-eabi/4.8.3/../../../../arm-none-eabi/lib/armv7-m\libg.a(lib_a-strcpy.o)
 .debug_frame   0x0000193c       0x20 c:/users/markus_user/programme/arduino-1.7.9.org-windows/arduino-1.7.9/hardware/tools/gcc-arm-none-eabi-4.8.3-2014q1/bin/../lib/gcc/arm-none-eabi/4.8.3/../../../../arm-none-eabi/lib/armv7-m\libg.a(lib_a-strlen.o)
 .debug_frame   0x0000195c       0x48 c:/users/markus_user/programme/arduino-1.7.9.org-windows/arduino-1.7.9/hardware/tools/gcc-arm-none-eabi-4.8.3-2014q1/bin/../lib/gcc/arm-none-eabi/4.8.3/../../../../arm-none-eabi/lib/armv7-m\libg.a(lib_a-__call_atexit.o)
 .debug_frame   0x000019a4       0x20 c:/users/markus_user/programme/arduino-1.7.9.org-windows/arduino-1.7.9/hardware/tools/gcc-arm-none-eabi-4.8.3-2014q1/bin/../lib/gcc/arm-none-eabi/4.8.3/../../../../arm-none-eabi/lib/armv7-m\libg.a(lib_a-atexit.o)
 .debug_frame   0x000019c4       0x2c c:/users/markus_user/programme/arduino-1.7.9.org-windows/arduino-1.7.9/hardware/tools/gcc-arm-none-eabi-4.8.3-2014q1/bin/../lib/gcc/arm-none-eabi/4.8.3/../../../../arm-none-eabi/lib/armv7-m\libg.a(lib_a-fini.o)
 .debug_frame   0x000019f0       0x50 c:/users/markus_user/programme/arduino-1.7.9.org-windows/arduino-1.7.9/hardware/tools/gcc-arm-none-eabi-4.8.3-2014q1/bin/../lib/gcc/arm-none-eabi/4.8.3/../../../../arm-none-eabi/lib/armv7-m\libg.a(lib_a-freer.o)
 .debug_frame   0x00001a40       0x48 c:/users/markus_user/programme/arduino-1.7.9.org-windows/arduino-1.7.9/hardware/tools/gcc-arm-none-eabi-4.8.3-2014q1/bin/../lib/gcc/arm-none-eabi/4.8.3/../../../../arm-none-eabi/lib/armv7-m\libg.a(lib_a-reent.o)
 .debug_frame   0x00001a88       0x30 c:/users/markus_user/programme/arduino-1.7.9.org-windows/arduino-1.7.9/hardware/tools/gcc-arm-none-eabi-4.8.3-2014q1/bin/../lib/gcc/arm-none-eabi/4.8.3/../../../../arm-none-eabi/lib/armv7-m\libg.a(lib_a-__atexit.o)

Cross Reference Table

Symbol                                            File
ADC_Handler                                       core.a(cortex_handlers.o)
                                                  C:/Users/Markus_User/programme/arduino-1.7.9.org-windows/arduino-1.7.9/hardware/arduino/sam/variants/arduino_due_x/libsam_sam3x8e_gcc_rel.a(startup_sam3xa.o)
BusFault_Handler                                  core.a(cortex_handlers.o)
                                                  C:/Users/Markus_User/programme/arduino-1.7.9.org-windows/arduino-1.7.9/hardware/arduino/sam/variants/arduino_due_x/libsam_sam3x8e_gcc_rel.a(startup_sam3xa.o)
CAN0_Handler                                      core.a(cortex_handlers.o)